stm32f4xx_it.c:94:6:NMI_Handler	0	static
stm32f4xx_it.c:107:6:HardFault_Handler	0	static
stm32f4xx_it.c:122:6:MemManage_Handler	0	static
stm32f4xx_it.c:137:6:BusFault_Handler	0	static
stm32f4xx_it.c:152:6:UsageFault_Handler	0	static
stm32f4xx_it.c:163:6:SysTick_Handler	8	static
stm32f4xx_it.c:177:6:DebugMon_Handler	0	static
stm32f4xx_it.c:197:6:ADC_IRQHandler	24	static
stm32f4xx_it.c:218:6:USART2_IRQHandler	0	static
stm32f4xx_it.c:232:6:TIM6_DAC_IRQHandler	0	static
stm32f4xx_it.c:243:6:TIM4_IRQHandler	0	static
