Archive member included to satisfy reference by file (symbol)

c:/program files (x86)/atollic/truestudio for stm32 9.2.0/armtools/bin/../lib/gcc/arm-atollic-eabi/6.3.1/../../../../arm-atollic-eabi/lib/armv7e-m/fpu\libc_nano.a(lib_a-init.o)
                              startup\startup_stm32f446xx.o (__libc_init_array)
c:/program files (x86)/atollic/truestudio for stm32 9.2.0/armtools/bin/../lib/gcc/arm-atollic-eabi/6.3.1/../../../../arm-atollic-eabi/lib/armv7e-m/fpu\libc_nano.a(lib_a-memcpy-stub.o)
                              Middlewares\Third_Party\FreeRTOS\Source\queue.o (memcpy)
c:/program files (x86)/atollic/truestudio for stm32 9.2.0/armtools/bin/../lib/gcc/arm-atollic-eabi/6.3.1/../../../../arm-atollic-eabi/lib/armv7e-m/fpu\libc_nano.a(lib_a-memset.o)
                              Middlewares\Third_Party\FreeRTOS\Source\tasks.o (memset)
c:/program files (x86)/atollic/truestudio for stm32 9.2.0/armtools/bin/../lib/gcc/arm-atollic-eabi/6.3.1/../../../../arm-atollic-eabi/lib/armv7e-m/fpu\libc_nano.a(lib_a-sprintf.o)
                              Middlewares\Third_Party\FreeRTOS\Source\tasks.o (sprintf)
c:/program files (x86)/atollic/truestudio for stm32 9.2.0/armtools/bin/../lib/gcc/arm-atollic-eabi/6.3.1/../../../../arm-atollic-eabi/lib/armv7e-m/fpu\libc_nano.a(lib_a-strcpy.o)
                              Middlewares\Third_Party\FreeRTOS\Source\tasks.o (strcpy)
c:/program files (x86)/atollic/truestudio for stm32 9.2.0/armtools/bin/../lib/gcc/arm-atollic-eabi/6.3.1/../../../../arm-atollic-eabi/lib/armv7e-m/fpu\libc_nano.a(lib_a-strlen.o)
                              Middlewares\Third_Party\FreeRTOS\Source\tasks.o (strlen)
c:/program files (x86)/atollic/truestudio for stm32 9.2.0/armtools/bin/../lib/gcc/arm-atollic-eabi/6.3.1/../../../../arm-atollic-eabi/lib/armv7e-m/fpu\libc_nano.a(lib_a-impure.o)
                              c:/program files (x86)/atollic/truestudio for stm32 9.2.0/armtools/bin/../lib/gcc/arm-atollic-eabi/6.3.1/../../../../arm-atollic-eabi/lib/armv7e-m/fpu\libc_nano.a(lib_a-sprintf.o) (_impure_ptr)
c:/program files (x86)/atollic/truestudio for stm32 9.2.0/armtools/bin/../lib/gcc/arm-atollic-eabi/6.3.1/../../../../arm-atollic-eabi/lib/armv7e-m/fpu\libc_nano.a(lib_a-nano-svfprintf.o)
                              c:/program files (x86)/atollic/truestudio for stm32 9.2.0/armtools/bin/../lib/gcc/arm-atollic-eabi/6.3.1/../../../../arm-atollic-eabi/lib/armv7e-m/fpu\libc_nano.a(lib_a-sprintf.o) (_svfprintf_r)
c:/program files (x86)/atollic/truestudio for stm32 9.2.0/armtools/bin/../lib/gcc/arm-atollic-eabi/6.3.1/../../../../arm-atollic-eabi/lib/armv7e-m/fpu\libc_nano.a(lib_a-nano-vfprintf_i.o)
                              c:/program files (x86)/atollic/truestudio for stm32 9.2.0/armtools/bin/../lib/gcc/arm-atollic-eabi/6.3.1/../../../../arm-atollic-eabi/lib/armv7e-m/fpu\libc_nano.a(lib_a-nano-svfprintf.o) (_printf_i)
c:/program files (x86)/atollic/truestudio for stm32 9.2.0/armtools/bin/../lib/gcc/arm-atollic-eabi/6.3.1/../../../../arm-atollic-eabi/lib/armv7e-m/fpu\libc_nano.a(lib_a-memchr.o)
                              c:/program files (x86)/atollic/truestudio for stm32 9.2.0/armtools/bin/../lib/gcc/arm-atollic-eabi/6.3.1/../../../../arm-atollic-eabi/lib/armv7e-m/fpu\libc_nano.a(lib_a-nano-svfprintf.o) (memchr)
c:/program files (x86)/atollic/truestudio for stm32 9.2.0/armtools/bin/../lib/gcc/arm-atollic-eabi/6.3.1/../../../../arm-atollic-eabi/lib/armv7e-m/fpu\libc_nano.a(lib_a-memmove.o)
                              c:/program files (x86)/atollic/truestudio for stm32 9.2.0/armtools/bin/../lib/gcc/arm-atollic-eabi/6.3.1/../../../../arm-atollic-eabi/lib/armv7e-m/fpu\libc_nano.a(lib_a-nano-svfprintf.o) (memmove)
c:/program files (x86)/atollic/truestudio for stm32 9.2.0/armtools/bin/../lib/gcc/arm-atollic-eabi/6.3.1/../../../../arm-atollic-eabi/lib/armv7e-m/fpu\libc_nano.a(lib_a-nano-freer.o)
                              c:/program files (x86)/atollic/truestudio for stm32 9.2.0/armtools/bin/../lib/gcc/arm-atollic-eabi/6.3.1/../../../../arm-atollic-eabi/lib/armv7e-m/fpu\libc_nano.a(lib_a-nano-svfprintf.o) (_free_r)
c:/program files (x86)/atollic/truestudio for stm32 9.2.0/armtools/bin/../lib/gcc/arm-atollic-eabi/6.3.1/../../../../arm-atollic-eabi/lib/armv7e-m/fpu\libc_nano.a(lib_a-nano-mallocr.o)
                              c:/program files (x86)/atollic/truestudio for stm32 9.2.0/armtools/bin/../lib/gcc/arm-atollic-eabi/6.3.1/../../../../arm-atollic-eabi/lib/armv7e-m/fpu\libc_nano.a(lib_a-nano-svfprintf.o) (_malloc_r)
c:/program files (x86)/atollic/truestudio for stm32 9.2.0/armtools/bin/../lib/gcc/arm-atollic-eabi/6.3.1/../../../../arm-atollic-eabi/lib/armv7e-m/fpu\libc_nano.a(lib_a-nano-reallocr.o)
                              c:/program files (x86)/atollic/truestudio for stm32 9.2.0/armtools/bin/../lib/gcc/arm-atollic-eabi/6.3.1/../../../../arm-atollic-eabi/lib/armv7e-m/fpu\libc_nano.a(lib_a-nano-svfprintf.o) (_realloc_r)
[...]
Memory Configuration

Name             Origin             Length             Attributes
RAM              0x20000000         0x00020000         xrw
FLASH            0x08000000         0x00080000         xr
*default*        0x00000000         0xffffffff

Linker script and memory map

LOAD c:/program files (x86)/atollic/truestudio for stm32 9.2.0/armtools/bin/../lib/gcc/arm-atollic-eabi/6.3.1/armv7e-m/fpu/crti.o
LOAD c:/program files (x86)/atollic/truestudio for stm32 9.2.0/armtools/bin/../lib/gcc/arm-atollic-eabi/6.3.1/armv7e-m/fpu/crtbegin.o
LOAD Drivers\STM32F4xx_HAL_Driver\Src\stm32f4xx_hal.o
LOAD Drivers\STM32F4xx_HAL_Driver\Src\stm32f4xx_hal_adc.o
LOAD Drivers\STM32F4xx_HAL_Driver\Src\stm32f4xx_hal_adc_ex.o
LOAD Drivers\STM32F4xx_HAL_Driver\Src\stm32f4xx_hal_cortex.o
LOAD Drivers\STM32F4xx_HAL_Driver\Src\stm32f4xx_hal_dma.o
LOAD Drivers\STM32F4xx_HAL_Driver\Src\stm32f4xx_hal_dma_ex.o
LOAD Drivers\STM32F4xx_HAL_Driver\Src\stm32f4xx_hal_flash.o
LOAD Drivers\STM32F4xx_HAL_Driver\Src\stm32f4xx_hal_flash_ex.o
LOAD Drivers\STM32F4xx_HAL_Driver\Src\stm32f4xx_hal_flash_ramfunc.o
LOAD Drivers\STM32F4xx_HAL_Driver\Src\stm32f4xx_hal_gpio.o
LOAD Drivers\STM32F4xx_HAL_Driver\Src\stm32f4xx_hal_pwr.o
LOAD Drivers\STM32F4xx_HAL_Driver\Src\stm32f4xx_hal_pwr_ex.o
LOAD Drivers\STM32F4xx_HAL_Driver\Src\stm32f4xx_hal_rcc.o
LOAD Drivers\STM32F4xx_HAL_Driver\Src\stm32f4xx_hal_rcc_ex.o
LOAD Drivers\STM32F4xx_HAL_Driver\Src\stm32f4xx_hal_tim.o
LOAD Drivers\STM32F4xx_HAL_Driver\Src\stm32f4xx_hal_tim_ex.o
LOAD Drivers\STM32F4xx_HAL_Driver\Src\stm32f4xx_hal_uart.o
LOAD Middlewares\Third_Party\FreeRTOS\Source\CMSIS_RTOS\cmsis_os.o
LOAD Middlewares\Third_Party\FreeRTOS\Source\croutine.o
LOAD Middlewares\Third_Party\FreeRTOS\Source\event_groups.o
LOAD Middlewares\Third_Party\FreeRTOS\Source\list.o
LOAD Middlewares\Third_Party\FreeRTOS\Source\portable\GCC\ARM_CM4F\port.o
LOAD Middlewares\Third_Party\FreeRTOS\Source\portable\MemMang\heap_4.o
LOAD Middlewares\Third_Party\FreeRTOS\Source\queue.o
LOAD Middlewares\Third_Party\FreeRTOS\Source\tasks.o
LOAD Middlewares\Third_Party\FreeRTOS\Source\timers.o
LOAD Src\freertos.o
LOAD Src\main.o
LOAD Src\stm32f4xx_hal_msp.o
LOAD Src\stm32f4xx_hal_timebase_tim.o
LOAD Src\stm32f4xx_it.o
LOAD Src\system_stm32f4xx.o
LOAD startup\startup_stm32f446xx.o
                0x00000080                malloc_getpagesize_P = 0x80
START GROUP
LOAD c:/program files (x86)/atollic/truestudio for stm32 9.2.0/armtools/bin/../lib/gcc/arm-atollic-eabi/6.3.1/../../../../arm-atollic-eabi/lib/armv7e-m/fpu\libc_nano.a
LOAD c:/program files (x86)/atollic/truestudio for stm32 9.2.0/armtools/bin/../lib/gcc/arm-atollic-eabi/6.3.1/../../../../arm-atollic-eabi/lib/armv7e-m/fpu\libm.a
END GROUP
START GROUP
LOAD c:/program files (x86)/atollic/truestudio for stm32 9.2.0/armtools/bin/../lib/gcc/arm-atollic-eabi/6.3.1/armv7e-m/fpu\libgcc.a
LOAD c:/program files (x86)/atollic/truestudio for stm32 9.2.0/armtools/bin/../lib/gcc/arm-atollic-eabi/6.3.1/../../../../arm-atollic-eabi/lib/armv7e-m/fpu\libc_nano.a
END GROUP
START GROUP
LOAD c:/program files (x86)/atollic/truestudio for stm32 9.2.0/armtools/bin/../lib/gcc/arm-atollic-eabi/6.3.1/armv7e-m/fpu\libgcc.a
LOAD c:/program files (x86)/atollic/truestudio for stm32 9.2.0/armtools/bin/../lib/gcc/arm-atollic-eabi/6.3.1/../../../../arm-atollic-eabi/lib/armv7e-m/fpu\libc_nano.a
LOAD c:/program files (x86)/atollic/truestudio for stm32 9.2.0/armtools/bin/../lib/gcc/arm-atollic-eabi/6.3.1/../../../../arm-atollic-eabi/lib/armv7e-m/fpu\libnosys.a
END GROUP
START GROUP
LOAD c:/program files (x86)/atollic/truestudio for stm32 9.2.0/armtools/bin/../lib/gcc/arm-atollic-eabi/6.3.1/armv7e-m/fpu\libgcc.a
LOAD c:/program files (x86)/atollic/truestudio for stm32 9.2.0/armtools/bin/../lib/gcc/arm-atollic-eabi/6.3.1/../../../../arm-atollic-eabi/lib/armv7e-m/fpu\libc_nano.a
LOAD c:/program files (x86)/atollic/truestudio for stm32 9.2.0/armtools/bin/../lib/gcc/arm-atollic-eabi/6.3.1/../../../../arm-atollic-eabi/lib/armv7e-m/fpu\libnosys.a
END GROUP
LOAD c:/program files (x86)/atollic/truestudio for stm32 9.2.0/armtools/bin/../lib/gcc/arm-atollic-eabi/6.3.1/armv7e-m/fpu/crtend.o
LOAD c:/program files (x86)/atollic/truestudio for stm32 9.2.0/armtools/bin/../lib/gcc/arm-atollic-eabi/6.3.1/armv7e-m/fpu/crtn.o
                0x20020000                _estack = 0x20020000
                0x00000200                _Min_Heap_Size = 0x200
                0x00000400                _Min_Stack_Size = 0x400

.isr_vector     0x08000000      0x1c4
                0x08000000                . = ALIGN (0x4)
 *(.isr_vector)
 .isr_vector    0x08000000      0x1c4 startup\startup_stm32f446xx.o
                0x08000000                g_pfnVectors
                0x080001c4                . = ALIGN (0x4)

.text           0x080001d0     0x4830
                0x080001d0                . = ALIGN (0x4)
 *(.text)
 .text          0x080001d0       0x40 c:/program files (x86)/atollic/truestudio for stm32 9.2.0/armtools/bin/../lib/gcc/arm-atollic-eabi/6.3.1/armv7e-m/fpu/crtbegin.o
 .text          0x08000210       0x10 c:/program files (x86)/atollic/truestudio for stm32 9.2.0/armtools/bin/../lib/gcc/arm-atollic-eabi/6.3.1/../../../../arm-atollic-eabi/lib/armv7e-m/fpu\libc_nano.a(lib_a-strlen.o)
                0x08000210                strlen
 .text          0x08000220       0xa0 c:/program files (x86)/atollic/truestudio for stm32 9.2.0/armtools/bin/../lib/gcc/arm-atollic-eabi/6.3.1/../../../../arm-atollic-eabi/lib/armv7e-m/fpu\libc_nano.a(lib_a-memchr.o)
                0x08000220                memchr
 .text          0x080002c0       0x30 c:/program files (x86)/atollic/truestudio for stm32 9.2.0/armtools/bin/../lib/gcc/arm-atollic-eabi/6.3.1/armv7e-m/fpu\libgcc.a(_aeabi_uldivmod.o)
                0x080002c0                __aeabi_uldivmod
 .text          0x080002f0      0x2dc c:/program files (x86)/atollic/truestudio for stm32 9.2.0/armtools/bin/../lib/gcc/arm-atollic-eabi/6.3.1/armv7e-m/fpu\libgcc.a(_udivmoddi4.o)
                0x080002f0                __udivmoddi4
 .text          0x080005cc        0x4 c:/program files (x86)/atollic/truestudio for stm32 9.2.0/armtools/bin/../lib/gcc/arm-atollic-eabi/6.3.1/armv7e-m/fpu\libgcc.a(_dvmd_tls.o)
                0x080005cc                __aeabi_idiv0
                0x080005cc                __aeabi_ldiv0
 *(.text*)
 .text.HAL_Init
                0x080005d0       0x34 Drivers\STM32F4xx_HAL_Driver\Src\stm32f4xx_hal.o
                0x080005d0                HAL_Init
 .text.HAL_IncTick
                0x08000604       0x18 Drivers\STM32F4xx_HAL_Driver\Src\stm32f4xx_hal.o
                0x08000604                HAL_IncTick
 .text.HAL_GetTick
                0x0800061c        0xc Drivers\STM32F4xx_HAL_Driver\Src\stm32f4xx_hal.o
                0x0800061c                HAL_GetTick
 .text.HAL_ADC_Init
                0x08000628      0x148 Drivers\STM32F4xx_HAL_Driver\Src\stm32f4xx_hal_adc.o
                0x08000628                HAL_ADC_Init
 .text.HAL_ADC_PollForConversion
                0x08000770       0xa0 Drivers\STM32F4xx_HAL_Driver\Src\stm32f4xx_hal_adc.o
                0x08000770                HAL_ADC_PollForConversion
 .text.HAL_ADC_Start_IT
                0x08000810       0xcc Drivers\STM32F4xx_HAL_Driver\Src\stm32f4xx_hal_adc.o
                0x08000810                HAL_ADC_Start_IT
 .text.HAL_ADC_GetValue
                0x080008dc        0x6 Drivers\STM32F4xx_HAL_Driver\Src\stm32f4xx_hal_adc.o
                0x080008dc                HAL_ADC_GetValue
 .text.HAL_ADC_ConvCpltCallback
                0x080008e2        0x2 Drivers\STM32F4xx_HAL_Driver\Src\stm32f4xx_hal_adc.o
                0x080008e2                HAL_ADC_ConvCpltCallback
 .text.HAL_ADC_LevelOutOfWindowCallback
                0x080008e4        0x2 Drivers\STM32F4xx_HAL_Driver\Src\stm32f4xx_hal_adc.o
                0x080008e4                HAL_ADC_LevelOutOfWindowCallback
 .text.HAL_ADC_ErrorCallback
                0x080008e6        0x2 Drivers\STM32F4xx_HAL_Driver\Src\stm32f4xx_hal_adc.o
                0x080008e6                HAL_ADC_ErrorCallback
 .text.HAL_ADC_IRQHandler
                0x080008e8      0x128 Drivers\STM32F4xx_HAL_Driver\Src\stm32f4xx_hal_adc.o
                0x080008e8                HAL_ADC_IRQHandler
 .text.HAL_ADC_ConfigChannel
                0x08000a10      0x130 Drivers\STM32F4xx_HAL_Driver\Src\stm32f4xx_hal_adc.o
                0x08000a10                HAL_ADC_ConfigChannel
 .text.HAL_ADCEx_InjectedConvCpltCallback
                0x08000b40        0x2 Drivers\STM32F4xx_HAL_Driver\Src\stm32f4xx_hal_adc_ex.o
                0x08000b40                HAL_ADCEx_InjectedConvCpltCallback
 *fill*         0x08000b42        0x2 
 .text.HAL_NVIC_SetPriorityGrouping
                0x08000b44       0x24 Drivers\STM32F4xx_HAL_Driver\Src\stm32f4xx_hal_cortex.o
                0x08000b44                HAL_NVIC_SetPriorityGrouping
 .text.HAL_NVIC_SetPriority
                0x08000b68       0x68 Drivers\STM32F4xx_HAL_Driver\Src\stm32f4xx_hal_cortex.o
                0x08000b68                HAL_NVIC_SetPriority
 .text.HAL_NVIC_EnableIRQ
                0x08000bd0       0x18 Drivers\STM32F4xx_HAL_Driver\Src\stm32f4xx_hal_cortex.o
                0x08000bd0                HAL_NVIC_EnableIRQ
 .text.HAL_DMA_Abort_IT
                0x08000be8       0x24 Drivers\STM32F4xx_HAL_Driver\Src\stm32f4xx_hal_dma.o
                0x08000be8                HAL_DMA_Abort_IT
 .text.HAL_GPIO_Init
                0x08000c0c      0x1b4 Drivers\STM32F4xx_HAL_Driver\Src\stm32f4xx_hal_gpio.o
                0x08000c0c                HAL_GPIO_Init
 .text.HAL_GPIO_ReadPin
                0x08000dc0        0xc Drivers\STM32F4xx_HAL_Driver\Src\stm32f4xx_hal_gpio.o
                0x08000dc0                HAL_GPIO_ReadPin
 .text.HAL_GPIO_WritePin
                0x08000dcc        0xa Drivers\STM32F4xx_HAL_Driver\Src\stm32f4xx_hal_gpio.o
                0x08000dcc                HAL_GPIO_WritePin
 .text.HAL_GPIO_TogglePin
                0x08000dd6        0x8 Drivers\STM32F4xx_HAL_Driver\Src\stm32f4xx_hal_gpio.o
                0x08000dd6                HAL_GPIO_TogglePin
 *fill*         0x08000dde        0x2 
 .text.HAL_RCC_ClockConfig
                0x08000de0      0x134 Drivers\STM32F4xx_HAL_Driver\Src\stm32f4xx_hal_rcc.o
                0x08000de0                HAL_RCC_ClockConfig
 .text.HAL_RCC_GetPCLK1Freq
                0x08000f14       0x20 Drivers\STM32F4xx_HAL_Driver\Src\stm32f4xx_hal_rcc.o
                0x08000f14                HAL_RCC_GetPCLK1Freq
 .text.HAL_RCC_GetPCLK2Freq
                0x08000f34       0x20 Drivers\STM32F4xx_HAL_Driver\Src\stm32f4xx_hal_rcc.o
                0x08000f34                HAL_RCC_GetPCLK2Freq
 .text.HAL_RCC_GetClockConfig
                0x08000f54       0x3c Drivers\STM32F4xx_HAL_Driver\Src\stm32f4xx_hal_rcc.o
                0x08000f54                HAL_RCC_GetClockConfig
 .text.HAL_RCC_GetSysClockFreq
                0x08000f90       0x90 Drivers\STM32F4xx_HAL_Driver\Src\stm32f4xx_hal_rcc_ex.o
                0x08000f90                HAL_RCC_GetSysClockFreq
 .text.HAL_RCC_OscConfig
                0x08001020      0x334 Drivers\STM32F4xx_HAL_Driver\Src\stm32f4xx_hal_rcc_ex.o
                0x08001020                HAL_RCC_OscConfig
 .text.TIM_OC1_SetConfig
                0x08001354       0x58 Drivers\STM32F4xx_HAL_Driver\Src\stm32f4xx_hal_tim.o
 .text.TIM_OC3_SetConfig
                0x080013ac       0x60 Drivers\STM32F4xx_HAL_Driver\Src\stm32f4xx_hal_tim.o
 .text.TIM_OC4_SetConfig
                0x0800140c       0x50 Drivers\STM32F4xx_HAL_Driver\Src\stm32f4xx_hal_tim.o
 .text.HAL_TIM_Base_MspInit
                0x0800145c        0x2 Drivers\STM32F4xx_HAL_Driver\Src\stm32f4xx_hal_tim.o
                0x0800145c                HAL_TIM_Base_MspInit
 .text.HAL_TIM_Base_Start
                0x0800145e       0x1a Drivers\STM32F4xx_HAL_Driver\Src\stm32f4xx_hal_tim.o
                0x0800145e                HAL_TIM_Base_Start
 .text.HAL_TIM_Base_Start_IT
                0x08001478       0x16 Drivers\STM32F4xx_HAL_Driver\Src\stm32f4xx_hal_tim.o
                0x08001478                HAL_TIM_Base_Start_IT
 .text.HAL_TIM_OC_MspInit
                0x0800148e        0x2 Drivers\STM32F4xx_HAL_Driver\Src\stm32f4xx_hal_tim.o
                0x0800148e                HAL_TIM_OC_MspInit
 .text.HAL_TIM_ConfigClockSource
                0x08001490      0x172 Drivers\STM32F4xx_HAL_Driver\Src\stm32f4xx_hal_tim.o
                0x08001490                HAL_TIM_ConfigClockSource
 .text.HAL_TIM_OC_DelayElapsedCallback
                0x08001602        0x2 Drivers\STM32F4xx_HAL_Driver\Src\stm32f4xx_hal_tim.o
                0x08001602                HAL_TIM_OC_DelayElapsedCallback
 .text.HAL_TIM_IC_CaptureCallback
                0x08001604        0x2 Drivers\STM32F4xx_HAL_Driver\Src\stm32f4xx_hal_tim.o
                0x08001604                HAL_TIM_IC_CaptureCallback
 .text.HAL_TIM_PWM_PulseFinishedCallback
                0x08001606        0x2 Drivers\STM32F4xx_HAL_Driver\Src\stm32f4xx_hal_tim.o
                0x08001606                HAL_TIM_PWM_PulseFinishedCallback
 .text.HAL_TIM_TriggerCallback
                0x08001608        0x2 Drivers\STM32F4xx_HAL_Driver\Src\stm32f4xx_hal_tim.o
                0x08001608                HAL_TIM_TriggerCallback
 .text.HAL_TIM_IRQHandler
                0x0800160a      0x144 Drivers\STM32F4xx_HAL_Driver\Src\stm32f4xx_hal_tim.o
                0x0800160a                HAL_TIM_IRQHandler
 *fill*         0x0800174e        0x2 
 .text.TIM_Base_SetConfig
                0x08001750       0xc8 Drivers\STM32F4xx_HAL_Driver\Src\stm32f4xx_hal_tim.o
                0x08001750                TIM_Base_SetConfig
 .text.HAL_TIM_Base_Init
                0x08001818       0x34 Drivers\STM32F4xx_HAL_Driver\Src\stm32f4xx_hal_tim.o
                0x08001818                HAL_TIM_Base_Init
 .text.HAL_TIM_OC_Init
                0x0800184c       0x34 Drivers\STM32F4xx_HAL_Driver\Src\stm32f4xx_hal_tim.o
                0x0800184c                HAL_TIM_OC_Init
 .text.TIM_OC2_SetConfig
                0x08001880       0x60 Drivers\STM32F4xx_HAL_Driver\Src\stm32f4xx_hal_tim.o
                0x08001880                TIM_OC2_SetConfig
 .text.HAL_TIM_OC_ConfigChannel
                0x080018e0       0x5c Drivers\STM32F4xx_HAL_Driver\Src\stm32f4xx_hal_tim.o
                0x080018e0                HAL_TIM_OC_ConfigChannel
 .text.HAL_TIMEx_MasterConfigSynchronization
                0x0800193c       0x44 Drivers\STM32F4xx_HAL_Driver\Src\stm32f4xx_hal_tim_ex.o
                0x0800193c                HAL_TIMEx_MasterConfigSynchronization
 .text.HAL_TIMEx_CommutationCallback
                0x08001980        0x2 Drivers\STM32F4xx_HAL_Driver\Src\stm32f4xx_hal_tim_ex.o
                0x08001980                HAL_TIMEx_CommutationCallback
 .text.HAL_TIMEx_BreakCallback
                0x08001982        0x2 Drivers\STM32F4xx_HAL_Driver\Src\stm32f4xx_hal_tim_ex.o
                0x08001982                HAL_TIMEx_BreakCallback
 .text.UART_EndRxTransfer
                0x08001984       0x1a Drivers\STM32F4xx_HAL_Driver\Src\stm32f4xx_hal_uart.o
 *fill*         0x0800199e        0x2 
 .text.UART_SetConfig
                0x080019a0      0x234 Drivers\STM32F4xx_HAL_Driver\Src\stm32f4xx_hal_uart.o
 .text.UART_WaitOnFlagUntilTimeout.constprop.3
                0x08001bd4       0x50 Drivers\STM32F4xx_HAL_Driver\Src\stm32f4xx_hal_uart.o
 .text.HAL_UART_Init
                0x08001c24       0x5c Drivers\STM32F4xx_HAL_Driver\Src\stm32f4xx_hal_uart.o
                0x08001c24                HAL_UART_Init
 .text.HAL_UART_Transmit
                0x08001c80       0xba Drivers\STM32F4xx_HAL_Driver\Src\stm32f4xx_hal_uart.o
                0x08001c80                HAL_UART_Transmit
 .text.HAL_UART_Transmit_IT
                0x08001d3a       0x3e Drivers\STM32F4xx_HAL_Driver\Src\stm32f4xx_hal_uart.o
                0x08001d3a                HAL_UART_Transmit_IT
 .text.HAL_UART_Receive_IT
                0x08001d78       0x46 Drivers\STM32F4xx_HAL_Driver\Src\stm32f4xx_hal_uart.o
                0x08001d78                HAL_UART_Receive_IT
 .text.HAL_UART_TxCpltCallback
                0x08001dbe        0x2 Drivers\STM32F4xx_HAL_Driver\Src\stm32f4xx_hal_uart.o
                0x08001dbe                HAL_UART_TxCpltCallback
 .text.HAL_UART_RxCpltCallback
                0x08001dc0        0x2 Drivers\STM32F4xx_HAL_Driver\Src\stm32f4xx_hal_uart.o
                0x08001dc0                HAL_UART_RxCpltCallback
 .text.UART_Receive_IT
                0x08001dc2       0x74 Drivers\STM32F4xx_HAL_Driver\Src\stm32f4xx_hal_uart.o
 .text.HAL_UART_ErrorCallback
                0x08001e36        0x2 Drivers\STM32F4xx_HAL_Driver\Src\stm32f4xx_hal_uart.o
                0x08001e36                HAL_UART_ErrorCallback
 .text.HAL_UART_IRQHandler
                0x08001e38      0x140 Drivers\STM32F4xx_HAL_Driver\Src\stm32f4xx_hal_uart.o
                0x08001e38                HAL_UART_IRQHandler
 .text.UART_DMAAbortOnError
                0x08001f78       0x10 Drivers\STM32F4xx_HAL_Driver\Src\stm32f4xx_hal_uart.o
 .text.osKernelStart
                0x08001f88        0xa Middlewares\Third_Party\FreeRTOS\Source\CMSIS_RTOS\cmsis_os.o
                0x08001f88                osKernelStart
 .text.osThreadCreate
                0x08001f92       0x30 Middlewares\Third_Party\FreeRTOS\Source\CMSIS_RTOS\cmsis_os.o
                0x08001f92                osThreadCreate
 .text.osDelay  0x08001fc2       0x10 Middlewares\Third_Party\FreeRTOS\Source\CMSIS_RTOS\cmsis_os.o
                0x08001fc2                osDelay
 .text.osMutexCreate
                0x08001fd2        0x6 Middlewares\Third_Party\FreeRTOS\Source\CMSIS_RTOS\cmsis_os.o
                0x08001fd2                osMutexCreate
 .text.osSystickHandler
                0x08001fd8       0x14 Middlewares\Third_Party\FreeRTOS\Source\CMSIS_RTOS\cmsis_os.o
                0x08001fd8                osSystickHandler
 .text.vListInitialise
                0x08001fec       0x16 Middlewares\Third_Party\FreeRTOS\Source\list.o
                0x08001fec                vListInitialise
 .text.vListInitialiseItem
                0x08002002        0x6 Middlewares\Third_Party\FreeRTOS\Source\list.o
                0x08002002                vListInitialiseItem
 .text.vListInsertEnd
                0x08002008       0x18 Middlewares\Third_Party\FreeRTOS\Source\list.o
                0x08002008                vListInsertEnd
 .text.vListInsert
                0x08002020       0x2e Middlewares\Third_Party\FreeRTOS\Source\list.o
                0x08002020                vListInsert
 .text.uxListRemove
                0x0800204e       0x20 Middlewares\Third_Party\FreeRTOS\Source\list.o
                0x0800204e                uxListRemove
 *fill*         0x0800206e        0x2 
 .text.prvTaskExitError
                0x08002070       0x30 Middlewares\Third_Party\FreeRTOS\Source\portable\GCC\ARM_CM4F\port.o
 .text.prvPortStartFirstTask
                0x080020a0       0x20 Middlewares\Third_Party\FreeRTOS\Source\portable\GCC\ARM_CM4F\port.o
 .text.vPortEnableVFP
                0x080020c0       0x14 Middlewares\Third_Party\FreeRTOS\Source\portable\GCC\ARM_CM4F\port.o
 .text.pxPortInitialiseStack
                0x080020d4       0x2c Middlewares\Third_Party\FreeRTOS\Source\portable\GCC\ARM_CM4F\port.o
                0x080020d4                pxPortInitialiseStack
 .text.SVC_Handler
                0x08002100       0x24 Middlewares\Third_Party\FreeRTOS\Source\portable\GCC\ARM_CM4F\port.o
                0x08002100                SVC_Handler
 .text.vPortEnterCritical
                0x08002124       0x44 Middlewares\Third_Party\FreeRTOS\Source\portable\GCC\ARM_CM4F\port.o
                0x08002124                vPortEnterCritical
 .text.vPortExitCritical
                0x08002168       0x28 Middlewares\Third_Party\FreeRTOS\Source\portable\GCC\ARM_CM4F\port.o
                0x08002168                vPortExitCritical
 .text.PendSV_Handler
                0x08002190       0x64 Middlewares\Third_Party\FreeRTOS\Source\portable\GCC\ARM_CM4F\port.o
                0x08002190                PendSV_Handler
 .text.xPortSysTickHandler
                0x080021f4       0x2c Middlewares\Third_Party\FreeRTOS\Source\portable\GCC\ARM_CM4F\port.o
                0x080021f4                xPortSysTickHandler
 .text.vPortSetupTimerInterrupt
                0x08002220       0x28 Middlewares\Third_Party\FreeRTOS\Source\portable\GCC\ARM_CM4F\port.o
                0x08002220                vPortSetupTimerInterrupt
 .text.xPortStartScheduler
                0x08002248       0xec Middlewares\Third_Party\FreeRTOS\Source\portable\GCC\ARM_CM4F\port.o
                0x08002248                xPortStartScheduler
 .text.unlikely.prvInsertBlockIntoFreeList
                0x08002334       0x48 Middlewares\Third_Party\FreeRTOS\Source\portable\MemMang\heap_4.o
 .text.pvPortMalloc
                0x0800237c      0x11c Middlewares\Third_Party\FreeRTOS\Source\portable\MemMang\heap_4.o
                0x0800237c                pvPortMalloc
 .text.vPortFree
                0x08002498       0x70 Middlewares\Third_Party\FreeRTOS\Source\portable\MemMang\heap_4.o
                0x08002498                vPortFree
 .text.unlikely.prvCopyDataToQueue
                0x08002508       0x66 Middlewares\Third_Party\FreeRTOS\Source\queue.o
 .text.unlikely.prvCopyDataFromQueue
                0x0800256e       0x2a Middlewares\Third_Party\FreeRTOS\Source\queue.o
 .text.prvUnlockQueue
                0x08002598       0x70 Middlewares\Third_Party\FreeRTOS\Source\queue.o
 .text.xQueueGenericReset
                0x08002608       0x80 Middlewares\Third_Party\FreeRTOS\Source\queue.o
                0x08002608                xQueueGenericReset
 .text.xQueueGenericCreate
                0x08002688       0x48 Middlewares\Third_Party\FreeRTOS\Source\queue.o
                0x08002688                xQueueGenericCreate
 .text.xQueueGenericSend
                0x080026d0      0x16c Middlewares\Third_Party\FreeRTOS\Source\queue.o
                0x080026d0                xQueueGenericSend
 .text.xQueueCreateMutex
                0x0800283c       0x24 Middlewares\Third_Party\FreeRTOS\Source\queue.o
                0x0800283c                xQueueCreateMutex
 .text.xQueueGenericReceive
                0x08002860      0x188 Middlewares\Third_Party\FreeRTOS\Source\queue.o
                0x08002860                xQueueGenericReceive
 .text.prvWriteNameToBuffer
                0x080029e8       0x22 Middlewares\Third_Party\FreeRTOS\Source\tasks.o
 *fill*         0x08002a0a        0x2 
 .text.prvResetNextTaskUnblockTime
                0x08002a0c       0x24 Middlewares\Third_Party\FreeRTOS\Source\tasks.o
 .text.prvAddCurrentTaskToDelayedList
                0x08002a30       0x8c Middlewares\Third_Party\FreeRTOS\Source\tasks.o
 .text.vTaskSetTimeOutState.part.6
                0x08002abc       0x12 Middlewares\Third_Party\FreeRTOS\Source\tasks.o
 *fill*         0x08002ace        0x2 
 .text.xTaskCreate
                0x08002ad0      0x1b0 Middlewares\Third_Party\FreeRTOS\Source\tasks.o
                0x08002ad0                xTaskCreate
 .text.eTaskGetState
                0x08002c80       0x70 Middlewares\Third_Party\FreeRTOS\Source\tasks.o
                0x08002c80                eTaskGetState
 .text.vTaskStartScheduler
                0x08002cf0       0x7c Middlewares\Third_Party\FreeRTOS\Source\tasks.o
                0x08002cf0                vTaskStartScheduler
 .text.vTaskSuspendAll
                0x08002d6c       0x10 Middlewares\Third_Party\FreeRTOS\Source\tasks.o
                0x08002d6c                vTaskSuspendAll
 .text.xTaskGetTickCount
                0x08002d7c        0xc Middlewares\Third_Party\FreeRTOS\Source\tasks.o
                0x08002d7c                xTaskGetTickCount
 .text.xTaskIncrementTick
                0x08002d88      0x124 Middlewares\Third_Party\FreeRTOS\Source\tasks.o
                0x08002d88                xTaskIncrementTick
 .text.xTaskResumeAll
                0x08002eac       0xf0 Middlewares\Third_Party\FreeRTOS\Source\tasks.o
                0x08002eac                xTaskResumeAll
 .text.vTaskDelay
                0x08002f9c       0x48 Middlewares\Third_Party\FreeRTOS\Source\tasks.o
                0x08002f9c                vTaskDelay
 .text.prvIdleTask
                0x08002fe4       0x74 Middlewares\Third_Party\FreeRTOS\Source\tasks.o
 .text.vTaskSwitchContext
                0x08003058       0x90 Middlewares\Third_Party\FreeRTOS\Source\tasks.o
                0x08003058                vTaskSwitchContext
 .text.vTaskSuspend
                0x080030e8       0xcc Middlewares\Third_Party\FreeRTOS\Source\tasks.o
                0x080030e8                vTaskSuspend
 .text.vTaskPlaceOnEventList
                0x080031b4       0x34 Middlewares\Third_Party\FreeRTOS\Source\tasks.o
                0x080031b4                vTaskPlaceOnEventList
 .text.xTaskRemoveFromEventList
                0x080031e8       0x84 Middlewares\Third_Party\FreeRTOS\Source\tasks.o
                0x080031e8                xTaskRemoveFromEventList
 .text.vTaskSetTimeOutState
                0x0800326c       0x20 Middlewares\Third_Party\FreeRTOS\Source\tasks.o
                0x0800326c                vTaskSetTimeOutState
 .text.xTaskCheckForTimeOut
                0x0800328c       0x74 Middlewares\Third_Party\FreeRTOS\Source\tasks.o
                0x0800328c                xTaskCheckForTimeOut
 .text.vTaskMissedYield
                0x08003300        0xc Middlewares\Third_Party\FreeRTOS\Source\tasks.o
                0x08003300                vTaskMissedYield
 .text.vTaskGetInfo
                0x0800330c       0x80 Middlewares\Third_Party\FreeRTOS\Source\tasks.o
                0x0800330c                vTaskGetInfo
 .text.prvListTasksWithinSingleList
                0x0800338c       0x5a Middlewares\Third_Party\FreeRTOS\Source\tasks.o
 *fill*         0x080033e6        0x2 
 .text.uxTaskGetSystemState
                0x080033e8       0xa8 Middlewares\Third_Party\FreeRTOS\Source\tasks.o
                0x080033e8                uxTaskGetSystemState
 .text.uxTaskGetStackHighWaterMark
                0x08003490       0x20 Middlewares\Third_Party\FreeRTOS\Source\tasks.o
                0x08003490                uxTaskGetStackHighWaterMark
 .text.xTaskGetSchedulerState
                0x080034b0       0x20 Middlewares\Third_Party\FreeRTOS\Source\tasks.o
                0x080034b0                xTaskGetSchedulerState
 .text.vTaskPriorityInherit
                0x080034d0       0x8c Middlewares\Third_Party\FreeRTOS\Source\tasks.o
                0x080034d0                vTaskPriorityInherit
 .text.xTaskPriorityDisinherit
                0x0800355c       0xa0 Middlewares\Third_Party\FreeRTOS\Source\tasks.o
                0x0800355c                xTaskPriorityDisinherit
 .text.vTaskGetRunTimeStats
                0x080035fc       0xb0 Middlewares\Third_Party\FreeRTOS\Source\tasks.o
                0x080035fc                vTaskGetRunTimeStats
 .text.pvTaskIncrementMutexHeldCount
                0x080036ac       0x18 Middlewares\Third_Party\FreeRTOS\Source\tasks.o
                0x080036ac                pvTaskIncrementMutexHeldCount
 .text.xTaskNotifyWait
                0x080036c4       0x8c Middlewares\Third_Party\FreeRTOS\Source\tasks.o
                0x080036c4                xTaskNotifyWait
 .text.xTaskGenericNotify
                0x08003750       0xd0 Middlewares\Third_Party\FreeRTOS\Source\tasks.o
                0x08003750                xTaskGenericNotify
 .text.configureTimerForRunTimeStats
                0x08003820        0x2 Src\freertos.o
                0x08003820                configureTimerForRunTimeStats
 *fill*         0x08003822        0x2 
 .text.getRunTimeCounterValue
                0x08003824       0x18 Src\freertos.o
                0x08003824                getRunTimeCounterValue
 .text.Thread_LED
                0x0800383c       0x1c Src\main.o
                0x0800383c                Thread_LED
 .text.Thread_UART
                0x08003858       0x5c Src\main.o
                0x08003858                Thread_UART
 .text.Thread_GPIO
                0x080038b4       0x84 Src\main.o
                0x080038b4                Thread_GPIO
 .text.Thread_Help
                0x08003938       0x58 Src\main.o
                0x08003938                Thread_Help
 .text.Thread_ADC
                0x08003990       0x24 Src\main.o
                0x08003990                Thread_ADC
 .text.Thread_GPIO_Trig
                0x080039b4       0x30 Src\main.o
                0x080039b4                Thread_GPIO_Trig
 .text.Thread_StartStats
                0x080039e4       0xec Src\main.o
                0x080039e4                Thread_StartStats
 .text.SystemClock_Config
                0x08003ad0       0x94 Src\main.o
                0x08003ad0                SystemClock_Config
 .text.startup.main
                0x08003b64      0x2ac Src\main.o
                0x08003b64                main
 .text.HAL_TIM_PeriodElapsedCallback
                0x08003e10       0x14 Src\main.o
                0x08003e10                HAL_TIM_PeriodElapsedCallback
 .text.HAL_MspInit
                0x08003e24       0x44 Src\stm32f4xx_hal_msp.o
                0x08003e24                HAL_MspInit
 .text.HAL_ADC_MspInit
                0x08003e68       0x3c Src\stm32f4xx_hal_msp.o
                0x08003e68                HAL_ADC_MspInit
 .text.HAL_UART_MspInit
                0x08003ea4       0x80 Src\stm32f4xx_hal_msp.o
                0x08003ea4                HAL_UART_MspInit
 .text.HAL_TIM_MspPostInit
                0x08003f24       0x54 Src\stm32f4xx_hal_msp.o
                0x08003f24                HAL_TIM_MspPostInit
 .text.HAL_InitTick
                0x08003f78       0x7c Src\stm32f4xx_hal_timebase_tim.o
                0x08003f78                HAL_InitTick
 .text.NMI_Handler
                0x08003ff4        0x2 Src\stm32f4xx_it.o
                0x08003ff4                NMI_Handler
 .text.HardFault_Handler
                0x08003ff6        0x2 Src\stm32f4xx_it.o
                0x08003ff6                HardFault_Handler
 .text.MemManage_Handler
                0x08003ff8        0x2 Src\stm32f4xx_it.o
                0x08003ff8                MemManage_Handler
 .text.BusFault_Handler
                0x08003ffa        0x2 Src\stm32f4xx_it.o
                0x08003ffa                BusFault_Handler
 .text.UsageFault_Handler
                0x08003ffc        0x2 Src\stm32f4xx_it.o
                0x08003ffc                UsageFault_Handler
 .text.SysTick_Handler
                0x08003ffe        0xe Src\stm32f4xx_it.o
                0x08003ffe                SysTick_Handler
 .text.DebugMon_Handler
                0x0800400c        0x2 Src\stm32f4xx_it.o
                0x0800400c                DebugMon_Handler
 *fill*         0x0800400e        0x2 
 .text.ADC_IRQHandler
                0x08004010       0x48 Src\stm32f4xx_it.o
                0x08004010                ADC_IRQHandler
 .text.USART2_IRQHandler
                0x08004058        0xc Src\stm32f4xx_it.o
                0x08004058                USART2_IRQHandler
 .text.TIM6_DAC_IRQHandler
                0x08004064        0xc Src\stm32f4xx_it.o
                0x08004064                TIM6_DAC_IRQHandler
 .text.TIM4_IRQHandler
                0x08004070       0x18 Src\stm32f4xx_it.o
                0x08004070                TIM4_IRQHandler
 .text.SystemInit
                0x08004088       0x4c Src\system_stm32f4xx.o
                0x08004088                SystemInit
 .text.Reset_Handler
                0x080040d4       0x50 startup\startup_stm32f446xx.o
                0x080040d4                Reset_Handler
 .text.Default_Handler
                0x08004124        0x2 startup\startup_stm32f446xx.o
                0x08004124                RTC_Alarm_IRQHandler
                0x08004124                EXTI2_IRQHandler
                0x08004124                TIM8_CC_IRQHandler
                0x08004124                SPI4_IRQHandler
                0x08004124                TIM1_CC_IRQHandler
                0x08004124                DMA2_Stream5_IRQHandler
                0x08004124                DMA1_Stream5_IRQHandler
                0x08004124                PVD_IRQHandler
                0x08004124                SDIO_IRQHandler
                0x08004124                TAMP_STAMP_IRQHandler
                0x08004124                CAN2_RX1_IRQHandler
                0x08004124                EXTI3_IRQHandler
                0x08004124                TIM8_TRG_COM_TIM14_IRQHandler
                0x08004124                TIM1_UP_TIM10_IRQHandler
                0x08004124                TIM8_UP_TIM13_IRQHandler
                0x08004124                I2C3_ER_IRQHandler
                0x08004124                FMPI2C1_Event_IRQHandler
                0x08004124                EXTI0_IRQHandler
                0x08004124                I2C2_EV_IRQHandler
                0x08004124                DMA1_Stream2_IRQHandler
                0x08004124                CAN1_RX0_IRQHandler
                0x08004124                FPU_IRQHandler
                0x08004124                OTG_HS_WKUP_IRQHandler
                0x08004124                CAN2_SCE_IRQHandler
                0x08004124                DMA2_Stream2_IRQHandler
                0x08004124                SPI1_IRQHandler
                0x08004124                TIM1_BRK_TIM9_IRQHandler
                0x08004124                DCMI_IRQHandler
                0x08004124                CAN2_RX0_IRQHandler
                0x08004124                DMA2_Stream3_IRQHandler
                0x08004124                SAI2_IRQHandler
                0x08004124                USART6_IRQHandler
                0x08004124                USART3_IRQHandler
                0x08004124                CAN1_RX1_IRQHandler
                0x08004124                UART5_IRQHandler
                0x08004124                DMA2_Stream0_IRQHandler
                0x08004124                QUADSPI_IRQHandler
                0x08004124                I2C1_EV_IRQHandler
                0x08004124                DMA1_Stream6_IRQHandler
                0x08004124                DMA1_Stream1_IRQHandler
                0x08004124                UART4_IRQHandler
                0x08004124                TIM3_IRQHandler
                0x08004124                RCC_IRQHandler
                0x08004124                TIM8_BRK_TIM12_IRQHandler
                0x08004124                Default_Handler
                0x08004124                CEC_IRQHandler
                0x08004124                EXTI15_10_IRQHandler
                0x08004124                DMA1_Stream7_IRQHandler
                0x08004124                TIM7_IRQHandler
                0x08004124                CAN2_TX_IRQHandler
                0x08004124                TIM5_IRQHandler
                0x08004124                DMA2_Stream7_IRQHandler
                0x08004124                I2C3_EV_IRQHandler
                0x08004124                EXTI9_5_IRQHandler
                0x08004124                RTC_WKUP_IRQHandler
                0x08004124                SPDIF_RX_IRQHandler
                0x08004124                SPI2_IRQHandler
                0x08004124                OTG_HS_EP1_IN_IRQHandler
                0x08004124                DMA1_Stream0_IRQHandler
                0x08004124                CAN1_TX_IRQHandler
                0x08004124                EXTI4_IRQHandler
                0x08004124                OTG_HS_EP1_OUT_IRQHandler
                0x08004124                WWDG_IRQHandler
                0x08004124                TIM2_IRQHandler
                0x08004124                OTG_FS_WKUP_IRQHandler
                0x08004124                TIM1_TRG_COM_TIM11_IRQHandler
                0x08004124                OTG_HS_IRQHandler
                0x08004124                EXTI1_IRQHandler
                0x08004124                I2C2_ER_IRQHandler
                0x08004124                DMA2_Stream1_IRQHandler
                0x08004124                CAN1_SCE_IRQHandler
                0x08004124                FLASH_IRQHandler
                0x08004124                DMA2_Stream4_IRQHandler
                0x08004124                USART1_IRQHandler
                0x08004124                OTG_FS_IRQHandler
                0x08004124                SPI3_IRQHandler
                0x08004124                DMA1_Stream4_IRQHandler
                0x08004124                I2C1_ER_IRQHandler
                0x08004124                FMC_IRQHandler
                0x08004124                DMA2_Stream6_IRQHandler
                0x08004124                SAI1_IRQHandler
                0x08004124                DMA1_Stream3_IRQHandler
                0x08004124                FMPI2C1_Error_IRQHandler
 *fill*         0x08004126        0x2 
 .text.__libc_init_array
                0x08004128       0x48 c:/program files (x86)/atollic/truestudio for stm32 9.2.0/armtools/bin/../lib/gcc/arm-atollic-eabi/6.3.1/../../../../arm-atollic-eabi/lib/armv7e-m/fpu\libc_nano.a(lib_a-init.o)
                0x08004128                __libc_init_array
 .text.memcpy   0x08004170       0x16 c:/program files (x86)/atollic/truestudio for stm32 9.2.0/armtools/bin/../lib/gcc/arm-atollic-eabi/6.3.1/../../../../arm-atollic-eabi/lib/armv7e-m/fpu\libc_nano.a(lib_a-memcpy-stub.o)
                0x08004170                memcpy
 .text.memset   0x08004186       0x10 c:/program files (x86)/atollic/truestudio for stm32 9.2.0/armtools/bin/../lib/gcc/arm-atollic-eabi/6.3.1/../../../../arm-atollic-eabi/lib/armv7e-m/fpu\libc_nano.a(lib_a-memset.o)
                0x08004186                memset
 *fill*         0x08004196        0x2 
 .text.sprintf  0x08004198       0x48 c:/program files (x86)/atollic/truestudio for stm32 9.2.0/armtools/bin/../lib/gcc/arm-atollic-eabi/6.3.1/../../../../arm-atollic-eabi/lib/armv7e-m/fpu\libc_nano.a(lib_a-sprintf.o)
                0x08004198                siprintf
                0x08004198                sprintf
 .text.strcpy   0x080041e0       0x10 c:/program files (x86)/atollic/truestudio for stm32 9.2.0/armtools/bin/../lib/gcc/arm-atollic-eabi/6.3.1/../../../../arm-atollic-eabi/lib/armv7e-m/fpu\libc_nano.a(lib_a-strcpy.o)
                0x080041e0                strcpy
 .text.__ssputs_r
                0x080041f0       0xb6 c:/program files (x86)/atollic/truestudio for stm32 9.2.0/armtools/bin/../lib/gcc/arm-atollic-eabi/6.3.1/../../../../arm-atollic-eabi/lib/armv7e-m/fpu\libc_nano.a(lib_a-nano-svfprintf.o)
                0x080041f0                __ssputs_r
 *fill*         0x080042a6        0x2 
 .text._svfprintf_r
                0x080042a8      0x1e8 c:/program files (x86)/atollic/truestudio for stm32 9.2.0/armtools/bin/../lib/gcc/arm-atollic-eabi/6.3.1/../../../../arm-atollic-eabi/lib/armv7e-m/fpu\libc_nano.a(lib_a-nano-svfprintf.o)
                0x080042a8                _svfiprintf_r
                0x080042a8                _svfprintf_r
 .text._printf_common
                0x08004490       0xec c:/program files (x86)/atollic/truestudio for stm32 9.2.0/armtools/bin/../lib/gcc/arm-atollic-eabi/6.3.1/../../../../arm-atollic-eabi/lib/armv7e-m/fpu\libc_nano.a(lib_a-nano-vfprintf_i.o)
                0x08004490                _printf_common
 .text._printf_i
                0x0800457c      0x240 c:/program files (x86)/atollic/truestudio for stm32 9.2.0/armtools/bin/../lib/gcc/arm-atollic-eabi/6.3.1/../../../../arm-atollic-eabi/lib/armv7e-m/fpu\libc_nano.a(lib_a-nano-vfprintf_i.o)
                0x0800457c                _printf_i
 .text.memmove  0x080047bc       0x34 c:/program files (x86)/atollic/truestudio for stm32 9.2.0/armtools/bin/../lib/gcc/arm-atollic-eabi/6.3.1/../../../../arm-atollic-eabi/lib/armv7e-m/fpu\libc_nano.a(lib_a-memmove.o)
                0x080047bc                memmove
 .text._free_r  0x080047f0       0x9c c:/program files (x86)/atollic/truestudio for stm32 9.2.0/armtools/bin/../lib/gcc/arm-atollic-eabi/6.3.1/../../../../arm-atollic-eabi/lib/armv7e-m/fpu\libc_nano.a(lib_a-nano-freer.o)
                0x080047f0                _free_r
 .text._malloc_r
                0x0800488c       0xbc c:/program files (x86)/atollic/truestudio for stm32 9.2.0/armtools/bin/../lib/gcc/arm-atollic-eabi/6.3.1/../../../../arm-atollic-eabi/lib/armv7e-m/fpu\libc_nano.a(lib_a-nano-mallocr.o)
                0x0800488c                _malloc_r
 .text._realloc_r
                0x08004948       0x4c c:/program files (x86)/atollic/truestudio for stm32 9.2.0/armtools/bin/../lib/gcc/arm-atollic-eabi/6.3.1/../../../../arm-atollic-eabi/lib/armv7e-m/fpu\libc_nano.a(lib_a-nano-reallocr.o)
                0x08004948                _realloc_r
 .text._sbrk_r  0x08004994       0x20 c:/program files (x86)/atollic/truestudio for stm32 9.2.0/armtools/bin/../lib/gcc/arm-atollic-eabi/6.3.1/../../../../arm-atollic-eabi/lib/armv7e-m/fpu\libc_nano.a(lib_a-sbrkr.o)
                0x08004994                _sbrk_r
 .text.__malloc_lock
                0x080049b4        0x2 c:/program files (x86)/atollic/truestudio for stm32 9.2.0/armtools/bin/../lib/gcc/arm-atollic-eabi/6.3.1/../../../../arm-atollic-eabi/lib/armv7e-m/fpu\libc_nano.a(lib_a-mlock.o)
                0x080049b4                __malloc_lock
 .text.__malloc_unlock
                0x080049b6        0x2 c:/program files (x86)/atollic/truestudio for stm32 9.2.0/armtools/bin/../lib/gcc/arm-atollic-eabi/6.3.1/../../../../arm-atollic-eabi/lib/armv7e-m/fpu\libc_nano.a(lib_a-mlock.o)
                0x080049b6                __malloc_unlock
 .text._malloc_usable_size_r
                0x080049b8       0x12 c:/program files (x86)/atollic/truestudio for stm32 9.2.0/armtools/bin/../lib/gcc/arm-atollic-eabi/6.3.1/../../../../arm-atollic-eabi/lib/armv7e-m/fpu\libc_nano.a(lib_a-nano-msizer.o)
                0x080049b8                _malloc_usable_size_r
 *fill*         0x080049ca        0x2 
 .text._sbrk    0x080049cc       0x1c c:/program files (x86)/atollic/truestudio for stm32 9.2.0/armtools/bin/../lib/gcc/arm-atollic-eabi/6.3.1/../../../../arm-atollic-eabi/lib/armv7e-m/fpu\libnosys.a(sbrk.o)
                0x080049cc                _sbrk
 *(.glue_7)
 .glue_7        0x080049e8        0x0 linker stubs
 *(.glue_7t)
 .glue_7t       0x080049e8        0x0 linker stubs
 *(.eh_frame)
 .eh_frame      0x080049e8        0x0 c:/program files (x86)/atollic/truestudio for stm32 9.2.0/armtools/bin/../lib/gcc/arm-atollic-eabi/6.3.1/armv7e-m/fpu/crtbegin.o
 *(.init)
 .init          0x080049e8        0x4 c:/program files (x86)/atollic/truestudio for stm32 9.2.0/armtools/bin/../lib/gcc/arm-atollic-eabi/6.3.1/armv7e-m/fpu/crti.o
                0x080049e8                _init
 .init          0x080049ec        0x8 c:/program files (x86)/atollic/truestudio for stm32 9.2.0/armtools/bin/../lib/gcc/arm-atollic-eabi/6.3.1/armv7e-m/fpu/crtn.o
 *(.fini)
 .fini          0x080049f4        0x4 c:/program files (x86)/atollic/truestudio for stm32 9.2.0/armtools/bin/../lib/gcc/arm-atollic-eabi/6.3.1/armv7e-m/fpu/crti.o
                0x080049f4                _fini
 .fini          0x080049f8        0x8 c:/program files (x86)/atollic/truestudio for stm32 9.2.0/armtools/bin/../lib/gcc/arm-atollic-eabi/6.3.1/armv7e-m/fpu/crtn.o
                0x08004a00                . = ALIGN (0x4)
                0x08004a00                _etext = .

.vfp11_veneer   0x08004a00        0x0
 .vfp11_veneer  0x08004a00        0x0 linker stubs

.v4_bx          0x08004a00        0x0
 .v4_bx         0x08004a00        0x0 linker stubs

.iplt           0x08004a00        0x0
 .iplt          0x08004a00        0x0 c:/program files (x86)/atollic/truestudio for stm32 9.2.0/armtools/bin/../lib/gcc/arm-atollic-eabi/6.3.1/armv7e-m/fpu/crtbegin.o

.rodata         0x08004a00      0x218
                0x08004a00                . = ALIGN (0x4)
 *(.rodata)
 .rodata        0x08004a00       0x8c Src\main.o
 *(.rodata*)
 .rodata.vTaskGetRunTimeStats.str1.1
                0x08004a8c       0x18 Middlewares\Third_Party\FreeRTOS\Source\tasks.o
 .rodata.vTaskStartScheduler.str1.1
                0x08004aa4        0x5 Middlewares\Third_Party\FreeRTOS\Source\tasks.o
 .rodata.Thread_GPIO.str1.1
                0x08004aa9        0xb Src\main.o
 .rodata.Thread_Help.str1.1
                0x08004ab4       0x5b Src\main.o
 .rodata.Thread_StartStats.str1.1
                0x08004b0f       0x76 Src\main.o
 .rodata.str1.1
                0x08004b85       0x42 Src\main.o
 .rodata.ADC_IRQHandler.str1.1
                0x08004bc7        0x5 Src\stm32f4xx_it.o
 .rodata.AHBPrescTable
                0x08004bcc       0x10 Src\system_stm32f4xx.o
                0x08004bcc                AHBPrescTable
 .rodata.APBPrescTable
                0x08004bdc        0x8 Src\system_stm32f4xx.o
                0x08004bdc                APBPrescTable
 .rodata._svfprintf_r.str1.1
                0x08004be4       0x11 c:/program files (x86)/atollic/truestudio for stm32 9.2.0/armtools/bin/../lib/gcc/arm-atollic-eabi/6.3.1/../../../../arm-atollic-eabi/lib/armv7e-m/fpu\libc_nano.a(lib_a-nano-svfprintf.o)
 .rodata._printf_i.str1.1
                0x08004bf5       0x22 c:/program files (x86)/atollic/truestudio for stm32 9.2.0/armtools/bin/../lib/gcc/arm-atollic-eabi/6.3.1/../../../../arm-atollic-eabi/lib/armv7e-m/fpu\libc_nano.a(lib_a-nano-vfprintf_i.o)
                0x08004c18                . = ALIGN (0x4)
 *fill*         0x08004c17        0x1 

.ARM.extab
 *(.ARM.extab* .gnu.linkonce.armextab.*)

.ARM            0x08004c18        0x8
                0x08004c18                __exidx_start = .
 *(.ARM.exidx*)
 .ARM.exidx     0x08004c18        0x8 c:/program files (x86)/atollic/truestudio for stm32 9.2.0/armtools/bin/../lib/gcc/arm-atollic-eabi/6.3.1/armv7e-m/fpu\libgcc.a(_udivmoddi4.o)
                0x08004c20                __exidx_end = .

.rel.dyn        0x08004c20        0x0
 .rel.iplt      0x08004c20        0x0 c:/program files (x86)/atollic/truestudio for stm32 9.2.0/armtools/bin/../lib/gcc/arm-atollic-eabi/6.3.1/armv7e-m/fpu/crtbegin.o

.preinit_array  0x08004c20        0x0
                0x08004c20                PROVIDE (__preinit_array_start, .)
 *(.preinit_array*)
                0x08004c20                PROVIDE (__preinit_array_end, .)

.init_array     0x08004c20        0x4
                0x08004c20                PROVIDE (__init_array_start, .)
 *(SORT(.init_array.*))
 *(.init_array*)
 .init_array    0x08004c20        0x4 c:/program files (x86)/atollic/truestudio for stm32 9.2.0/armtools/bin/../lib/gcc/arm-atollic-eabi/6.3.1/armv7e-m/fpu/crtbegin.o
                0x08004c24                PROVIDE (__init_array_end, .)

.fini_array     0x08004c24        0x4
                [!provide]                PROVIDE (__fini_array_start, .)
 *(SORT(.fini_array.*))
 *(.fini_array*)
 .fini_array    0x08004c24        0x4 c:/program files (x86)/atollic/truestudio for stm32 9.2.0/armtools/bin/../lib/gcc/arm-atollic-eabi/6.3.1/armv7e-m/fpu/crtbegin.o
                [!provide]                PROVIDE (__fini_array_end, .)
                0x08004c28                _sidata = LOADADDR (.data)

.data           0x20000000       0x70 load address 0x08004c28
                0x20000000                . = ALIGN (0x4)
                0x20000000                _sdata = .
 *(.data)
 *(.data*)
 .data.uwTickFreq
                0x20000000        0x1 Drivers\STM32F4xx_HAL_Driver\Src\stm32f4xx_hal.o
                0x20000000                uwTickFreq
 *fill*         0x20000001        0x3 
 .data.uxCriticalNesting
                0x20000004        0x4 Middlewares\Third_Party\FreeRTOS\Source\portable\GCC\ARM_CM4F\port.o
 .data.SystemCoreClock
                0x20000008        0x4 Src\system_stm32f4xx.o
                0x20000008                SystemCoreClock
 .data._impure_ptr
                0x2000000c        0x4 c:/program files (x86)/atollic/truestudio for stm32 9.2.0/armtools/bin/../lib/gcc/arm-atollic-eabi/6.3.1/../../../../arm-atollic-eabi/lib/armv7e-m/fpu\libc_nano.a(lib_a-impure.o)
                0x2000000c                _impure_ptr
 .data.impure_data
                0x20000010       0x60 c:/program files (x86)/atollic/truestudio for stm32 9.2.0/armtools/bin/../lib/gcc/arm-atollic-eabi/6.3.1/../../../../arm-atollic-eabi/lib/armv7e-m/fpu\libc_nano.a(lib_a-impure.o)
                0x20000070                . = ALIGN (0x4)
                0x20000070                _edata = .

.igot.plt       0x20000070        0x0 load address 0x08004c98
 .igot.plt      0x20000070        0x0 c:/program files (x86)/atollic/truestudio for stm32 9.2.0/armtools/bin/../lib/gcc/arm-atollic-eabi/6.3.1/armv7e-m/fpu/crtbegin.o
                0x20000070                . = ALIGN (0x4)

.bss            0x20000070     0x3ea4 load address 0x08004c98
                0x20000070                _sbss = .
                0x20000070                __bss_start__ = _sbss
 *(.bss)
 .bss           0x20000070       0x1c c:/program files (x86)/atollic/truestudio for stm32 9.2.0/armtools/bin/../lib/gcc/arm-atollic-eabi/6.3.1/armv7e-m/fpu/crtbegin.o
 *(.bss*)
 .bss.ucMaxSysCallPriority
                0x2000008c        0x1 Middlewares\Third_Party\FreeRTOS\Source\portable\GCC\ARM_CM4F\port.o
 *fill*         0x2000008d        0x3 
 .bss.ulMaxPRIGROUPValue
                0x20000090        0x4 Middlewares\Third_Party\FreeRTOS\Source\portable\GCC\ARM_CM4F\port.o
 .bss.pxEnd     0x20000094        0x4 Middlewares\Third_Party\FreeRTOS\Source\portable\MemMang\heap_4.o
 .bss.ucHeap    0x20000098     0x3c00 Middlewares\Third_Party\FreeRTOS\Source\portable\MemMang\heap_4.o
 .bss.xBlockAllocatedBit
                0x20003c98        0x4 Middlewares\Third_Party\FreeRTOS\Source\portable\MemMang\heap_4.o
 .bss.xFreeBytesRemaining
                0x20003c9c        0x4 Middlewares\Third_Party\FreeRTOS\Source\portable\MemMang\heap_4.o
 .bss.xMinimumEverFreeBytesRemaining
                0x20003ca0        0x4 Middlewares\Third_Party\FreeRTOS\Source\portable\MemMang\heap_4.o
 .bss.xStart    0x20003ca4        0x8 Middlewares\Third_Party\FreeRTOS\Source\portable\MemMang\heap_4.o
 .bss.pxCurrentTCB
                0x20003cac        0x4 Middlewares\Third_Party\FreeRTOS\Source\tasks.o
                0x20003cac                pxCurrentTCB
 .bss.pxDelayedTaskList
                0x20003cb0        0x4 Middlewares\Third_Party\FreeRTOS\Source\tasks.o
 .bss.pxOverflowDelayedTaskList
                0x20003cb4        0x4 Middlewares\Third_Party\FreeRTOS\Source\tasks.o
 .bss.pxReadyTasksLists
                0x20003cb8       0x8c Middlewares\Third_Party\FreeRTOS\Source\tasks.o
 .bss.ulTaskSwitchedInTime
                0x20003d44        0x4 Middlewares\Third_Party\FreeRTOS\Source\tasks.o
 .bss.uxCurrentNumberOfTasks
                0x20003d48        0x4 Middlewares\Third_Party\FreeRTOS\Source\tasks.o
 .bss.uxDeletedTasksWaitingCleanUp
                0x20003d4c        0x4 Middlewares\Third_Party\FreeRTOS\Source\tasks.o
 .bss.uxPendedTicks
                0x20003d50        0x4 Middlewares\Third_Party\FreeRTOS\Source\tasks.o
 .bss.uxSchedulerSuspended
                0x20003d54        0x4 Middlewares\Third_Party\FreeRTOS\Source\tasks.o
 .bss.uxTaskNumber
                0x20003d58        0x4 Middlewares\Third_Party\FreeRTOS\Source\tasks.o
 .bss.uxTopReadyPriority
                0x20003d5c        0x4 Middlewares\Third_Party\FreeRTOS\Source\tasks.o
 .bss.xDelayedTaskList1
                0x20003d60       0x14 Middlewares\Third_Party\FreeRTOS\Source\tasks.o
 .bss.xDelayedTaskList2
                0x20003d74       0x14 Middlewares\Third_Party\FreeRTOS\Source\tasks.o
 .bss.xIdleTaskHandle
                0x20003d88        0x4 Middlewares\Third_Party\FreeRTOS\Source\tasks.o
 .bss.xNextTaskUnblockTime
                0x20003d8c        0x4 Middlewares\Third_Party\FreeRTOS\Source\tasks.o
 .bss.xNumOfOverflows
                0x20003d90        0x4 Middlewares\Third_Party\FreeRTOS\Source\tasks.o
 .bss.xPendingReadyList
                0x20003d94       0x14 Middlewares\Third_Party\FreeRTOS\Source\tasks.o
 .bss.xSchedulerRunning
                0x20003da8        0x4 Middlewares\Third_Party\FreeRTOS\Source\tasks.o
 .bss.xSuspendedTaskList
                0x20003dac       0x14 Middlewares\Third_Party\FreeRTOS\Source\tasks.o
 .bss.xTasksWaitingTermination
                0x20003dc0       0x14 Middlewares\Third_Party\FreeRTOS\Source\tasks.o
 .bss.xTickCount
                0x20003dd4        0x4 Middlewares\Third_Party\FreeRTOS\Source\tasks.o
 .bss.xYieldPending
                0x20003dd8        0x4 Middlewares\Third_Party\FreeRTOS\Source\tasks.o
 .bss.tim4_ov_counter
                0x20003ddc        0x4 Src\stm32f4xx_it.o
                0x20003ddc                tim4_ov_counter
 .bss.__malloc_free_list
                0x20003de0        0x4 c:/program files (x86)/atollic/truestudio for stm32 9.2.0/armtools/bin/../lib/gcc/arm-atollic-eabi/6.3.1/../../../../arm-atollic-eabi/lib/armv7e-m/fpu\libc_nano.a(lib_a-nano-mallocr.o)
                0x20003de0                __malloc_free_list
 .bss.__malloc_sbrk_start
                0x20003de4        0x4 c:/program files (x86)/atollic/truestudio for stm32 9.2.0/armtools/bin/../lib/gcc/arm-atollic-eabi/6.3.1/../../../../arm-atollic-eabi/lib/armv7e-m/fpu\libc_nano.a(lib_a-nano-mallocr.o)
                0x20003de4                __malloc_sbrk_start
 .bss.heap_end.5239
                0x20003de8        0x4 c:/program files (x86)/atollic/truestudio for stm32 9.2.0/armtools/bin/../lib/gcc/arm-atollic-eabi/6.3.1/../../../../arm-atollic-eabi/lib/armv7e-m/fpu\libnosys.a(sbrk.o)
 *(COMMON)
 COMMON         0x20003dec        0x4 Drivers\STM32F4xx_HAL_Driver\Src\stm32f4xx_hal.o
                0x20003dec                uwTick
 COMMON         0x20003df0       0xe4 Src\main.o
                0x20003df0                defaultTaskHandle
                0x20003df4                htim4
                0x20003e30                myTask05Handle
                0x20003e34                myTask04Handle
                0x20003e38                hadc1
                0x20003e80                myTask02Handle
                0x20003e84                myTask03Handle
                0x20003e88                myTask07Handle
                0x20003e8c                Mutex_UARTHandle
                0x20003e90                huart2
                0x20003ed0                myTask06Handle
 COMMON         0x20003ed4       0x3c Src\stm32f4xx_hal_timebase_tim.o
                0x20003ed4                htim6
 COMMON         0x20003f10        0x4 c:/program files (x86)/atollic/truestudio for stm32 9.2.0/armtools/bin/../lib/gcc/arm-atollic-eabi/6.3.1/../../../../arm-atollic-eabi/lib/armv7e-m/fpu\libc_nano.a(lib_a-reent.o)
                0x20003f10                errno
                0x20003f14                . = ALIGN (0x4)
                0x20003f14                _ebss = .
                0x20003f14                __bss_end__ = _ebss

._user_heap_stack
                0x20003f14      0x600 load address 0x08004c98
                0x20003f14                . = ALIGN (0x4)
                0x20003f14                PROVIDE (end, .)
                [!provide]                PROVIDE (_end, .)
                0x20004114                . = (. + _Min_Heap_Size)
 *fill*         0x20003f14      0x200 
                0x20004514                . = (. + _Min_Stack_Size)
 *fill*         0x20004114      0x400 
                0x20004514                . = ALIGN (0x4)

/DISCARD/
 libc.a(*)
 libm.a(*)
 libgcc.a(*)

.ARM.attributes
                0x00000000       0x30
 *(.ARM.attributes)
 .ARM.attributes
                0x00000000       0x22 c:/program files (x86)/atollic/truestudio for stm32 9.2.0/armtools/bin/../lib/gcc/arm-atollic-eabi/6.3.1/armv7e-m/fpu/crti.o
 .ARM.attributes
                0x00000022       0x34 c:/program files (x86)/atollic/truestudio for stm32 9.2.0/armtools/bin/../lib/gcc/arm-atollic-eabi/6.3.1/armv7e-m/fpu/crtbegin.o
 .ARM.attributes
                0x00000056       0x39 Drivers\STM32F4xx_HAL_Driver\Src\stm32f4xx_hal.o
 .ARM.attributes
                0x0000008f       0x39 Drivers\STM32F4xx_HAL_Driver\Src\stm32f4xx_hal_adc.o
 .ARM.attributes
                0x000000c8       0x39 Drivers\STM32F4xx_HAL_Driver\Src\stm32f4xx_hal_adc_ex.o
 .ARM.attributes
                0x00000101       0x39 Drivers\STM32F4xx_HAL_Driver\Src\stm32f4xx_hal_cortex.o
 .ARM.attributes
                0x0000013a       0x39 Drivers\STM32F4xx_HAL_Driver\Src\stm32f4xx_hal_dma.o
 .ARM.attributes
                0x00000173       0x39 Drivers\STM32F4xx_HAL_Driver\Src\stm32f4xx_hal_gpio.o
 .ARM.attributes
                0x000001ac       0x39 Drivers\STM32F4xx_HAL_Driver\Src\stm32f4xx_hal_rcc.o
 .ARM.attributes
                0x000001e5       0x39 Drivers\STM32F4xx_HAL_Driver\Src\stm32f4xx_hal_rcc_ex.o
 .ARM.attributes
                0x0000021e       0x39 Drivers\STM32F4xx_HAL_Driver\Src\stm32f4xx_hal_tim.o
 .ARM.attributes
                0x00000257       0x39 Drivers\STM32F4xx_HAL_Driver\Src\stm32f4xx_hal_tim_ex.o
 .ARM.attributes
                0x00000290       0x39 Drivers\STM32F4xx_HAL_Driver\Src\stm32f4xx_hal_uart.o
 .ARM.attributes
                0x000002c9       0x39 Middlewares\Third_Party\FreeRTOS\Source\CMSIS_RTOS\cmsis_os.o
 .ARM.attributes
                0x00000302       0x39 Middlewares\Third_Party\FreeRTOS\Source\list.o
 .ARM.attributes
                0x0000033b       0x39 Middlewares\Third_Party\FreeRTOS\Source\portable\GCC\ARM_CM4F\port.o
 .ARM.attributes
                0x00000374       0x39 Middlewares\Third_Party\FreeRTOS\Source\portable\MemMang\heap_4.o
 .ARM.attributes
                0x000003ad       0x39 Middlewares\Third_Party\FreeRTOS\Source\queue.o
 .ARM.attributes
                0x000003e6       0x39 Middlewares\Third_Party\FreeRTOS\Source\tasks.o
 .ARM.attributes
                0x0000041f       0x39 Src\freertos.o
 .ARM.attributes
                0x00000458       0x39 Src\main.o
 .ARM.attributes
                0x00000491       0x39 Src\stm32f4xx_hal_msp.o
 .ARM.attributes
                0x000004ca       0x39 Src\stm32f4xx_hal_timebase_tim.o
 .ARM.attributes
                0x00000503       0x39 Src\stm32f4xx_it.o
 .ARM.attributes
                0x0000053c       0x39 Src\system_stm32f4xx.o
 .ARM.attributes
                0x00000575       0x21 startup\startup_stm32f446xx.o
 .ARM.attributes
                0x00000596       0x34 c:/program files (x86)/atollic/truestudio for stm32 9.2.0/armtools/bin/../lib/gcc/arm-atollic-eabi/6.3.1/../../../../arm-atollic-eabi/lib/armv7e-m/fpu\libc_nano.a(lib_a-init.o)
 .ARM.attributes
                0x000005ca       0x34 c:/program files (x86)/atollic/truestudio for stm32 9.2.0/armtools/bin/../lib/gcc/arm-atollic-eabi/6.3.1/../../../../arm-atollic-eabi/lib/armv7e-m/fpu\libc_nano.a(lib_a-memcpy-stub.o)
 .ARM.attributes
                0x000005fe       0x34 c:/program files (x86)/atollic/truestudio for stm32 9.2.0/armtools/bin/../lib/gcc/arm-atollic-eabi/6.3.1/../../../../arm-atollic-eabi/lib/armv7e-m/fpu\libc_nano.a(lib_a-memset.o)
 .ARM.attributes
                0x00000632       0x34 c:/program files (x86)/atollic/truestudio for stm32 9.2.0/armtools/bin/../lib/gcc/arm-atollic-eabi/6.3.1/../../../../arm-atollic-eabi/lib/armv7e-m/fpu\libc_nano.a(lib_a-sprintf.o)
 .ARM.attributes
                0x00000666       0x34 c:/program files (x86)/atollic/truestudio for stm32 9.2.0/armtools/bin/../lib/gcc/arm-atollic-eabi/6.3.1/../../../../arm-atollic-eabi/lib/armv7e-m/fpu\libc_nano.a(lib_a-strcpy.o)
 .ARM.attributes
                0x0000069a       0x1b c:/program files (x86)/atollic/truestudio for stm32 9.2.0/armtools/bin/../lib/gcc/arm-atollic-eabi/6.3.1/../../../../arm-atollic-eabi/lib/armv7e-m/fpu\libc_nano.a(lib_a-strlen.o)
 .ARM.attributes
                0x000006b5       0x34 c:/program files (x86)/atollic/truestudio for stm32 9.2.0/armtools/bin/../lib/gcc/arm-atollic-eabi/6.3.1/../../../../arm-atollic-eabi/lib/armv7e-m/fpu\libc_nano.a(lib_a-impure.o)
 .ARM.attributes
                0x000006e9       0x34 c:/program files (x86)/atollic/truestudio for stm32 9.2.0/armtools/bin/../lib/gcc/arm-atollic-eabi/6.3.1/../../../../arm-atollic-eabi/lib/armv7e-m/fpu\libc_nano.a(lib_a-nano-svfprintf.o)
 .ARM.attributes
                0x0000071d       0x34 c:/program files (x86)/atollic/truestudio for stm32 9.2.0/armtools/bin/../lib/gcc/arm-atollic-eabi/6.3.1/../../../../arm-atollic-eabi/lib/armv7e-m/fpu\libc_nano.a(lib_a-nano-vfprintf_i.o)
 .ARM.attributes
                0x00000751       0x20 c:/program files (x86)/atollic/truestudio for stm32 9.2.0/armtools/bin/../lib/gcc/arm-atollic-eabi/6.3.1/../../../../arm-atollic-eabi/lib/armv7e-m/fpu\libc_nano.a(lib_a-memchr.o)
 .ARM.attributes
                0x00000771       0x34 c:/program files (x86)/atollic/truestudio for stm32 9.2.0/armtools/bin/../lib/gcc/arm-atollic-eabi/6.3.1/../../../../arm-atollic-eabi/lib/armv7e-m/fpu\libc_nano.a(lib_a-memmove.o)
 .ARM.attributes
                0x000007a5       0x34 c:/program files (x86)/atollic/truestudio for stm32 9.2.0/armtools/bin/../lib/gcc/arm-atollic-eabi/6.3.1/../../../../arm-atollic-eabi/lib/armv7e-m/fpu\libc_nano.a(lib_a-nano-freer.o)
 .ARM.attributes
                0x000007d9       0x34 c:/program files (x86)/atollic/truestudio for stm32 9.2.0/armtools/bin/../lib/gcc/arm-atollic-eabi/6.3.1/../../../../arm-atollic-eabi/lib/armv7e-m/fpu\libc_nano.a(lib_a-nano-mallocr.o)
 .ARM.attributes
                0x0000080d       0x34 c:/program files (x86)/atollic/truestudio for stm32 9.2.0/armtools/bin/../lib/gcc/arm-atollic-eabi/6.3.1/../../../../arm-atollic-eabi/lib/armv7e-m/fpu\libc_nano.a(lib_a-nano-reallocr.o)
 .ARM.attributes
                0x00000841       0x34 c:/program files (x86)/atollic/truestudio for stm32 9.2.0/armtools/bin/../lib/gcc/arm-atollic-eabi/6.3.1/../../../../arm-atollic-eabi/lib/armv7e-m/fpu\libc_nano.a(lib_a-sbrkr.o)
 .ARM.attributes
                0x00000875       0x34 c:/program files (x86)/atollic/truestudio for stm32 9.2.0/armtools/bin/../lib/gcc/arm-atollic-eabi/6.3.1/../../../../arm-atollic-eabi/lib/armv7e-m/fpu\libc_nano.a(lib_a-mlock.o)
 .ARM.attributes
                0x000008a9       0x34 c:/program files (x86)/atollic/truestudio for stm32 9.2.0/armtools/bin/../lib/gcc/arm-atollic-eabi/6.3.1/../../../../arm-atollic-eabi/lib/armv7e-m/fpu\libc_nano.a(lib_a-nano-msizer.o)
 .ARM.attributes
                0x000008dd       0x34 c:/program files (x86)/atollic/truestudio for stm32 9.2.0/armtools/bin/../lib/gcc/arm-atollic-eabi/6.3.1/../../../../arm-atollic-eabi/lib/armv7e-m/fpu\libc_nano.a(lib_a-reent.o)
 .ARM.attributes
                0x00000911       0x22 c:/program files (x86)/atollic/truestudio for stm32 9.2.0/armtools/bin/../lib/gcc/arm-atollic-eabi/6.3.1/armv7e-m/fpu\libgcc.a(_aeabi_uldivmod.o)
 .ARM.attributes
                0x00000933       0x34 c:/program files (x86)/atollic/truestudio for stm32 9.2.0/armtools/bin/../lib/gcc/arm-atollic-eabi/6.3.1/armv7e-m/fpu\libgcc.a(_udivmoddi4.o)
 .ARM.attributes
                0x00000967       0x22 c:/program files (x86)/atollic/truestudio for stm32 9.2.0/armtools/bin/../lib/gcc/arm-atollic-eabi/6.3.1/armv7e-m/fpu\libgcc.a(_dvmd_tls.o)
 .ARM.attributes
                0x00000989       0x34 c:/program files (x86)/atollic/truestudio for stm32 9.2.0/armtools/bin/../lib/gcc/arm-atollic-eabi/6.3.1/../../../../arm-atollic-eabi/lib/armv7e-m/fpu\libnosys.a(sbrk.o)
 .ARM.attributes
                0x000009bd       0x22 c:/program files (x86)/atollic/truestudio for stm32 9.2.0/armtools/bin/../lib/gcc/arm-atollic-eabi/6.3.1/armv7e-m/fpu/crtn.o
OUTPUT(Lab3_rev2.elf elf32-littlearm)

.debug_info     0x00000000    0x2322d
 .debug_info    0x00000000     0x123e Drivers\STM32F4xx_HAL_Driver\Src\stm32f4xx_hal.o
 .debug_info    0x0000123e     0x15ad Drivers\STM32F4xx_HAL_Driver\Src\stm32f4xx_hal_adc.o
 .debug_info    0x000027eb     0x13dd Drivers\STM32F4xx_HAL_Driver\Src\stm32f4xx_hal_adc_ex.o
 .debug_info    0x00003bc8     0x1762 Drivers\STM32F4xx_HAL_Driver\Src\stm32f4xx_hal_cortex.o
 .debug_info    0x0000532a     0x125c Drivers\STM32F4xx_HAL_Driver\Src\stm32f4xx_hal_dma.o
 .debug_info    0x00006586      0xfd6 Drivers\STM32F4xx_HAL_Driver\Src\stm32f4xx_hal_gpio.o
 .debug_info    0x0000755c     0x12a9 Drivers\STM32F4xx_HAL_Driver\Src\stm32f4xx_hal_rcc.o
 .debug_info    0x00008805     0x13fa Drivers\STM32F4xx_HAL_Driver\Src\stm32f4xx_hal_rcc_ex.o
 .debug_info    0x00009bff     0x3ba2 Drivers\STM32F4xx_HAL_Driver\Src\stm32f4xx_hal_tim.o
 .debug_info    0x0000d7a1     0x19a5 Drivers\STM32F4xx_HAL_Driver\Src\stm32f4xx_hal_tim_ex.o
 .debug_info    0x0000f146     0x1ea3 Drivers\STM32F4xx_HAL_Driver\Src\stm32f4xx_hal_uart.o
 .debug_info    0x00010fe9     0x267d Middlewares\Third_Party\FreeRTOS\Source\CMSIS_RTOS\cmsis_os.o
 .debug_info    0x00013666      0xac0 Middlewares\Third_Party\FreeRTOS\Source\list.o
 .debug_info    0x00014126      0x531 Middlewares\Third_Party\FreeRTOS\Source\portable\GCC\ARM_CM4F\port.o
 .debug_info    0x00014657      0xca5 Middlewares\Third_Party\FreeRTOS\Source\portable\MemMang\heap_4.o
 .debug_info    0x000152fc     0x2082 Middlewares\Third_Party\FreeRTOS\Source\queue.o
 .debug_info    0x0001737e     0x3598 Middlewares\Third_Party\FreeRTOS\Source\tasks.o
 .debug_info    0x0001a916      0xe23 Src\freertos.o
 .debug_info    0x0001b739     0x2aba Src\main.o
 .debug_info    0x0001e1f3     0x1a0c Src\stm32f4xx_hal_msp.o
 .debug_info    0x0001fbff     0x13f8 Src\stm32f4xx_hal_timebase_tim.o
 .debug_info    0x00020ff7     0x146e Src\stm32f4xx_it.o
 .debug_info    0x00022465      0xd50 Src\system_stm32f4xx.o
 .debug_info    0x000231b5       0x78 startup\startup_stm32f446xx.o

.debug_abbrev   0x00000000     0x445b
 .debug_abbrev  0x00000000      0x308 Drivers\STM32F4xx_HAL_Driver\Src\stm32f4xx_hal.o
 .debug_abbrev  0x00000308      0x321 Drivers\STM32F4xx_HAL_Driver\Src\stm32f4xx_hal_adc.o
 .debug_abbrev  0x00000629      0x2e6 Drivers\STM32F4xx_HAL_Driver\Src\stm32f4xx_hal_adc_ex.o
 .debug_abbrev  0x0000090f      0x399 Drivers\STM32F4xx_HAL_Driver\Src\stm32f4xx_hal_cortex.o
 .debug_abbrev  0x00000ca8      0x34a Drivers\STM32F4xx_HAL_Driver\Src\stm32f4xx_hal_dma.o
 .debug_abbrev  0x00000ff2      0x268 Drivers\STM32F4xx_HAL_Driver\Src\stm32f4xx_hal_gpio.o
 .debug_abbrev  0x0000125a      0x353 Drivers\STM32F4xx_HAL_Driver\Src\stm32f4xx_hal_rcc.o
 .debug_abbrev  0x000015ad      0x295 Drivers\STM32F4xx_HAL_Driver\Src\stm32f4xx_hal_rcc_ex.o
 .debug_abbrev  0x00001842      0x3ac Drivers\STM32F4xx_HAL_Driver\Src\stm32f4xx_hal_tim.o
 .debug_abbrev  0x00001bee      0x300 Drivers\STM32F4xx_HAL_Driver\Src\stm32f4xx_hal_tim_ex.o
 .debug_abbrev  0x00001eee      0x397 Drivers\STM32F4xx_HAL_Driver\Src\stm32f4xx_hal_uart.o
 .debug_abbrev  0x00002285      0x456 Middlewares\Third_Party\FreeRTOS\Source\CMSIS_RTOS\cmsis_os.o
 .debug_abbrev  0x000026db      0x1e3 Middlewares\Third_Party\FreeRTOS\Source\list.o
 .debug_abbrev  0x000028be      0x211 Middlewares\Third_Party\FreeRTOS\Source\portable\GCC\ARM_CM4F\port.o
 .debug_abbrev  0x00002acf      0x314 Middlewares\Third_Party\FreeRTOS\Source\portable\MemMang\heap_4.o
 .debug_abbrev  0x00002de3      0x3b6 Middlewares\Third_Party\FreeRTOS\Source\queue.o
 .debug_abbrev  0x00003199      0x490 Middlewares\Third_Party\FreeRTOS\Source\tasks.o
 .debug_abbrev  0x00003629      0x1c6 Src\freertos.o
 .debug_abbrev  0x000037ef      0x36a Src\main.o
 .debug_abbrev  0x00003b59      0x24a Src\stm32f4xx_hal_msp.o
 .debug_abbrev  0x00003da3      0x258 Src\stm32f4xx_hal_timebase_tim.o
 .debug_abbrev  0x00003ffb      0x284 Src\stm32f4xx_it.o
 .debug_abbrev  0x0000427f      0x1ca Src\system_stm32f4xx.o
 .debug_abbrev  0x00004449       0x12 startup\startup_stm32f446xx.o

.debug_loc      0x00000000     0xbed9
 .debug_loc     0x00000000      0x11b Drivers\STM32F4xx_HAL_Driver\Src\stm32f4xx_hal.o
 .debug_loc     0x0000011b      0x7c5 Drivers\STM32F4xx_HAL_Driver\Src\stm32f4xx_hal_adc.o
 .debug_loc     0x000008e0      0x7d1 Drivers\STM32F4xx_HAL_Driver\Src\stm32f4xx_hal_adc_ex.o
 .debug_loc     0x000010b1      0x4fb Drivers\STM32F4xx_HAL_Driver\Src\stm32f4xx_hal_cortex.o
 .debug_loc     0x000015ac      0x727 Drivers\STM32F4xx_HAL_Driver\Src\stm32f4xx_hal_dma.o
 .debug_loc     0x00001cd3      0x3cd Drivers\STM32F4xx_HAL_Driver\Src\stm32f4xx_hal_gpio.o
 .debug_loc     0x000020a0      0x336 Drivers\STM32F4xx_HAL_Driver\Src\stm32f4xx_hal_rcc.o
 .debug_loc     0x000023d6      0xa31 Drivers\STM32F4xx_HAL_Driver\Src\stm32f4xx_hal_rcc_ex.o
 .debug_loc     0x00002e07     0x30b2 Drivers\STM32F4xx_HAL_Driver\Src\stm32f4xx_hal_tim.o
 .debug_loc     0x00005eb9      0x84a Drivers\STM32F4xx_HAL_Driver\Src\stm32f4xx_hal_tim_ex.o
 .debug_loc     0x00006703     0x132c Drivers\STM32F4xx_HAL_Driver\Src\stm32f4xx_hal_uart.o
 .debug_loc     0x00007a2f     0x10f0 Middlewares\Third_Party\FreeRTOS\Source\CMSIS_RTOS\cmsis_os.o
 .debug_loc     0x00008b1f       0x94 Middlewares\Third_Party\FreeRTOS\Source\list.o
 .debug_loc     0x00008bb3       0xcf Middlewares\Third_Party\FreeRTOS\Source\portable\GCC\ARM_CM4F\port.o
 .debug_loc     0x00008c82      0x390 Middlewares\Third_Party\FreeRTOS\Source\portable\MemMang\heap_4.o
 .debug_loc     0x00009012      0xe67 Middlewares\Third_Party\FreeRTOS\Source\queue.o
 .debug_loc     0x00009e79     0x1aff Middlewares\Third_Party\FreeRTOS\Source\tasks.o
 .debug_loc     0x0000b978      0x2b1 Src\main.o
 .debug_loc     0x0000bc29       0xd1 Src\stm32f4xx_hal_msp.o
 .debug_loc     0x0000bcfa       0xa5 Src\stm32f4xx_hal_timebase_tim.o
 .debug_loc     0x0000bd9f       0x1e Src\stm32f4xx_it.o
 .debug_loc     0x0000bdbd      0x11c Src\system_stm32f4xx.o

.debug_aranges  0x00000000     0x1078
 .debug_aranges
                0x00000000       0xd8 Drivers\STM32F4xx_HAL_Driver\Src\stm32f4xx_hal.o
 .debug_aranges
                0x000000d8       0xb8 Drivers\STM32F4xx_HAL_Driver\Src\stm32f4xx_hal_adc.o
 .debug_aranges
                0x00000190       0x90 Drivers\STM32F4xx_HAL_Driver\Src\stm32f4xx_hal_adc_ex.o
 .debug_aranges
                0x00000220       0xa8 Drivers\STM32F4xx_HAL_Driver\Src\stm32f4xx_hal_cortex.o
 .debug_aranges
                0x000002c8       0x80 Drivers\STM32F4xx_HAL_Driver\Src\stm32f4xx_hal_dma.o
 .debug_aranges
                0x00000348       0x58 Drivers\STM32F4xx_HAL_Driver\Src\stm32f4xx_hal_gpio.o
 .debug_aranges
                0x000003a0       0x88 Drivers\STM32F4xx_HAL_Driver\Src\stm32f4xx_hal_rcc.o
 .debug_aranges
                0x00000428       0x78 Drivers\STM32F4xx_HAL_Driver\Src\stm32f4xx_hal_rcc_ex.o
 .debug_aranges
                0x000004a0      0x250 Drivers\STM32F4xx_HAL_Driver\Src\stm32f4xx_hal_tim.o
 .debug_aranges
                0x000006f0       0xf0 Drivers\STM32F4xx_HAL_Driver\Src\stm32f4xx_hal_tim_ex.o
 .debug_aranges
                0x000007e0      0x170 Drivers\STM32F4xx_HAL_Driver\Src\stm32f4xx_hal_uart.o
 .debug_aranges
                0x00000950      0x1a8 Middlewares\Third_Party\FreeRTOS\Source\CMSIS_RTOS\cmsis_os.o
 .debug_aranges
                0x00000af8       0x40 Middlewares\Third_Party\FreeRTOS\Source\list.o
 .debug_aranges
                0x00000b38       0x80 Middlewares\Third_Party\FreeRTOS\Source\portable\GCC\ARM_CM4F\port.o
 .debug_aranges
                0x00000bb8       0x48 Middlewares\Third_Party\FreeRTOS\Source\portable\MemMang\heap_4.o
 .debug_aranges
                0x00000c00       0xd8 Middlewares\Third_Party\FreeRTOS\Source\queue.o
 .debug_aranges
                0x00000cd8      0x1d8 Middlewares\Third_Party\FreeRTOS\Source\tasks.o
 .debug_aranges
                0x00000eb0       0x28 Src\freertos.o
 .debug_aranges
                0x00000ed8       0x70 Src\main.o
 .debug_aranges
                0x00000f48       0x48 Src\stm32f4xx_hal_msp.o
 .debug_aranges
                0x00000f90       0x30 Src\stm32f4xx_hal_timebase_tim.o
 .debug_aranges
                0x00000fc0       0x68 Src\stm32f4xx_it.o
 .debug_aranges
                0x00001028       0x28 Src\system_stm32f4xx.o
 .debug_aranges
                0x00001050       0x28 startup\startup_stm32f446xx.o

.debug_ranges   0x00000000     0x1508
 .debug_ranges  0x00000000       0xc8 Drivers\STM32F4xx_HAL_Driver\Src\stm32f4xx_hal.o
 .debug_ranges  0x000000c8       0xc8 Drivers\STM32F4xx_HAL_Driver\Src\stm32f4xx_hal_adc.o
 .debug_ranges  0x00000190       0x80 Drivers\STM32F4xx_HAL_Driver\Src\stm32f4xx_hal_adc_ex.o
 .debug_ranges  0x00000210      0x138 Drivers\STM32F4xx_HAL_Driver\Src\stm32f4xx_hal_cortex.o
 .debug_ranges  0x00000348       0xc8 Drivers\STM32F4xx_HAL_Driver\Src\stm32f4xx_hal_dma.o
 .debug_ranges  0x00000410       0x68 Drivers\STM32F4xx_HAL_Driver\Src\stm32f4xx_hal_gpio.o
 .debug_ranges  0x00000478       0xb0 Drivers\STM32F4xx_HAL_Driver\Src\stm32f4xx_hal_rcc.o
 .debug_ranges  0x00000528       0x80 Drivers\STM32F4xx_HAL_Driver\Src\stm32f4xx_hal_rcc_ex.o
 .debug_ranges  0x000005a8      0x330 Drivers\STM32F4xx_HAL_Driver\Src\stm32f4xx_hal_tim.o
 .debug_ranges  0x000008d8       0xe0 Drivers\STM32F4xx_HAL_Driver\Src\stm32f4xx_hal_tim_ex.o
 .debug_ranges  0x000009b8      0x178 Drivers\STM32F4xx_HAL_Driver\Src\stm32f4xx_hal_uart.o
 .debug_ranges  0x00000b30      0x198 Middlewares\Third_Party\FreeRTOS\Source\CMSIS_RTOS\cmsis_os.o
 .debug_ranges  0x00000cc8       0x30 Middlewares\Third_Party\FreeRTOS\Source\list.o
 .debug_ranges  0x00000cf8       0x88 Middlewares\Third_Party\FreeRTOS\Source\portable\GCC\ARM_CM4F\port.o
 .debug_ranges  0x00000d80       0x38 Middlewares\Third_Party\FreeRTOS\Source\portable\MemMang\heap_4.o
 .debug_ranges  0x00000db8      0x1b8 Middlewares\Third_Party\FreeRTOS\Source\queue.o
 .debug_ranges  0x00000f70      0x2f8 Middlewares\Third_Party\FreeRTOS\Source\tasks.o
 .debug_ranges  0x00001268       0x18 Src\freertos.o
 .debug_ranges  0x00001280      0x120 Src\main.o
 .debug_ranges  0x000013a0       0x98 Src\stm32f4xx_hal_msp.o
 .debug_ranges  0x00001438       0x40 Src\stm32f4xx_hal_timebase_tim.o
 .debug_ranges  0x00001478       0x58 Src\stm32f4xx_it.o
 .debug_ranges  0x000014d0       0x18 Src\system_stm32f4xx.o
 .debug_ranges  0x000014e8       0x20 startup\startup_stm32f446xx.o

.debug_line     0x00000000     0x9524
 .debug_line    0x00000000      0x492 Drivers\STM32F4xx_HAL_Driver\Src\stm32f4xx_hal.o
 .debug_line    0x00000492      0x760 Drivers\STM32F4xx_HAL_Driver\Src\stm32f4xx_hal_adc.o
 .debug_line    0x00000bf2      0x63d Drivers\STM32F4xx_HAL_Driver\Src\stm32f4xx_hal_adc_ex.o
 .debug_line    0x0000122f      0x4dc Drivers\STM32F4xx_HAL_Driver\Src\stm32f4xx_hal_cortex.o
 .debug_line    0x0000170b      0x5f7 Drivers\STM32F4xx_HAL_Driver\Src\stm32f4xx_hal_dma.o
 .debug_line    0x00001d02      0x475 Drivers\STM32F4xx_HAL_Driver\Src\stm32f4xx_hal_gpio.o
 .debug_line    0x00002177      0x58b Drivers\STM32F4xx_HAL_Driver\Src\stm32f4xx_hal_rcc.o
 .debug_line    0x00002702      0x78a Drivers\STM32F4xx_HAL_Driver\Src\stm32f4xx_hal_rcc_ex.o
 .debug_line    0x00002e8c     0x117f Drivers\STM32F4xx_HAL_Driver\Src\stm32f4xx_hal_tim.o
 .debug_line    0x0000400b      0x6cb Drivers\STM32F4xx_HAL_Driver\Src\stm32f4xx_hal_tim_ex.o
 .debug_line    0x000046d6      0xbef Drivers\STM32F4xx_HAL_Driver\Src\stm32f4xx_hal_uart.o
 .debug_line    0x000052c5      0x910 Middlewares\Third_Party\FreeRTOS\Source\CMSIS_RTOS\cmsis_os.o
 .debug_line    0x00005bd5      0x368 Middlewares\Third_Party\FreeRTOS\Source\list.o
 .debug_line    0x00005f3d      0x349 Middlewares\Third_Party\FreeRTOS\Source\portable\GCC\ARM_CM4F\port.o
 .debug_line    0x00006286      0x415 Middlewares\Third_Party\FreeRTOS\Source\portable\MemMang\heap_4.o
 .debug_line    0x0000669b      0x847 Middlewares\Third_Party\FreeRTOS\Source\queue.o
 .debug_line    0x00006ee2      0xe5a Middlewares\Third_Party\FreeRTOS\Source\tasks.o
 .debug_line    0x00007d3c      0x2cf Src\freertos.o
 .debug_line    0x0000800b      0x722 Src\main.o
 .debug_line    0x0000872d      0x39b Src\stm32f4xx_hal_msp.o
 .debug_line    0x00008ac8      0x328 Src\stm32f4xx_hal_timebase_tim.o
 .debug_line    0x00008df0      0x440 Src\stm32f4xx_it.o
 .debug_line    0x00009230      0x275 Src\system_stm32f4xx.o
 .debug_line    0x000094a5       0x7f startup\startup_stm32f446xx.o

.debug_str      0x00000000     0x66d0
 .debug_str     0x00000000      0xf5a Drivers\STM32F4xx_HAL_Driver\Src\stm32f4xx_hal.o
                               0x1020 (size before relaxing)
 .debug_str     0x00000f5a      0x682 Drivers\STM32F4xx_HAL_Driver\Src\stm32f4xx_hal_adc.o
                                0xdba (size before relaxing)
 .debug_str     0x000015dc      0x2df Drivers\STM32F4xx_HAL_Driver\Src\stm32f4xx_hal_adc_ex.o
                                0xe1d (size before relaxing)
 .debug_str     0x000018bb      0x3ba Drivers\STM32F4xx_HAL_Driver\Src\stm32f4xx_hal_cortex.o
                               0x10d2 (size before relaxing)
 .debug_str     0x00001c75      0x2ef Drivers\STM32F4xx_HAL_Driver\Src\stm32f4xx_hal_dma.o
                                0xbed (size before relaxing)
 .debug_str     0x00001f64      0x1d3 Drivers\STM32F4xx_HAL_Driver\Src\stm32f4xx_hal_gpio.o
                                0x98c (size before relaxing)
 .debug_str     0x00002137      0x2ee Drivers\STM32F4xx_HAL_Driver\Src\stm32f4xx_hal_rcc.o
                                0xb64 (size before relaxing)
 .debug_str     0x00002425      0x347 Drivers\STM32F4xx_HAL_Driver\Src\stm32f4xx_hal_rcc_ex.o
                                0xc67 (size before relaxing)
 .debug_str     0x0000276c      0xeda Drivers\STM32F4xx_HAL_Driver\Src\stm32f4xx_hal_tim.o
                               0x182c (size before relaxing)
 .debug_str     0x00003646      0x50d Drivers\STM32F4xx_HAL_Driver\Src\stm32f4xx_hal_tim_ex.o
                               0x10ec (size before relaxing)
 .debug_str     0x00003b53      0x6d6 Drivers\STM32F4xx_HAL_Driver\Src\stm32f4xx_hal_uart.o
                               0x1069 (size before relaxing)
 .debug_str     0x00004229      0xc17 Middlewares\Third_Party\FreeRTOS\Source\CMSIS_RTOS\cmsis_os.o
                               0x130c (size before relaxing)
 .debug_str     0x00004e40      0x159 Middlewares\Third_Party\FreeRTOS\Source\list.o
                                0x753 (size before relaxing)
 .debug_str     0x00004f99      0x21e Middlewares\Third_Party\FreeRTOS\Source\portable\GCC\ARM_CM4F\port.o
                                0x482 (size before relaxing)
 .debug_str     0x000051b7      0x1e8 Middlewares\Third_Party\FreeRTOS\Source\portable\MemMang\heap_4.o
                                0x83c (size before relaxing)
 .debug_str     0x0000539f      0x4b2 Middlewares\Third_Party\FreeRTOS\Source\queue.o
                                0xd99 (size before relaxing)
 .debug_str     0x00005851      0xa04 Middlewares\Third_Party\FreeRTOS\Source\tasks.o
                               0x15ff (size before relaxing)
 .debug_str     0x00006255       0x28 Src\freertos.o
                                0xa8f (size before relaxing)
 .debug_str     0x0000627d      0x2d9 Src\main.o
                               0x1e12 (size before relaxing)
 .debug_str     0x00006556       0x1b Src\stm32f4xx_hal_msp.o
                               0x14f9 (size before relaxing)
 .debug_str     0x00006571       0x50 Src\stm32f4xx_hal_timebase_tim.o
                               0x1226 (size before relaxing)
 .debug_str     0x000065c1       0xca Src\stm32f4xx_it.o
                                0xf18 (size before relaxing)
 .debug_str     0x0000668b       0x45 Src\system_stm32f4xx.o
                                0x7f0 (size before relaxing)

.comment        0x00000000       0x7c
 .comment       0x00000000       0x7c Drivers\STM32F4xx_HAL_Driver\Src\stm32f4xx_hal.o
                                 0x7d (size before relaxing)
 .comment       0x0000007c       0x7d Drivers\STM32F4xx_HAL_Driver\Src\stm32f4xx_hal_adc.o
 .comment       0x0000007c       0x7d Drivers\STM32F4xx_HAL_Driver\Src\stm32f4xx_hal_adc_ex.o
 .comment       0x0000007c       0x7d Drivers\STM32F4xx_HAL_Driver\Src\stm32f4xx_hal_cortex.o
 .comment       0x0000007c       0x7d Drivers\STM32F4xx_HAL_Driver\Src\stm32f4xx_hal_dma.o
 .comment       0x0000007c       0x7d Drivers\STM32F4xx_HAL_Driver\Src\stm32f4xx_hal_gpio.o
 .comment       0x0000007c       0x7d Drivers\STM32F4xx_HAL_Driver\Src\stm32f4xx_hal_rcc.o
 .comment       0x0000007c       0x7d Drivers\STM32F4xx_HAL_Driver\Src\stm32f4xx_hal_rcc_ex.o
 .comment       0x0000007c       0x7d Drivers\STM32F4xx_HAL_Driver\Src\stm32f4xx_hal_tim.o
 .comment       0x0000007c       0x7d Drivers\STM32F4xx_HAL_Driver\Src\stm32f4xx_hal_tim_ex.o
 .comment       0x0000007c       0x7d Drivers\STM32F4xx_HAL_Driver\Src\stm32f4xx_hal_uart.o
 .comment       0x0000007c       0x7d Middlewares\Third_Party\FreeRTOS\Source\CMSIS_RTOS\cmsis_os.o
 .comment       0x0000007c       0x7d Middlewares\Third_Party\FreeRTOS\Source\list.o
 .comment       0x0000007c       0x7d Middlewares\Third_Party\FreeRTOS\Source\portable\GCC\ARM_CM4F\port.o
 .comment       0x0000007c       0x7d Middlewares\Third_Party\FreeRTOS\Source\portable\MemMang\heap_4.o
 .comment       0x0000007c       0x7d Middlewares\Third_Party\FreeRTOS\Source\queue.o
 .comment       0x0000007c       0x7d Middlewares\Third_Party\FreeRTOS\Source\tasks.o
 .comment       0x0000007c       0x7d Src\freertos.o
 .comment       0x0000007c       0x7d Src\main.o
 .comment       0x0000007c       0x7d Src\stm32f4xx_hal_msp.o
 .comment       0x0000007c       0x7d Src\stm32f4xx_hal_timebase_tim.o
 .comment       0x0000007c       0x7d Src\stm32f4xx_it.o
 .comment       0x0000007c       0x7d Src\system_stm32f4xx.o

.debug_frame    0x00000000     0x32f0
 .debug_frame   0x00000000      0x1d0 Drivers\STM32F4xx_HAL_Driver\Src\stm32f4xx_hal.o
 .debug_frame   0x000001d0      0x244 Drivers\STM32F4xx_HAL_Driver\Src\stm32f4xx_hal_adc.o
 .debug_frame   0x00000414      0x160 Drivers\STM32F4xx_HAL_Driver\Src\stm32f4xx_hal_adc_ex.o
 .debug_frame   0x00000574      0x158 Drivers\STM32F4xx_HAL_Driver\Src\stm32f4xx_hal_cortex.o
 .debug_frame   0x000006cc      0x150 Drivers\STM32F4xx_HAL_Driver\Src\stm32f4xx_hal_dma.o
 .debug_frame   0x0000081c       0xd8 Drivers\STM32F4xx_HAL_Driver\Src\stm32f4xx_hal_gpio.o
 .debug_frame   0x000008f4      0x13c Drivers\STM32F4xx_HAL_Driver\Src\stm32f4xx_hal_rcc.o
 .debug_frame   0x00000a30      0x150 Drivers\STM32F4xx_HAL_Driver\Src\stm32f4xx_hal_rcc_ex.o
 .debug_frame   0x00000b80      0x854 Drivers\STM32F4xx_HAL_Driver\Src\stm32f4xx_hal_tim.o
 .debug_frame   0x000013d4      0x330 Drivers\STM32F4xx_HAL_Driver\Src\stm32f4xx_hal_tim_ex.o
 .debug_frame   0x00001704      0x4a0 Drivers\STM32F4xx_HAL_Driver\Src\stm32f4xx_hal_uart.o
 .debug_frame   0x00001ba4      0x514 Middlewares\Third_Party\FreeRTOS\Source\CMSIS_RTOS\cmsis_os.o
 .debug_frame   0x000020b8       0x6c Middlewares\Third_Party\FreeRTOS\Source\list.o
 .debug_frame   0x00002124       0xf0 Middlewares\Third_Party\FreeRTOS\Source\portable\GCC\ARM_CM4F\port.o
 .debug_frame   0x00002214       0x98 Middlewares\Third_Party\FreeRTOS\Source\portable\MemMang\heap_4.o
 .debug_frame   0x000022ac      0x298 Middlewares\Third_Party\FreeRTOS\Source\queue.o
 .debug_frame   0x00002544      0x630 Middlewares\Third_Party\FreeRTOS\Source\tasks.o
 .debug_frame   0x00002b74       0x30 Src\freertos.o
 .debug_frame   0x00002ba4      0x128 Src\main.o
 .debug_frame   0x00002ccc       0xb0 Src\stm32f4xx_hal_msp.o
 .debug_frame   0x00002d7c       0x54 Src\stm32f4xx_hal_timebase_tim.o
 .debug_frame   0x00002dd0       0xd4 Src\stm32f4xx_it.o
 .debug_frame   0x00002ea4       0x38 Src\system_stm32f4xx.o
 .debug_frame   0x00002edc       0x2c c:/program files (x86)/atollic/truestudio for stm32 9.2.0/armtools/bin/../lib/gcc/arm-atollic-eabi/6.3.1/../../../../arm-atollic-eabi/lib/armv7e-m/fpu\libc_nano.a(lib_a-init.o)
 .debug_frame   0x00002f08       0x28 c:/program files (x86)/atollic/truestudio for stm32 9.2.0/armtools/bin/../lib/gcc/arm-atollic-eabi/6.3.1/../../../../arm-atollic-eabi/lib/armv7e-m/fpu\libc_nano.a(lib_a-memcpy-stub.o)
 .debug_frame   0x00002f30       0x20 c:/program files (x86)/atollic/truestudio for stm32 9.2.0/armtools/bin/../lib/gcc/arm-atollic-eabi/6.3.1/../../../../arm-atollic-eabi/lib/armv7e-m/fpu\libc_nano.a(lib_a-memset.o)
 .debug_frame   0x00002f50       0x70 c:/program files (x86)/atollic/truestudio for stm32 9.2.0/armtools/bin/../lib/gcc/arm-atollic-eabi/6.3.1/../../../../arm-atollic-eabi/lib/armv7e-m/fpu\libc_nano.a(lib_a-sprintf.o)
 .debug_frame   0x00002fc0       0x20 c:/program files (x86)/atollic/truestudio for stm32 9.2.0/armtools/bin/../lib/gcc/arm-atollic-eabi/6.3.1/../../../../arm-atollic-eabi/lib/armv7e-m/fpu\libc_nano.a(lib_a-strcpy.o)
 .debug_frame   0x00002fe0       0x90 c:/program files (x86)/atollic/truestudio for stm32 9.2.0/armtools/bin/../lib/gcc/arm-atollic-eabi/6.3.1/../../../../arm-atollic-eabi/lib/armv7e-m/fpu\libc_nano.a(lib_a-nano-svfprintf.o)
 .debug_frame   0x00003070       0x60 c:/program files (x86)/atollic/truestudio for stm32 9.2.0/armtools/bin/../lib/gcc/arm-atollic-eabi/6.3.1/../../../../arm-atollic-eabi/lib/armv7e-m/fpu\libc_nano.a(lib_a-nano-vfprintf_i.o)
 .debug_frame   0x000030d0       0x28 c:/program files (x86)/atollic/truestudio for stm32 9.2.0/armtools/bin/../lib/gcc/arm-atollic-eabi/6.3.1/../../../../arm-atollic-eabi/lib/armv7e-m/fpu\libc_nano.a(lib_a-memmove.o)
 .debug_frame   0x000030f8       0x38 c:/program files (x86)/atollic/truestudio for stm32 9.2.0/armtools/bin/../lib/gcc/arm-atollic-eabi/6.3.1/../../../../arm-atollic-eabi/lib/armv7e-m/fpu\libc_nano.a(lib_a-nano-freer.o)
 .debug_frame   0x00003130       0x2c c:/program files (x86)/atollic/truestudio for stm32 9.2.0/armtools/bin/../lib/gcc/arm-atollic-eabi/6.3.1/../../../../arm-atollic-eabi/lib/armv7e-m/fpu\libc_nano.a(lib_a-nano-mallocr.o)
 .debug_frame   0x0000315c       0x3c c:/program files (x86)/atollic/truestudio for stm32 9.2.0/armtools/bin/../lib/gcc/arm-atollic-eabi/6.3.1/../../../../arm-atollic-eabi/lib/armv7e-m/fpu\libc_nano.a(lib_a-nano-reallocr.o)
 .debug_frame   0x00003198       0x2c c:/program files (x86)/atollic/truestudio for stm32 9.2.0/armtools/bin/../lib/gcc/arm-atollic-eabi/6.3.1/../../../../arm-atollic-eabi/lib/armv7e-m/fpu\libc_nano.a(lib_a-sbrkr.o)
 .debug_frame   0x000031c4       0x30 c:/program files (x86)/atollic/truestudio for stm32 9.2.0/armtools/bin/../lib/gcc/arm-atollic-eabi/6.3.1/../../../../arm-atollic-eabi/lib/armv7e-m/fpu\libc_nano.a(lib_a-mlock.o)
 .debug_frame   0x000031f4       0x20 c:/program files (x86)/atollic/truestudio for stm32 9.2.0/armtools/bin/../lib/gcc/arm-atollic-eabi/6.3.1/../../../../arm-atollic-eabi/lib/armv7e-m/fpu\libc_nano.a(lib_a-nano-msizer.o)
 .debug_frame   0x00003214       0x5c c:/program files (x86)/atollic/truestudio for stm32 9.2.0/armtools/bin/../lib/gcc/arm-atollic-eabi/6.3.1/../../../../arm-atollic-eabi/lib/armv7e-m/fpu\libc_nano.a(lib_a-reent.o)
 .debug_frame   0x00003270       0x2c c:/program files (x86)/atollic/truestudio for stm32 9.2.0/armtools/bin/../lib/gcc/arm-atollic-eabi/6.3.1/armv7e-m/fpu\libgcc.a(_aeabi_uldivmod.o)
 .debug_frame   0x0000329c       0x34 c:/program files (x86)/atollic/truestudio for stm32 9.2.0/armtools/bin/../lib/gcc/arm-atollic-eabi/6.3.1/armv7e-m/fpu\libgcc.a(_udivmoddi4.o)
 .debug_frame   0x000032d0       0x20 c:/program files (x86)/atollic/truestudio for stm32 9.2.0/armtools/bin/../lib/gcc/arm-atollic-eabi/6.3.1/../../../../arm-atollic-eabi/lib/armv7e-m/fpu\libnosys.a(sbrk.o)
