Archive member included to satisfy reference by file (symbol)

c:/program files (x86)/atollic/truestudio for stm32 9.3.0/armtools/bin/../lib/gcc/arm-atollic-eabi/6.3.1/../../../../arm-atollic-eabi/lib/armv7e-m/fpu\libc_nano.a(lib_a-init.o)
                              startup\startup_stm32f446xx.o (__libc_init_array)
c:/program files (x86)/atollic/truestudio for stm32 9.3.0/armtools/bin/../lib/gcc/arm-atollic-eabi/6.3.1/../../../../arm-atollic-eabi/lib/armv7e-m/fpu\libc_nano.a(lib_a-memcpy-stub.o)
                              Middlewares\Third_Party\FreeRTOS\Source\queue.o (memcpy)
c:/program files (x86)/atollic/truestudio for stm32 9.3.0/armtools/bin/../lib/gcc/arm-atollic-eabi/6.3.1/../../../../arm-atollic-eabi/lib/armv7e-m/fpu\libc_nano.a(lib_a-memset.o)
                              Middlewares\Third_Party\FreeRTOS\Source\tasks.o (memset)
c:/program files (x86)/atollic/truestudio for stm32 9.3.0/armtools/bin/../lib/gcc/arm-atollic-eabi/6.3.1/../../../../arm-atollic-eabi/lib/armv7e-m/fpu\libc_nano.a(lib_a-sprintf.o)
                              Middlewares\Third_Party\FreeRTOS\Source\tasks.o (sprintf)
c:/program files (x86)/atollic/truestudio for stm32 9.3.0/armtools/bin/../lib/gcc/arm-atollic-eabi/6.3.1/../../../../arm-atollic-eabi/lib/armv7e-m/fpu\libc_nano.a(lib_a-strcpy.o)
                              Middlewares\Third_Party\FreeRTOS\Source\tasks.o (strcpy)
c:/program files (x86)/atollic/truestudio for stm32 9.3.0/armtools/bin/../lib/gcc/arm-atollic-eabi/6.3.1/../../../../arm-atollic-eabi/lib/armv7e-m/fpu\libc_nano.a(lib_a-strlen.o)
                              Middlewares\Third_Party\FreeRTOS\Source\tasks.o (strlen)
c:/program files (x86)/atollic/truestudio for stm32 9.3.0/armtools/bin/../lib/gcc/arm-atollic-eabi/6.3.1/../../../../arm-atollic-eabi/lib/armv7e-m/fpu\libc_nano.a(lib_a-impure.o)
                              c:/program files (x86)/atollic/truestudio for stm32 9.3.0/armtools/bin/../lib/gcc/arm-atollic-eabi/6.3.1/../../../../arm-atollic-eabi/lib/armv7e-m/fpu\libc_nano.a(lib_a-sprintf.o) (_impure_ptr)
c:/program files (x86)/atollic/truestudio for stm32 9.3.0/armtools/bin/../lib/gcc/arm-atollic-eabi/6.3.1/../../../../arm-atollic-eabi/lib/armv7e-m/fpu\libc_nano.a(lib_a-nano-svfprintf.o)
                              c:/program files (x86)/atollic/truestudio for stm32 9.3.0/armtools/bin/../lib/gcc/arm-atollic-eabi/6.3.1/../../../../arm-atollic-eabi/lib/armv7e-m/fpu\libc_nano.a(lib_a-sprintf.o) (_svfprintf_r)
c:/program files (x86)/atollic/truestudio for stm32 9.3.0/armtools/bin/../lib/gcc/arm-atollic-eabi/6.3.1/../../../../arm-atollic-eabi/lib/armv7e-m/fpu\libc_nano.a(lib_a-nano-vfprintf_i.o)
                              c:/program files (x86)/atollic/truestudio for stm32 9.3.0/armtools/bin/../lib/gcc/arm-atollic-eabi/6.3.1/../../../../arm-atollic-eabi/lib/armv7e-m/fpu\libc_nano.a(lib_a-nano-svfprintf.o) (_printf_i)
c:/program files (x86)/atollic/truestudio for stm32 9.3.0/armtools/bin/../lib/gcc/arm-atollic-eabi/6.3.1/../../../../arm-atollic-eabi/lib/armv7e-m/fpu\libc_nano.a(lib_a-memchr.o)
                              c:/program files (x86)/atollic/truestudio for stm32 9.3.0/armtools/bin/../lib/gcc/arm-atollic-eabi/6.3.1/../../../../arm-atollic-eabi/lib/armv7e-m/fpu\libc_nano.a(lib_a-nano-svfprintf.o) (memchr)
c:/program files (x86)/atollic/truestudio for stm32 9.3.0/armtools/bin/../lib/gcc/arm-atollic-eabi/6.3.1/../../../../arm-atollic-eabi/lib/armv7e-m/fpu\libc_nano.a(lib_a-memmove.o)
                              c:/program files (x86)/atollic/truestudio for stm32 9.3.0/armtools/bin/../lib/gcc/arm-atollic-eabi/6.3.1/../../../../arm-atollic-eabi/lib/armv7e-m/fpu\libc_nano.a(lib_a-nano-svfprintf.o) (memmove)
c:/program files (x86)/atollic/truestudio for stm32 9.3.0/armtools/bin/../lib/gcc/arm-atollic-eabi/6.3.1/../../../../arm-atollic-eabi/lib/armv7e-m/fpu\libc_nano.a(lib_a-nano-freer.o)
                              c:/program files (x86)/atollic/truestudio for stm32 9.3.0/armtools/bin/../lib/gcc/arm-atollic-eabi/6.3.1/../../../../arm-atollic-eabi/lib/armv7e-m/fpu\libc_nano.a(lib_a-nano-svfprintf.o) (_free_r)
c:/program files (x86)/atollic/truestudio for stm32 9.3.0/armtools/bin/../lib/gcc/arm-atollic-eabi/6.3.1/../../../../arm-atollic-eabi/lib/armv7e-m/fpu\libc_nano.a(lib_a-nano-mallocr.o)
                              c:/program files (x86)/atollic/truestudio for stm32 9.3.0/armtools/bin/../lib/gcc/arm-atollic-eabi/6.3.1/../../../../arm-atollic-eabi/lib/armv7e-m/fpu\libc_nano.a(lib_a-nano-svfprintf.o) (_malloc_r)
c:/program files (x86)/atollic/truestudio for stm32 9.3.0/armtools/bin/../lib/gcc/arm-atollic-eabi/6.3.1/../../../../arm-atollic-eabi/lib/armv7e-m/fpu\libc_nano.a(lib_a-nano-reallocr.o)
                              c:/program files (x86)/atollic/truestudio for stm32 9.3.0/armtools/bin/../lib/gcc/arm-atollic-eabi/6.3.1/../../../../arm-atollic-eabi/lib/armv7e-m/fpu\libc_nano.a(lib_a-nano-svfprintf.o) (_realloc_r)
[...]
Memory Configuration

Name             Origin             Length             Attributes
RAM              0x20000000         0x00020000         xrw
FLASH            0x08000000         0x00080000         xr
*default*        0x00000000         0xffffffff

Linker script and memory map

LOAD c:/program files (x86)/atollic/truestudio for stm32 9.3.0/armtools/bin/../lib/gcc/arm-atollic-eabi/6.3.1/armv7e-m/fpu/crti.o
LOAD c:/program files (x86)/atollic/truestudio for stm32 9.3.0/armtools/bin/../lib/gcc/arm-atollic-eabi/6.3.1/armv7e-m/fpu/crtbegin.o
LOAD Drivers\STM32F4xx_HAL_Driver\Src\stm32f4xx_hal.o
LOAD Drivers\STM32F4xx_HAL_Driver\Src\stm32f4xx_hal_adc.o
LOAD Drivers\STM32F4xx_HAL_Driver\Src\stm32f4xx_hal_adc_ex.o
LOAD Drivers\STM32F4xx_HAL_Driver\Src\stm32f4xx_hal_cortex.o
LOAD Drivers\STM32F4xx_HAL_Driver\Src\stm32f4xx_hal_dma.o
LOAD Drivers\STM32F4xx_HAL_Driver\Src\stm32f4xx_hal_dma_ex.o
LOAD Drivers\STM32F4xx_HAL_Driver\Src\stm32f4xx_hal_flash.o
LOAD Drivers\STM32F4xx_HAL_Driver\Src\stm32f4xx_hal_flash_ex.o
LOAD Drivers\STM32F4xx_HAL_Driver\Src\stm32f4xx_hal_flash_ramfunc.o
LOAD Drivers\STM32F4xx_HAL_Driver\Src\stm32f4xx_hal_gpio.o
LOAD Drivers\STM32F4xx_HAL_Driver\Src\stm32f4xx_hal_pwr.o
LOAD Drivers\STM32F4xx_HAL_Driver\Src\stm32f4xx_hal_pwr_ex.o
LOAD Drivers\STM32F4xx_HAL_Driver\Src\stm32f4xx_hal_rcc.o
LOAD Drivers\STM32F4xx_HAL_Driver\Src\stm32f4xx_hal_rcc_ex.o
LOAD Drivers\STM32F4xx_HAL_Driver\Src\stm32f4xx_hal_tim.o
LOAD Drivers\STM32F4xx_HAL_Driver\Src\stm32f4xx_hal_tim_ex.o
LOAD Drivers\STM32F4xx_HAL_Driver\Src\stm32f4xx_hal_uart.o
LOAD Middlewares\Third_Party\FreeRTOS\Source\CMSIS_RTOS\cmsis_os.o
LOAD Middlewares\Third_Party\FreeRTOS\Source\croutine.o
LOAD Middlewares\Third_Party\FreeRTOS\Source\event_groups.o
LOAD Middlewares\Third_Party\FreeRTOS\Source\list.o
LOAD Middlewares\Third_Party\FreeRTOS\Source\portable\GCC\ARM_CM4F\port.o
LOAD Middlewares\Third_Party\FreeRTOS\Source\portable\MemMang\heap_4.o
LOAD Middlewares\Third_Party\FreeRTOS\Source\queue.o
LOAD Middlewares\Third_Party\FreeRTOS\Source\tasks.o
LOAD Middlewares\Third_Party\FreeRTOS\Source\timers.o
LOAD Src\freertos.o
LOAD Src\main.o
LOAD Src\stm32f4xx_hal_msp.o
LOAD Src\stm32f4xx_hal_timebase_tim.o
LOAD Src\stm32f4xx_it.o
LOAD Src\system_stm32f4xx.o
LOAD startup\startup_stm32f446xx.o
                0x00000080                malloc_getpagesize_P = 0x80
START GROUP
LOAD c:/program files (x86)/atollic/truestudio for stm32 9.3.0/armtools/bin/../lib/gcc/arm-atollic-eabi/6.3.1/../../../../arm-atollic-eabi/lib/armv7e-m/fpu\libc_nano.a
LOAD c:/program files (x86)/atollic/truestudio for stm32 9.3.0/armtools/bin/../lib/gcc/arm-atollic-eabi/6.3.1/../../../../arm-atollic-eabi/lib/armv7e-m/fpu\libm.a
END GROUP
START GROUP
LOAD c:/program files (x86)/atollic/truestudio for stm32 9.3.0/armtools/bin/../lib/gcc/arm-atollic-eabi/6.3.1/armv7e-m/fpu\libgcc.a
LOAD c:/program files (x86)/atollic/truestudio for stm32 9.3.0/armtools/bin/../lib/gcc/arm-atollic-eabi/6.3.1/../../../../arm-atollic-eabi/lib/armv7e-m/fpu\libc_nano.a
END GROUP
START GROUP
LOAD c:/program files (x86)/atollic/truestudio for stm32 9.3.0/armtools/bin/../lib/gcc/arm-atollic-eabi/6.3.1/armv7e-m/fpu\libgcc.a
LOAD c:/program files (x86)/atollic/truestudio for stm32 9.3.0/armtools/bin/../lib/gcc/arm-atollic-eabi/6.3.1/../../../../arm-atollic-eabi/lib/armv7e-m/fpu\libc_nano.a
LOAD c:/program files (x86)/atollic/truestudio for stm32 9.3.0/armtools/bin/../lib/gcc/arm-atollic-eabi/6.3.1/../../../../arm-atollic-eabi/lib/armv7e-m/fpu\libnosys.a
END GROUP
START GROUP
LOAD c:/program files (x86)/atollic/truestudio for stm32 9.3.0/armtools/bin/../lib/gcc/arm-atollic-eabi/6.3.1/armv7e-m/fpu\libgcc.a
LOAD c:/program files (x86)/atollic/truestudio for stm32 9.3.0/armtools/bin/../lib/gcc/arm-atollic-eabi/6.3.1/../../../../arm-atollic-eabi/lib/armv7e-m/fpu\libc_nano.a
LOAD c:/program files (x86)/atollic/truestudio for stm32 9.3.0/armtools/bin/../lib/gcc/arm-atollic-eabi/6.3.1/../../../../arm-atollic-eabi/lib/armv7e-m/fpu\libnosys.a
END GROUP
LOAD c:/program files (x86)/atollic/truestudio for stm32 9.3.0/armtools/bin/../lib/gcc/arm-atollic-eabi/6.3.1/armv7e-m/fpu/crtend.o
LOAD c:/program files (x86)/atollic/truestudio for stm32 9.3.0/armtools/bin/../lib/gcc/arm-atollic-eabi/6.3.1/armv7e-m/fpu/crtn.o
                0x20020000                _estack = 0x20020000
                0x00000200                _Min_Heap_Size = 0x200
                0x00000400                _Min_Stack_Size = 0x400

.isr_vector     0x08000000      0x1c4
                0x08000000                . = ALIGN (0x4)
 *(.isr_vector)
 .isr_vector    0x08000000      0x1c4 startup\startup_stm32f446xx.o
                0x08000000                g_pfnVectors
                0x080001c4                . = ALIGN (0x4)

.text           0x080001d0     0x48ac
                0x080001d0                . = ALIGN (0x4)
 *(.text)
 .text          0x080001d0       0x40 c:/program files (x86)/atollic/truestudio for stm32 9.3.0/armtools/bin/../lib/gcc/arm-atollic-eabi/6.3.1/armv7e-m/fpu/crtbegin.o
 .text          0x08000210       0x10 c:/program files (x86)/atollic/truestudio for stm32 9.3.0/armtools/bin/../lib/gcc/arm-atollic-eabi/6.3.1/../../../../arm-atollic-eabi/lib/armv7e-m/fpu\libc_nano.a(lib_a-strlen.o)
                0x08000210                strlen
 .text          0x08000220       0xa0 c:/program files (x86)/atollic/truestudio for stm32 9.3.0/armtools/bin/../lib/gcc/arm-atollic-eabi/6.3.1/../../../../arm-atollic-eabi/lib/armv7e-m/fpu\libc_nano.a(lib_a-memchr.o)
                0x08000220                memchr
 .text          0x080002c0       0x30 c:/program files (x86)/atollic/truestudio for stm32 9.3.0/armtools/bin/../lib/gcc/arm-atollic-eabi/6.3.1/armv7e-m/fpu\libgcc.a(_aeabi_uldivmod.o)
                0x080002c0                __aeabi_uldivmod
 .text          0x080002f0      0x2dc c:/program files (x86)/atollic/truestudio for stm32 9.3.0/armtools/bin/../lib/gcc/arm-atollic-eabi/6.3.1/armv7e-m/fpu\libgcc.a(_udivmoddi4.o)
                0x080002f0                __udivmoddi4
 .text          0x080005cc        0x4 c:/program files (x86)/atollic/truestudio for stm32 9.3.0/armtools/bin/../lib/gcc/arm-atollic-eabi/6.3.1/armv7e-m/fpu\libgcc.a(_dvmd_tls.o)
                0x080005cc                __aeabi_idiv0
                0x080005cc                __aeabi_ldiv0
 *(.text*)
 .text.HAL_Init
                0x080005d0       0x34 Drivers\STM32F4xx_HAL_Driver\Src\stm32f4xx_hal.o
                0x080005d0                HAL_Init
 .text.HAL_IncTick
                0x08000604       0x18 Drivers\STM32F4xx_HAL_Driver\Src\stm32f4xx_hal.o
                0x08000604                HAL_IncTick
 .text.HAL_GetTick
                0x0800061c        0xc Drivers\STM32F4xx_HAL_Driver\Src\stm32f4xx_hal.o
                0x0800061c                HAL_GetTick
 .text.HAL_ADC_Init
                0x08000628      0x148 Drivers\STM32F4xx_HAL_Driver\Src\stm32f4xx_hal_adc.o
                0x08000628                HAL_ADC_Init
 .text.HAL_ADC_PollForConversion
                0x08000770       0xa0 Drivers\STM32F4xx_HAL_Driver\Src\stm32f4xx_hal_adc.o
                0x08000770                HAL_ADC_PollForConversion
 .text.HAL_ADC_Start_IT
                0x08000810       0xcc Drivers\STM32F4xx_HAL_Driver\Src\stm32f4xx_hal_adc.o
                0x08000810                HAL_ADC_Start_IT
 .text.HAL_ADC_GetValue
                0x080008dc        0x6 Drivers\STM32F4xx_HAL_Driver\Src\stm32f4xx_hal_adc.o
                0x080008dc                HAL_ADC_GetValue
 .text.HAL_ADC_ConvCpltCallback
                0x080008e2        0x2 Drivers\STM32F4xx_HAL_Driver\Src\stm32f4xx_hal_adc.o
                0x080008e2                HAL_ADC_ConvCpltCallback
 .text.HAL_ADC_LevelOutOfWindowCallback
                0x080008e4        0x2 Drivers\STM32F4xx_HAL_Driver\Src\stm32f4xx_hal_adc.o
                0x080008e4                HAL_ADC_LevelOutOfWindowCallback
 .text.HAL_ADC_ErrorCallback
                0x080008e6        0x2 Drivers\STM32F4xx_HAL_Driver\Src\stm32f4xx_hal_adc.o
                0x080008e6                HAL_ADC_ErrorCallback
 .text.HAL_ADC_IRQHandler
                0x080008e8      0x128 Drivers\STM32F4xx_HAL_Driver\Src\stm32f4xx_hal_adc.o
                0x080008e8                HAL_ADC_IRQHandler
 .text.HAL_ADC_ConfigChannel
                0x08000a10      0x130 Drivers\STM32F4xx_HAL_Driver\Src\stm32f4xx_hal_adc.o
                0x08000a10                HAL_ADC_ConfigChannel
 .text.HAL_ADCEx_InjectedConvCpltCallback
                0x08000b40        0x2 Drivers\STM32F4xx_HAL_Driver\Src\stm32f4xx_hal_adc_ex.o
                0x08000b40                HAL_ADCEx_InjectedConvCpltCallback
 *fill*         0x08000b42        0x2 
 .text.HAL_NVIC_SetPriorityGrouping
                0x08000b44       0x24 Drivers\STM32F4xx_HAL_Driver\Src\stm32f4xx_hal_cortex.o
                0x08000b44                HAL_NVIC_SetPriorityGrouping
 .text.HAL_NVIC_SetPriority
                0x08000b68       0x68 Drivers\STM32F4xx_HAL_Driver\Src\stm32f4xx_hal_cortex.o
                0x08000b68                HAL_NVIC_SetPriority
 .text.HAL_NVIC_EnableIRQ
                0x08000bd0       0x18 Drivers\STM32F4xx_HAL_Driver\Src\stm32f4xx_hal_cortex.o
                0x08000bd0                HAL_NVIC_EnableIRQ
 .text.HAL_DMA_Abort_IT
                0x08000be8       0x24 Drivers\STM32F4xx_HAL_Driver\Src\stm32f4xx_hal_dma.o
                0x08000be8                HAL_DMA_Abort_IT
 .text.HAL_GPIO_Init
                0x08000c0c      0x1b4 Drivers\STM32F4xx_HAL_Driver\Src\stm32f4xx_hal_gpio.o
                0x08000c0c                HAL_GPIO_Init
 .text.HAL_GPIO_ReadPin
                0x08000dc0        0xc Drivers\STM32F4xx_HAL_Driver\Src\stm32f4xx_hal_gpio.o
                0x08000dc0                HAL_GPIO_ReadPin
 .text.HAL_GPIO_WritePin
                0x08000dcc        0xa Drivers\STM32F4xx_HAL_Driver\Src\stm32f4xx_hal_gpio.o
                0x08000dcc                HAL_GPIO_WritePin
 .text.HAL_GPIO_TogglePin
                0x08000dd6        0x8 Drivers\STM32F4xx_HAL_Driver\Src\stm32f4xx_hal_gpio.o
                0x08000dd6                HAL_GPIO_TogglePin
 *fill*         0x08000dde        0x2 
 .text.HAL_RCC_ClockConfig
                0x08000de0      0x134 Drivers\STM32F4xx_HAL_Driver\Src\stm32f4xx_hal_rcc.o
                0x08000de0                HAL_RCC_ClockConfig
 .text.HAL_RCC_GetPCLK1Freq
                0x08000f14       0x20 Drivers\STM32F4xx_HAL_Driver\Src\stm32f4xx_hal_rcc.o
                0x08000f14                HAL_RCC_GetPCLK1Freq
 .text.HAL_RCC_GetPCLK2Freq
                0x08000f34       0x20 Drivers\STM32F4xx_HAL_Driver\Src\stm32f4xx_hal_rcc.o
                0x08000f34                HAL_RCC_GetPCLK2Freq
 .text.HAL_RCC_GetClockConfig
                0x08000f54       0x3c Drivers\STM32F4xx_HAL_Driver\Src\stm32f4xx_hal_rcc.o
                0x08000f54                HAL_RCC_GetClockConfig
 .text.HAL_RCC_GetSysClockFreq
                0x08000f90       0x90 Drivers\STM32F4xx_HAL_Driver\Src\stm32f4xx_hal_rcc_ex.o
                0x08000f90                HAL_RCC_GetSysClockFreq
 .text.HAL_RCC_OscConfig
                0x08001020      0x334 Drivers\STM32F4xx_HAL_Driver\Src\stm32f4xx_hal_rcc_ex.o
                0x08001020                HAL_RCC_OscConfig
 .text.TIM_OC1_SetConfig
                0x08001354       0x58 Drivers\STM32F4xx_HAL_Driver\Src\stm32f4xx_hal_tim.o
 .text.TIM_OC3_SetConfig
                0x080013ac       0x60 Drivers\STM32F4xx_HAL_Driver\Src\stm32f4xx_hal_tim.o
 .text.TIM_OC4_SetConfig
                0x0800140c       0x50 Drivers\STM32F4xx_HAL_Driver\Src\stm32f4xx_hal_tim.o
 .text.HAL_TIM_Base_MspInit
                0x0800145c        0x2 Drivers\STM32F4xx_HAL_Driver\Src\stm32f4xx_hal_tim.o
                0x0800145c                HAL_TIM_Base_MspInit
 .text.HAL_TIM_Base_Start_IT
                0x0800145e       0x16 Drivers\STM32F4xx_HAL_Driver\Src\stm32f4xx_hal_tim.o
                0x0800145e                HAL_TIM_Base_Start_IT
 .text.HAL_TIM_OC_MspInit
                0x08001474        0x2 Drivers\STM32F4xx_HAL_Driver\Src\stm32f4xx_hal_tim.o
                0x08001474                HAL_TIM_OC_MspInit
 .text.HAL_TIM_ConfigClockSource
                0x08001476      0x172 Drivers\STM32F4xx_HAL_Driver\Src\stm32f4xx_hal_tim.o
                0x08001476                HAL_TIM_ConfigClockSource
 .text.HAL_TIM_OC_DelayElapsedCallback
                0x080015e8        0x2 Drivers\STM32F4xx_HAL_Driver\Src\stm32f4xx_hal_tim.o
                0x080015e8                HAL_TIM_OC_DelayElapsedCallback
 .text.HAL_TIM_IC_CaptureCallback
                0x080015ea        0x2 Drivers\STM32F4xx_HAL_Driver\Src\stm32f4xx_hal_tim.o
                0x080015ea                HAL_TIM_IC_CaptureCallback
 .text.HAL_TIM_PWM_PulseFinishedCallback
                0x080015ec        0x2 Drivers\STM32F4xx_HAL_Driver\Src\stm32f4xx_hal_tim.o
                0x080015ec                HAL_TIM_PWM_PulseFinishedCallback
 .text.HAL_TIM_TriggerCallback
                0x080015ee        0x2 Drivers\STM32F4xx_HAL_Driver\Src\stm32f4xx_hal_tim.o
                0x080015ee                HAL_TIM_TriggerCallback
 .text.HAL_TIM_IRQHandler
                0x080015f0      0x144 Drivers\STM32F4xx_HAL_Driver\Src\stm32f4xx_hal_tim.o
                0x080015f0                HAL_TIM_IRQHandler
 .text.TIM_Base_SetConfig
                0x08001734       0xc8 Drivers\STM32F4xx_HAL_Driver\Src\stm32f4xx_hal_tim.o
                0x08001734                TIM_Base_SetConfig
 .text.HAL_TIM_Base_Init
                0x080017fc       0x34 Drivers\STM32F4xx_HAL_Driver\Src\stm32f4xx_hal_tim.o
                0x080017fc                HAL_TIM_Base_Init
 .text.HAL_TIM_OC_Init
                0x08001830       0x34 Drivers\STM32F4xx_HAL_Driver\Src\stm32f4xx_hal_tim.o
                0x08001830                HAL_TIM_OC_Init
 .text.TIM_OC2_SetConfig
                0x08001864       0x60 Drivers\STM32F4xx_HAL_Driver\Src\stm32f4xx_hal_tim.o
                0x08001864                TIM_OC2_SetConfig
 .text.HAL_TIM_OC_ConfigChannel
                0x080018c4       0x5c Drivers\STM32F4xx_HAL_Driver\Src\stm32f4xx_hal_tim.o
                0x080018c4                HAL_TIM_OC_ConfigChannel
 .text.HAL_TIMEx_MasterConfigSynchronization
                0x08001920       0x44 Drivers\STM32F4xx_HAL_Driver\Src\stm32f4xx_hal_tim_ex.o
                0x08001920                HAL_TIMEx_MasterConfigSynchronization
 .text.HAL_TIMEx_CommutationCallback
                0x08001964        0x2 Drivers\STM32F4xx_HAL_Driver\Src\stm32f4xx_hal_tim_ex.o
                0x08001964                HAL_TIMEx_CommutationCallback
 .text.HAL_TIMEx_BreakCallback
                0x08001966        0x2 Drivers\STM32F4xx_HAL_Driver\Src\stm32f4xx_hal_tim_ex.o
                0x08001966                HAL_TIMEx_BreakCallback
 .text.UART_EndRxTransfer
                0x08001968       0x1a Drivers\STM32F4xx_HAL_Driver\Src\stm32f4xx_hal_uart.o
 *fill*         0x08001982        0x2 
 .text.UART_SetConfig
                0x08001984      0x234 Drivers\STM32F4xx_HAL_Driver\Src\stm32f4xx_hal_uart.o
 .text.UART_WaitOnFlagUntilTimeout.constprop.3
                0x08001bb8       0x50 Drivers\STM32F4xx_HAL_Driver\Src\stm32f4xx_hal_uart.o
 .text.HAL_UART_Init
                0x08001c08       0x5c Drivers\STM32F4xx_HAL_Driver\Src\stm32f4xx_hal_uart.o
                0x08001c08                HAL_UART_Init
 .text.HAL_UART_Transmit
                0x08001c64       0xba Drivers\STM32F4xx_HAL_Driver\Src\stm32f4xx_hal_uart.o
                0x08001c64                HAL_UART_Transmit
 .text.HAL_UART_Transmit_IT
                0x08001d1e       0x3e Drivers\STM32F4xx_HAL_Driver\Src\stm32f4xx_hal_uart.o
                0x08001d1e                HAL_UART_Transmit_IT
 .text.HAL_UART_Receive_IT
                0x08001d5c       0x46 Drivers\STM32F4xx_HAL_Driver\Src\stm32f4xx_hal_uart.o
                0x08001d5c                HAL_UART_Receive_IT
 .text.HAL_UART_TxCpltCallback
                0x08001da2        0x2 Drivers\STM32F4xx_HAL_Driver\Src\stm32f4xx_hal_uart.o
                0x08001da2                HAL_UART_TxCpltCallback
 .text.HAL_UART_RxCpltCallback
                0x08001da4        0x2 Drivers\STM32F4xx_HAL_Driver\Src\stm32f4xx_hal_uart.o
                0x08001da4                HAL_UART_RxCpltCallback
 .text.UART_Receive_IT
                0x08001da6       0x74 Drivers\STM32F4xx_HAL_Driver\Src\stm32f4xx_hal_uart.o
 .text.HAL_UART_ErrorCallback
                0x08001e1a        0x2 Drivers\STM32F4xx_HAL_Driver\Src\stm32f4xx_hal_uart.o
                0x08001e1a                HAL_UART_ErrorCallback
 .text.HAL_UART_IRQHandler
                0x08001e1c      0x140 Drivers\STM32F4xx_HAL_Driver\Src\stm32f4xx_hal_uart.o
                0x08001e1c                HAL_UART_IRQHandler
 .text.UART_DMAAbortOnError
                0x08001f5c       0x10 Drivers\STM32F4xx_HAL_Driver\Src\stm32f4xx_hal_uart.o
 .text.osKernelStart
                0x08001f6c        0xa Middlewares\Third_Party\FreeRTOS\Source\CMSIS_RTOS\cmsis_os.o
                0x08001f6c                osKernelStart
 .text.osThreadCreate
                0x08001f76       0x30 Middlewares\Third_Party\FreeRTOS\Source\CMSIS_RTOS\cmsis_os.o
                0x08001f76                osThreadCreate
 .text.osDelay  0x08001fa6       0x10 Middlewares\Third_Party\FreeRTOS\Source\CMSIS_RTOS\cmsis_os.o
                0x08001fa6                osDelay
 .text.osMutexCreate
                0x08001fb6        0x6 Middlewares\Third_Party\FreeRTOS\Source\CMSIS_RTOS\cmsis_os.o
                0x08001fb6                osMutexCreate
 .text.vListInitialise
                0x08001fbc       0x16 Middlewares\Third_Party\FreeRTOS\Source\list.o
                0x08001fbc                vListInitialise
 .text.vListInitialiseItem
                0x08001fd2        0x6 Middlewares\Third_Party\FreeRTOS\Source\list.o
                0x08001fd2                vListInitialiseItem
 .text.vListInsertEnd
                0x08001fd8       0x18 Middlewares\Third_Party\FreeRTOS\Source\list.o
                0x08001fd8                vListInsertEnd
 .text.vListInsert
                0x08001ff0       0x2e Middlewares\Third_Party\FreeRTOS\Source\list.o
                0x08001ff0                vListInsert
 .text.uxListRemove
                0x0800201e       0x20 Middlewares\Third_Party\FreeRTOS\Source\list.o
                0x0800201e                uxListRemove
 *fill*         0x0800203e        0x2 
 .text.prvTaskExitError
                0x08002040       0x30 Middlewares\Third_Party\FreeRTOS\Source\portable\GCC\ARM_CM4F\port.o
 .text.prvPortStartFirstTask
                0x08002070       0x20 Middlewares\Third_Party\FreeRTOS\Source\portable\GCC\ARM_CM4F\port.o
 .text.vPortEnableVFP
                0x08002090       0x14 Middlewares\Third_Party\FreeRTOS\Source\portable\GCC\ARM_CM4F\port.o
 .text.pxPortInitialiseStack
                0x080020a4       0x2c Middlewares\Third_Party\FreeRTOS\Source\portable\GCC\ARM_CM4F\port.o
                0x080020a4                pxPortInitialiseStack
 .text.SVC_Handler
                0x080020d0       0x24 Middlewares\Third_Party\FreeRTOS\Source\portable\GCC\ARM_CM4F\port.o
                0x080020d0                SVC_Handler
 .text.vPortEnterCritical
                0x080020f4       0x44 Middlewares\Third_Party\FreeRTOS\Source\portable\GCC\ARM_CM4F\port.o
                0x080020f4                vPortEnterCritical
 .text.vPortExitCritical
                0x08002138       0x28 Middlewares\Third_Party\FreeRTOS\Source\portable\GCC\ARM_CM4F\port.o
                0x08002138                vPortExitCritical
 .text.PendSV_Handler
                0x08002160       0x64 Middlewares\Third_Party\FreeRTOS\Source\portable\GCC\ARM_CM4F\port.o
                0x08002160                PendSV_Handler
 .text.SysTick_Handler
                0x080021c4       0x2c Middlewares\Third_Party\FreeRTOS\Source\portable\GCC\ARM_CM4F\port.o
                0x080021c4                SysTick_Handler
 .text.vPortSetupTimerInterrupt
                0x080021f0       0x28 Middlewares\Third_Party\FreeRTOS\Source\portable\GCC\ARM_CM4F\port.o
                0x080021f0                vPortSetupTimerInterrupt
 .text.xPortStartScheduler
                0x08002218       0xec Middlewares\Third_Party\FreeRTOS\Source\portable\GCC\ARM_CM4F\port.o
                0x08002218                xPortStartScheduler
 .text.unlikely.prvInsertBlockIntoFreeList
                0x08002304       0x48 Middlewares\Third_Party\FreeRTOS\Source\portable\MemMang\heap_4.o
 .text.pvPortMalloc
                0x0800234c      0x11c Middlewares\Third_Party\FreeRTOS\Source\portable\MemMang\heap_4.o
                0x0800234c                pvPortMalloc
 .text.vPortFree
                0x08002468       0x70 Middlewares\Third_Party\FreeRTOS\Source\portable\MemMang\heap_4.o
                0x08002468                vPortFree
 .text.unlikely.prvCopyDataToQueue
                0x080024d8       0x66 Middlewares\Third_Party\FreeRTOS\Source\queue.o
 .text.unlikely.prvCopyDataFromQueue
                0x0800253e       0x2a Middlewares\Third_Party\FreeRTOS\Source\queue.o
 .text.prvUnlockQueue
                0x08002568       0x70 Middlewares\Third_Party\FreeRTOS\Source\queue.o
 .text.xQueueGenericReset
                0x080025d8       0x80 Middlewares\Third_Party\FreeRTOS\Source\queue.o
                0x080025d8                xQueueGenericReset
 .text.xQueueGenericCreate
                0x08002658       0x48 Middlewares\Third_Party\FreeRTOS\Source\queue.o
                0x08002658                xQueueGenericCreate
 .text.xQueueGenericSend
                0x080026a0      0x16c Middlewares\Third_Party\FreeRTOS\Source\queue.o
                0x080026a0                xQueueGenericSend
 .text.xQueueCreateMutex
                0x0800280c       0x24 Middlewares\Third_Party\FreeRTOS\Source\queue.o
                0x0800280c                xQueueCreateMutex
 .text.xQueueGenericReceive
                0x08002830      0x188 Middlewares\Third_Party\FreeRTOS\Source\queue.o
                0x08002830                xQueueGenericReceive
 .text.prvWriteNameToBuffer
                0x080029b8       0x22 Middlewares\Third_Party\FreeRTOS\Source\tasks.o
 *fill*         0x080029da        0x2 
 .text.prvResetNextTaskUnblockTime
                0x080029dc       0x24 Middlewares\Third_Party\FreeRTOS\Source\tasks.o
 .text.prvAddCurrentTaskToDelayedList
                0x08002a00       0x8c Middlewares\Third_Party\FreeRTOS\Source\tasks.o
 .text.vTaskSetTimeOutState.part.6
                0x08002a8c       0x12 Middlewares\Third_Party\FreeRTOS\Source\tasks.o
 *fill*         0x08002a9e        0x2 
 .text.prvTaskIsTaskSuspended
                0x08002aa0       0x2c Middlewares\Third_Party\FreeRTOS\Source\tasks.o
 .text.xTaskCreate
                0x08002acc      0x1b0 Middlewares\Third_Party\FreeRTOS\Source\tasks.o
                0x08002acc                xTaskCreate
 .text.eTaskGetState
                0x08002c7c       0x70 Middlewares\Third_Party\FreeRTOS\Source\tasks.o
                0x08002c7c                eTaskGetState
 .text.vTaskResume
                0x08002cec       0x84 Middlewares\Third_Party\FreeRTOS\Source\tasks.o
                0x08002cec                vTaskResume
 .text.vTaskStartScheduler
                0x08002d70       0x7c Middlewares\Third_Party\FreeRTOS\Source\tasks.o
                0x08002d70                vTaskStartScheduler
 .text.vTaskSuspendAll
                0x08002dec       0x10 Middlewares\Third_Party\FreeRTOS\Source\tasks.o
                0x08002dec                vTaskSuspendAll
 .text.xTaskGetTickCount
                0x08002dfc        0xc Middlewares\Third_Party\FreeRTOS\Source\tasks.o
                0x08002dfc                xTaskGetTickCount
 .text.xTaskIncrementTick
                0x08002e08      0x124 Middlewares\Third_Party\FreeRTOS\Source\tasks.o
                0x08002e08                xTaskIncrementTick
 .text.xTaskResumeAll
                0x08002f2c       0xf0 Middlewares\Third_Party\FreeRTOS\Source\tasks.o
                0x08002f2c                xTaskResumeAll
 .text.vTaskDelay
                0x0800301c       0x48 Middlewares\Third_Party\FreeRTOS\Source\tasks.o
                0x0800301c                vTaskDelay
 .text.prvIdleTask
                0x08003064       0x74 Middlewares\Third_Party\FreeRTOS\Source\tasks.o
 .text.vTaskSwitchContext
                0x080030d8       0x90 Middlewares\Third_Party\FreeRTOS\Source\tasks.o
                0x080030d8                vTaskSwitchContext
 .text.vTaskSuspend
                0x08003168       0xcc Middlewares\Third_Party\FreeRTOS\Source\tasks.o
                0x08003168                vTaskSuspend
 .text.vTaskPlaceOnEventList
                0x08003234       0x34 Middlewares\Third_Party\FreeRTOS\Source\tasks.o
                0x08003234                vTaskPlaceOnEventList
 .text.xTaskRemoveFromEventList
                0x08003268       0x84 Middlewares\Third_Party\FreeRTOS\Source\tasks.o
                0x08003268                xTaskRemoveFromEventList
 .text.vTaskSetTimeOutState
                0x080032ec       0x20 Middlewares\Third_Party\FreeRTOS\Source\tasks.o
                0x080032ec                vTaskSetTimeOutState
 .text.xTaskCheckForTimeOut
                0x0800330c       0x74 Middlewares\Third_Party\FreeRTOS\Source\tasks.o
                0x0800330c                xTaskCheckForTimeOut
 .text.vTaskMissedYield
                0x08003380        0xc Middlewares\Third_Party\FreeRTOS\Source\tasks.o
                0x08003380                vTaskMissedYield
 .text.vTaskGetInfo
                0x0800338c       0x80 Middlewares\Third_Party\FreeRTOS\Source\tasks.o
                0x0800338c                vTaskGetInfo
 .text.prvListTasksWithinSingleList
                0x0800340c       0x5a Middlewares\Third_Party\FreeRTOS\Source\tasks.o
 *fill*         0x08003466        0x2 
 .text.uxTaskGetSystemState
                0x08003468       0xa8 Middlewares\Third_Party\FreeRTOS\Source\tasks.o
                0x08003468                uxTaskGetSystemState
 .text.uxTaskGetStackHighWaterMark
                0x08003510       0x20 Middlewares\Third_Party\FreeRTOS\Source\tasks.o
                0x08003510                uxTaskGetStackHighWaterMark
 .text.xTaskGetSchedulerState
                0x08003530       0x20 Middlewares\Third_Party\FreeRTOS\Source\tasks.o
                0x08003530                xTaskGetSchedulerState
 .text.vTaskPriorityInherit
                0x08003550       0x8c Middlewares\Third_Party\FreeRTOS\Source\tasks.o
                0x08003550                vTaskPriorityInherit
 .text.xTaskPriorityDisinherit
                0x080035dc       0xa0 Middlewares\Third_Party\FreeRTOS\Source\tasks.o
                0x080035dc                xTaskPriorityDisinherit
 .text.vTaskGetRunTimeStats
                0x0800367c       0xb0 Middlewares\Third_Party\FreeRTOS\Source\tasks.o
                0x0800367c                vTaskGetRunTimeStats
 .text.pvTaskIncrementMutexHeldCount
                0x0800372c       0x18 Middlewares\Third_Party\FreeRTOS\Source\tasks.o
                0x0800372c                pvTaskIncrementMutexHeldCount
 .text.xTaskNotifyWait
                0x08003744       0x8c Middlewares\Third_Party\FreeRTOS\Source\tasks.o
                0x08003744                xTaskNotifyWait
 .text.xTaskGenericNotify
                0x080037d0       0xd0 Middlewares\Third_Party\FreeRTOS\Source\tasks.o
                0x080037d0                xTaskGenericNotify
 .text.configureTimerForRunTimeStats
                0x080038a0        0x2 Src\freertos.o
                0x080038a0                configureTimerForRunTimeStats
 *fill*         0x080038a2        0x2 
 .text.getRunTimeCounterValue
                0x080038a4       0x18 Src\freertos.o
                0x080038a4                getRunTimeCounterValue
 .text.Thread_LED
                0x080038bc       0x28 Src\main.o
                0x080038bc                Thread_LED
 .text.Thread_GPIO_Trig
                0x080038e4       0x1c Src\main.o
                0x080038e4                Thread_GPIO_Trig
 .text.Thread_UART
                0x08003900       0x7c Src\main.o
                0x08003900                Thread_UART
 .text.Thread_GPIO
                0x0800397c       0x94 Src\main.o
                0x0800397c                Thread_GPIO
 .text.Thread_Help
                0x08003a10       0x58 Src\main.o
                0x08003a10                Thread_Help
 .text.Thread_ADC
                0x08003a68       0x24 Src\main.o
                0x08003a68                Thread_ADC
 .text.Thread_StartStats
                0x08003a8c      0x12c Src\main.o
                0x08003a8c                Thread_StartStats
 .text.SystemClock_Config
                0x08003bb8       0x94 Src\main.o
                0x08003bb8                SystemClock_Config
 .text.startup.main
                0x08003c4c      0x2a4 Src\main.o
                0x08003c4c                main
 .text.HAL_TIM_PeriodElapsedCallback
                0x08003ef0       0x14 Src\main.o
                0x08003ef0                HAL_TIM_PeriodElapsedCallback
 .text.HAL_MspInit
                0x08003f04       0x44 Src\stm32f4xx_hal_msp.o
                0x08003f04                HAL_MspInit
 .text.HAL_ADC_MspInit
                0x08003f48       0x3c Src\stm32f4xx_hal_msp.o
                0x08003f48                HAL_ADC_MspInit
 .text.HAL_UART_MspInit
                0x08003f84       0x80 Src\stm32f4xx_hal_msp.o
                0x08003f84                HAL_UART_MspInit
 .text.HAL_InitTick
                0x08004004       0x7c Src\stm32f4xx_hal_timebase_tim.o
                0x08004004                HAL_InitTick
 .text.NMI_Handler
                0x08004080        0x2 Src\stm32f4xx_it.o
                0x08004080                NMI_Handler
 .text.HardFault_Handler
                0x08004082        0x2 Src\stm32f4xx_it.o
                0x08004082                HardFault_Handler
 .text.MemManage_Handler
                0x08004084        0x2 Src\stm32f4xx_it.o
                0x08004084                MemManage_Handler
 .text.BusFault_Handler
                0x08004086        0x2 Src\stm32f4xx_it.o
                0x08004086                BusFault_Handler
 .text.UsageFault_Handler
                0x08004088        0x2 Src\stm32f4xx_it.o
                0x08004088                UsageFault_Handler
 .text.DebugMon_Handler
                0x0800408a        0x2 Src\stm32f4xx_it.o
                0x0800408a                DebugMon_Handler
 .text.ADC_IRQHandler
                0x0800408c       0x48 Src\stm32f4xx_it.o
                0x0800408c                ADC_IRQHandler
 .text.USART2_IRQHandler
                0x080040d4        0xc Src\stm32f4xx_it.o
                0x080040d4                USART2_IRQHandler
 .text.TIM6_DAC_IRQHandler
                0x080040e0        0xc Src\stm32f4xx_it.o
                0x080040e0                TIM6_DAC_IRQHandler
 .text.TIM4_IRQHandler
                0x080040ec       0x18 Src\stm32f4xx_it.o
                0x080040ec                TIM4_IRQHandler
 .text.SystemInit
                0x08004104       0x4c Src\system_stm32f4xx.o
                0x08004104                SystemInit
 .text.Reset_Handler
                0x08004150       0x50 startup\startup_stm32f446xx.o
                0x08004150                Reset_Handler
 .text.Default_Handler
                0x080041a0        0x2 startup\startup_stm32f446xx.o
                0x080041a0                RTC_Alarm_IRQHandler
                0x080041a0                EXTI2_IRQHandler
                0x080041a0                TIM8_CC_IRQHandler
                0x080041a0                SPI4_IRQHandler
                0x080041a0                TIM1_CC_IRQHandler
                0x080041a0                DMA2_Stream5_IRQHandler
                0x080041a0                DMA1_Stream5_IRQHandler
                0x080041a0                PVD_IRQHandler
                0x080041a0                SDIO_IRQHandler
                0x080041a0                TAMP_STAMP_IRQHandler
                0x080041a0                CAN2_RX1_IRQHandler
                0x080041a0                EXTI3_IRQHandler
                0x080041a0                TIM8_TRG_COM_TIM14_IRQHandler
                0x080041a0                TIM1_UP_TIM10_IRQHandler
                0x080041a0                TIM8_UP_TIM13_IRQHandler
                0x080041a0                I2C3_ER_IRQHandler
                0x080041a0                FMPI2C1_Event_IRQHandler
                0x080041a0                EXTI0_IRQHandler
                0x080041a0                I2C2_EV_IRQHandler
                0x080041a0                DMA1_Stream2_IRQHandler
                0x080041a0                CAN1_RX0_IRQHandler
                0x080041a0                FPU_IRQHandler
                0x080041a0                OTG_HS_WKUP_IRQHandler
                0x080041a0                CAN2_SCE_IRQHandler
                0x080041a0                DMA2_Stream2_IRQHandler
                0x080041a0                SPI1_IRQHandler
                0x080041a0                TIM1_BRK_TIM9_IRQHandler
                0x080041a0                DCMI_IRQHandler
                0x080041a0                CAN2_RX0_IRQHandler
                0x080041a0                DMA2_Stream3_IRQHandler
                0x080041a0                SAI2_IRQHandler
                0x080041a0                USART6_IRQHandler
                0x080041a0                USART3_IRQHandler
                0x080041a0                CAN1_RX1_IRQHandler
                0x080041a0                UART5_IRQHandler
                0x080041a0                DMA2_Stream0_IRQHandler
                0x080041a0                QUADSPI_IRQHandler
                0x080041a0                I2C1_EV_IRQHandler
                0x080041a0                DMA1_Stream6_IRQHandler
                0x080041a0                DMA1_Stream1_IRQHandler
                0x080041a0                UART4_IRQHandler
                0x080041a0                TIM3_IRQHandler
                0x080041a0                RCC_IRQHandler
                0x080041a0                TIM8_BRK_TIM12_IRQHandler
                0x080041a0                Default_Handler
                0x080041a0                CEC_IRQHandler
                0x080041a0                EXTI15_10_IRQHandler
                0x080041a0                DMA1_Stream7_IRQHandler
                0x080041a0                TIM7_IRQHandler
                0x080041a0                CAN2_TX_IRQHandler
                0x080041a0                TIM5_IRQHandler
                0x080041a0                DMA2_Stream7_IRQHandler
                0x080041a0                I2C3_EV_IRQHandler
                0x080041a0                EXTI9_5_IRQHandler
                0x080041a0                RTC_WKUP_IRQHandler
                0x080041a0                SPDIF_RX_IRQHandler
                0x080041a0                SPI2_IRQHandler
                0x080041a0                OTG_HS_EP1_IN_IRQHandler
                0x080041a0                DMA1_Stream0_IRQHandler
                0x080041a0                CAN1_TX_IRQHandler
                0x080041a0                EXTI4_IRQHandler
                0x080041a0                OTG_HS_EP1_OUT_IRQHandler
                0x080041a0                WWDG_IRQHandler
                0x080041a0                TIM2_IRQHandler
                0x080041a0                OTG_FS_WKUP_IRQHandler
                0x080041a0                TIM1_TRG_COM_TIM11_IRQHandler
                0x080041a0                OTG_HS_IRQHandler
                0x080041a0                EXTI1_IRQHandler
                0x080041a0                I2C2_ER_IRQHandler
                0x080041a0                DMA2_Stream1_IRQHandler
                0x080041a0                CAN1_SCE_IRQHandler
                0x080041a0                FLASH_IRQHandler
                0x080041a0                DMA2_Stream4_IRQHandler
                0x080041a0                USART1_IRQHandler
                0x080041a0                OTG_FS_IRQHandler
                0x080041a0                SPI3_IRQHandler
                0x080041a0                DMA1_Stream4_IRQHandler
                0x080041a0                I2C1_ER_IRQHandler
                0x080041a0                FMC_IRQHandler
                0x080041a0                DMA2_Stream6_IRQHandler
                0x080041a0                SAI1_IRQHandler
                0x080041a0                DMA1_Stream3_IRQHandler
                0x080041a0                FMPI2C1_Error_IRQHandler
 *fill*         0x080041a2        0x2 
 .text.__libc_init_array
                0x080041a4       0x48 c:/program files (x86)/atollic/truestudio for stm32 9.3.0/armtools/bin/../lib/gcc/arm-atollic-eabi/6.3.1/../../../../arm-atollic-eabi/lib/armv7e-m/fpu\libc_nano.a(lib_a-init.o)
                0x080041a4                __libc_init_array
 .text.memcpy   0x080041ec       0x16 c:/program files (x86)/atollic/truestudio for stm32 9.3.0/armtools/bin/../lib/gcc/arm-atollic-eabi/6.3.1/../../../../arm-atollic-eabi/lib/armv7e-m/fpu\libc_nano.a(lib_a-memcpy-stub.o)
                0x080041ec                memcpy
 .text.memset   0x08004202       0x10 c:/program files (x86)/atollic/truestudio for stm32 9.3.0/armtools/bin/../lib/gcc/arm-atollic-eabi/6.3.1/../../../../arm-atollic-eabi/lib/armv7e-m/fpu\libc_nano.a(lib_a-memset.o)
                0x08004202                memset
 *fill*         0x08004212        0x2 
 .text.sprintf  0x08004214       0x48 c:/program files (x86)/atollic/truestudio for stm32 9.3.0/armtools/bin/../lib/gcc/arm-atollic-eabi/6.3.1/../../../../arm-atollic-eabi/lib/armv7e-m/fpu\libc_nano.a(lib_a-sprintf.o)
                0x08004214                siprintf
                0x08004214                sprintf
 .text.strcpy   0x0800425c       0x10 c:/program files (x86)/atollic/truestudio for stm32 9.3.0/armtools/bin/../lib/gcc/arm-atollic-eabi/6.3.1/../../../../arm-atollic-eabi/lib/armv7e-m/fpu\libc_nano.a(lib_a-strcpy.o)
                0x0800425c                strcpy
 .text.__ssputs_r
                0x0800426c       0xb6 c:/program files (x86)/atollic/truestudio for stm32 9.3.0/armtools/bin/../lib/gcc/arm-atollic-eabi/6.3.1/../../../../arm-atollic-eabi/lib/armv7e-m/fpu\libc_nano.a(lib_a-nano-svfprintf.o)
                0x0800426c                __ssputs_r
 *fill*         0x08004322        0x2 
 .text._svfprintf_r
                0x08004324      0x1e8 c:/program files (x86)/atollic/truestudio for stm32 9.3.0/armtools/bin/../lib/gcc/arm-atollic-eabi/6.3.1/../../../../arm-atollic-eabi/lib/armv7e-m/fpu\libc_nano.a(lib_a-nano-svfprintf.o)
                0x08004324                _svfiprintf_r
                0x08004324                _svfprintf_r
 .text._printf_common
                0x0800450c       0xec c:/program files (x86)/atollic/truestudio for stm32 9.3.0/armtools/bin/../lib/gcc/arm-atollic-eabi/6.3.1/../../../../arm-atollic-eabi/lib/armv7e-m/fpu\libc_nano.a(lib_a-nano-vfprintf_i.o)
                0x0800450c                _printf_common
 .text._printf_i
                0x080045f8      0x240 c:/program files (x86)/atollic/truestudio for stm32 9.3.0/armtools/bin/../lib/gcc/arm-atollic-eabi/6.3.1/../../../../arm-atollic-eabi/lib/armv7e-m/fpu\libc_nano.a(lib_a-nano-vfprintf_i.o)
                0x080045f8                _printf_i
 .text.memmove  0x08004838       0x34 c:/program files (x86)/atollic/truestudio for stm32 9.3.0/armtools/bin/../lib/gcc/arm-atollic-eabi/6.3.1/../../../../arm-atollic-eabi/lib/armv7e-m/fpu\libc_nano.a(lib_a-memmove.o)
                0x08004838                memmove
 .text._free_r  0x0800486c       0x9c c:/program files (x86)/atollic/truestudio for stm32 9.3.0/armtools/bin/../lib/gcc/arm-atollic-eabi/6.3.1/../../../../arm-atollic-eabi/lib/armv7e-m/fpu\libc_nano.a(lib_a-nano-freer.o)
                0x0800486c                _free_r
 .text._malloc_r
                0x08004908       0xbc c:/program files (x86)/atollic/truestudio for stm32 9.3.0/armtools/bin/../lib/gcc/arm-atollic-eabi/6.3.1/../../../../arm-atollic-eabi/lib/armv7e-m/fpu\libc_nano.a(lib_a-nano-mallocr.o)
                0x08004908                _malloc_r
 .text._realloc_r
                0x080049c4       0x4c c:/program files (x86)/atollic/truestudio for stm32 9.3.0/armtools/bin/../lib/gcc/arm-atollic-eabi/6.3.1/../../../../arm-atollic-eabi/lib/armv7e-m/fpu\libc_nano.a(lib_a-nano-reallocr.o)
                0x080049c4                _realloc_r
 .text._sbrk_r  0x08004a10       0x20 c:/program files (x86)/atollic/truestudio for stm32 9.3.0/armtools/bin/../lib/gcc/arm-atollic-eabi/6.3.1/../../../../arm-atollic-eabi/lib/armv7e-m/fpu\libc_nano.a(lib_a-sbrkr.o)
                0x08004a10                _sbrk_r
 .text.__malloc_lock
                0x08004a30        0x2 c:/program files (x86)/atollic/truestudio for stm32 9.3.0/armtools/bin/../lib/gcc/arm-atollic-eabi/6.3.1/../../../../arm-atollic-eabi/lib/armv7e-m/fpu\libc_nano.a(lib_a-mlock.o)
                0x08004a30                __malloc_lock
 .text.__malloc_unlock
                0x08004a32        0x2 c:/program files (x86)/atollic/truestudio for stm32 9.3.0/armtools/bin/../lib/gcc/arm-atollic-eabi/6.3.1/../../../../arm-atollic-eabi/lib/armv7e-m/fpu\libc_nano.a(lib_a-mlock.o)
                0x08004a32                __malloc_unlock
 .text._malloc_usable_size_r
                0x08004a34       0x12 c:/program files (x86)/atollic/truestudio for stm32 9.3.0/armtools/bin/../lib/gcc/arm-atollic-eabi/6.3.1/../../../../arm-atollic-eabi/lib/armv7e-m/fpu\libc_nano.a(lib_a-nano-msizer.o)
                0x08004a34                _malloc_usable_size_r
 *fill*         0x08004a46        0x2 
 .text._sbrk    0x08004a48       0x1c c:/program files (x86)/atollic/truestudio for stm32 9.3.0/armtools/bin/../lib/gcc/arm-atollic-eabi/6.3.1/../../../../arm-atollic-eabi/lib/armv7e-m/fpu\libnosys.a(sbrk.o)
                0x08004a48                _sbrk
 *(.glue_7)
 .glue_7        0x08004a64        0x0 linker stubs
 *(.glue_7t)
 .glue_7t       0x08004a64        0x0 linker stubs
 *(.eh_frame)
 .eh_frame      0x08004a64        0x0 c:/program files (x86)/atollic/truestudio for stm32 9.3.0/armtools/bin/../lib/gcc/arm-atollic-eabi/6.3.1/armv7e-m/fpu/crtbegin.o
 *(.init)
 .init          0x08004a64        0x4 c:/program files (x86)/atollic/truestudio for stm32 9.3.0/armtools/bin/../lib/gcc/arm-atollic-eabi/6.3.1/armv7e-m/fpu/crti.o
                0x08004a64                _init
 .init          0x08004a68        0x8 c:/program files (x86)/atollic/truestudio for stm32 9.3.0/armtools/bin/../lib/gcc/arm-atollic-eabi/6.3.1/armv7e-m/fpu/crtn.o
 *(.fini)
 .fini          0x08004a70        0x4 c:/program files (x86)/atollic/truestudio for stm32 9.3.0/armtools/bin/../lib/gcc/arm-atollic-eabi/6.3.1/armv7e-m/fpu/crti.o
                0x08004a70                _fini
 .fini          0x08004a74        0x8 c:/program files (x86)/atollic/truestudio for stm32 9.3.0/armtools/bin/../lib/gcc/arm-atollic-eabi/6.3.1/armv7e-m/fpu/crtn.o
                0x08004a7c                . = ALIGN (0x4)
                0x08004a7c                _etext = .

.vfp11_veneer   0x08004a7c        0x0
 .vfp11_veneer  0x08004a7c        0x0 linker stubs

.v4_bx          0x08004a7c        0x0
 .v4_bx         0x08004a7c        0x0 linker stubs

.iplt           0x08004a7c        0x0
 .iplt          0x08004a7c        0x0 c:/program files (x86)/atollic/truestudio for stm32 9.3.0/armtools/bin/../lib/gcc/arm-atollic-eabi/6.3.1/armv7e-m/fpu/crtbegin.o

.rodata         0x08004a7c      0x240
                0x08004a7c                . = ALIGN (0x4)
 *(.rodata)
 .rodata        0x08004a7c       0x8c Src\main.o
 *(.rodata*)
 .rodata.vTaskGetRunTimeStats.str1.1
                0x08004b08       0x18 Middlewares\Third_Party\FreeRTOS\Source\tasks.o
 .rodata.vTaskStartScheduler.str1.1
                0x08004b20        0x5 Middlewares\Third_Party\FreeRTOS\Source\tasks.o
 .rodata.Thread_GPIO.str1.1
                0x08004b25        0xd Src\main.o
 .rodata.Thread_Help.str1.1
                0x08004b32       0x7e Src\main.o
 .rodata.Thread_StartStats.str1.1
                0x08004bb0       0x76 Src\main.o
 .rodata.str1.1
                0x08004c26       0x42 Src\main.o
 .rodata.ADC_IRQHandler.str1.1
                0x08004c68        0x7 Src\stm32f4xx_it.o
 .rodata.AHBPrescTable
                0x08004c6f       0x10 Src\system_stm32f4xx.o
                0x08004c6f                AHBPrescTable
 .rodata.APBPrescTable
                0x08004c7f        0x8 Src\system_stm32f4xx.o
                0x08004c7f                APBPrescTable
 .rodata._svfprintf_r.str1.1
                0x08004c87       0x11 c:/program files (x86)/atollic/truestudio for stm32 9.3.0/armtools/bin/../lib/gcc/arm-atollic-eabi/6.3.1/../../../../arm-atollic-eabi/lib/armv7e-m/fpu\libc_nano.a(lib_a-nano-svfprintf.o)
 .rodata._printf_i.str1.1
                0x08004c98       0x22 c:/program files (x86)/atollic/truestudio for stm32 9.3.0/armtools/bin/../lib/gcc/arm-atollic-eabi/6.3.1/../../../../arm-atollic-eabi/lib/armv7e-m/fpu\libc_nano.a(lib_a-nano-vfprintf_i.o)
                0x08004cbc                . = ALIGN (0x4)
 *fill*         0x08004cba        0x2 

.ARM.extab
 *(.ARM.extab* .gnu.linkonce.armextab.*)

.ARM            0x08004cbc        0x8
                0x08004cbc                __exidx_start = .
 *(.ARM.exidx*)
 .ARM.exidx     0x08004cbc        0x8 c:/program files (x86)/atollic/truestudio for stm32 9.3.0/armtools/bin/../lib/gcc/arm-atollic-eabi/6.3.1/armv7e-m/fpu\libgcc.a(_udivmoddi4.o)
                0x08004cc4                __exidx_end = .

.rel.dyn        0x08004cc4        0x0
 .rel.iplt      0x08004cc4        0x0 c:/program files (x86)/atollic/truestudio for stm32 9.3.0/armtools/bin/../lib/gcc/arm-atollic-eabi/6.3.1/armv7e-m/fpu/crtbegin.o

.preinit_array  0x08004cc4        0x0
                0x08004cc4                PROVIDE (__preinit_array_start, .)
 *(.preinit_array*)
                0x08004cc4                PROVIDE (__preinit_array_end, .)

.init_array     0x08004cc4        0x4
                0x08004cc4                PROVIDE (__init_array_start, .)
 *(SORT(.init_array.*))
 *(.init_array*)
 .init_array    0x08004cc4        0x4 c:/program files (x86)/atollic/truestudio for stm32 9.3.0/armtools/bin/../lib/gcc/arm-atollic-eabi/6.3.1/armv7e-m/fpu/crtbegin.o
                0x08004cc8                PROVIDE (__init_array_end, .)

.fini_array     0x08004cc8        0x4
                [!provide]                PROVIDE (__fini_array_start, .)
 *(SORT(.fini_array.*))
 *(.fini_array*)
 .fini_array    0x08004cc8        0x4 c:/program files (x86)/atollic/truestudio for stm32 9.3.0/armtools/bin/../lib/gcc/arm-atollic-eabi/6.3.1/armv7e-m/fpu/crtbegin.o
                [!provide]                PROVIDE (__fini_array_end, .)
                0x08004ccc                _sidata = LOADADDR (.data)

.data           0x20000000       0x70 load address 0x08004ccc
                0x20000000                . = ALIGN (0x4)
                0x20000000                _sdata = .
 *(.data)
 *(.data*)
 .data.uwTickFreq
                0x20000000        0x1 Drivers\STM32F4xx_HAL_Driver\Src\stm32f4xx_hal.o
                0x20000000                uwTickFreq
 *fill*         0x20000001        0x3 
 .data.uxCriticalNesting
                0x20000004        0x4 Middlewares\Third_Party\FreeRTOS\Source\portable\GCC\ARM_CM4F\port.o
 .data.SystemCoreClock
                0x20000008        0x4 Src\system_stm32f4xx.o
                0x20000008                SystemCoreClock
 .data._impure_ptr
                0x2000000c        0x4 c:/program files (x86)/atollic/truestudio for stm32 9.3.0/armtools/bin/../lib/gcc/arm-atollic-eabi/6.3.1/../../../../arm-atollic-eabi/lib/armv7e-m/fpu\libc_nano.a(lib_a-impure.o)
                0x2000000c                _impure_ptr
 .data.impure_data
                0x20000010       0x60 c:/program files (x86)/atollic/truestudio for stm32 9.3.0/armtools/bin/../lib/gcc/arm-atollic-eabi/6.3.1/../../../../arm-atollic-eabi/lib/armv7e-m/fpu\libc_nano.a(lib_a-impure.o)
                0x20000070                . = ALIGN (0x4)
                0x20000070                _edata = .

.igot.plt       0x20000070        0x0 load address 0x08004d3c
 .igot.plt      0x20000070        0x0 c:/program files (x86)/atollic/truestudio for stm32 9.3.0/armtools/bin/../lib/gcc/arm-atollic-eabi/6.3.1/armv7e-m/fpu/crtbegin.o
                0x20000070                . = ALIGN (0x4)

.bss            0x20000070     0x3ea4 load address 0x08004d3c
                0x20000070                _sbss = .
                0x20000070                __bss_start__ = _sbss
 *(.bss)
 .bss           0x20000070       0x1c c:/program files (x86)/atollic/truestudio for stm32 9.3.0/armtools/bin/../lib/gcc/arm-atollic-eabi/6.3.1/armv7e-m/fpu/crtbegin.o
 *(.bss*)
 .bss.ucMaxSysCallPriority
                0x2000008c        0x1 Middlewares\Third_Party\FreeRTOS\Source\portable\GCC\ARM_CM4F\port.o
 *fill*         0x2000008d        0x3 
 .bss.ulMaxPRIGROUPValue
                0x20000090        0x4 Middlewares\Third_Party\FreeRTOS\Source\portable\GCC\ARM_CM4F\port.o
 .bss.pxEnd     0x20000094        0x4 Middlewares\Third_Party\FreeRTOS\Source\portable\MemMang\heap_4.o
 .bss.ucHeap    0x20000098     0x3c00 Middlewares\Third_Party\FreeRTOS\Source\portable\MemMang\heap_4.o
 .bss.xBlockAllocatedBit
                0x20003c98        0x4 Middlewares\Third_Party\FreeRTOS\Source\portable\MemMang\heap_4.o
 .bss.xFreeBytesRemaining
                0x20003c9c        0x4 Middlewares\Third_Party\FreeRTOS\Source\portable\MemMang\heap_4.o
 .bss.xMinimumEverFreeBytesRemaining
                0x20003ca0        0x4 Middlewares\Third_Party\FreeRTOS\Source\portable\MemMang\heap_4.o
 .bss.xStart    0x20003ca4        0x8 Middlewares\Third_Party\FreeRTOS\Source\portable\MemMang\heap_4.o
 .bss.pxCurrentTCB
                0x20003cac        0x4 Middlewares\Third_Party\FreeRTOS\Source\tasks.o
                0x20003cac                pxCurrentTCB
 .bss.pxDelayedTaskList
                0x20003cb0        0x4 Middlewares\Third_Party\FreeRTOS\Source\tasks.o
 .bss.pxOverflowDelayedTaskList
                0x20003cb4        0x4 Middlewares\Third_Party\FreeRTOS\Source\tasks.o
 .bss.pxReadyTasksLists
                0x20003cb8       0x8c Middlewares\Third_Party\FreeRTOS\Source\tasks.o
 .bss.ulTaskSwitchedInTime
                0x20003d44        0x4 Middlewares\Third_Party\FreeRTOS\Source\tasks.o
 .bss.uxCurrentNumberOfTasks
                0x20003d48        0x4 Middlewares\Third_Party\FreeRTOS\Source\tasks.o
 .bss.uxDeletedTasksWaitingCleanUp
                0x20003d4c        0x4 Middlewares\Third_Party\FreeRTOS\Source\tasks.o
 .bss.uxPendedTicks
                0x20003d50        0x4 Middlewares\Third_Party\FreeRTOS\Source\tasks.o
 .bss.uxSchedulerSuspended
                0x20003d54        0x4 Middlewares\Third_Party\FreeRTOS\Source\tasks.o
 .bss.uxTaskNumber
                0x20003d58        0x4 Middlewares\Third_Party\FreeRTOS\Source\tasks.o
 .bss.uxTopReadyPriority
                0x20003d5c        0x4 Middlewares\Third_Party\FreeRTOS\Source\tasks.o
 .bss.xDelayedTaskList1
                0x20003d60       0x14 Middlewares\Third_Party\FreeRTOS\Source\tasks.o
 .bss.xDelayedTaskList2
                0x20003d74       0x14 Middlewares\Third_Party\FreeRTOS\Source\tasks.o
 .bss.xIdleTaskHandle
                0x20003d88        0x4 Middlewares\Third_Party\FreeRTOS\Source\tasks.o
 .bss.xNextTaskUnblockTime
                0x20003d8c        0x4 Middlewares\Third_Party\FreeRTOS\Source\tasks.o
 .bss.xNumOfOverflows
                0x20003d90        0x4 Middlewares\Third_Party\FreeRTOS\Source\tasks.o
 .bss.xPendingReadyList
                0x20003d94       0x14 Middlewares\Third_Party\FreeRTOS\Source\tasks.o
 .bss.xSchedulerRunning
                0x20003da8        0x4 Middlewares\Third_Party\FreeRTOS\Source\tasks.o
 .bss.xSuspendedTaskList
                0x20003dac       0x14 Middlewares\Third_Party\FreeRTOS\Source\tasks.o
 .bss.xTasksWaitingTermination
                0x20003dc0       0x14 Middlewares\Third_Party\FreeRTOS\Source\tasks.o
 .bss.xTickCount
                0x20003dd4        0x4 Middlewares\Third_Party\FreeRTOS\Source\tasks.o
 .bss.xYieldPending
                0x20003dd8        0x4 Middlewares\Third_Party\FreeRTOS\Source\tasks.o
 .bss.__malloc_free_list
                0x20003ddc        0x4 c:/program files (x86)/atollic/truestudio for stm32 9.3.0/armtools/bin/../lib/gcc/arm-atollic-eabi/6.3.1/../../../../arm-atollic-eabi/lib/armv7e-m/fpu\libc_nano.a(lib_a-nano-mallocr.o)
                0x20003ddc                __malloc_free_list
 .bss.__malloc_sbrk_start
                0x20003de0        0x4 c:/program files (x86)/atollic/truestudio for stm32 9.3.0/armtools/bin/../lib/gcc/arm-atollic-eabi/6.3.1/../../../../arm-atollic-eabi/lib/armv7e-m/fpu\libc_nano.a(lib_a-nano-mallocr.o)
                0x20003de0                __malloc_sbrk_start
 .bss.heap_end.5239
                0x20003de4        0x4 c:/program files (x86)/atollic/truestudio for stm32 9.3.0/armtools/bin/../lib/gcc/arm-atollic-eabi/6.3.1/../../../../arm-atollic-eabi/lib/armv7e-m/fpu\libnosys.a(sbrk.o)
 *(COMMON)
 COMMON         0x20003de8        0x4 Drivers\STM32F4xx_HAL_Driver\Src\stm32f4xx_hal.o
                0x20003de8                uwTick
 COMMON         0x20003dec        0x4 Src\freertos.o
                0x20003dec                tim4_ov_counter
 COMMON         0x20003df0       0xe4 Src\main.o
                0x20003df0                defaultTaskHandle
                0x20003df4                htim4
                0x20003e30                myTask05Handle
                0x20003e34                myTask04Handle
                0x20003e38                hadc1
                0x20003e80                myTask02Handle
                0x20003e84                myTask03Handle
                0x20003e88                myTask07Handle
                0x20003e8c                Mutex_UARTHandle
                0x20003e90                huart2
                0x20003ed0                myTask06Handle
 COMMON         0x20003ed4       0x3c Src\stm32f4xx_hal_timebase_tim.o
                0x20003ed4                htim6
 COMMON         0x20003f10        0x4 c:/program files (x86)/atollic/truestudio for stm32 9.3.0/armtools/bin/../lib/gcc/arm-atollic-eabi/6.3.1/../../../../arm-atollic-eabi/lib/armv7e-m/fpu\libc_nano.a(lib_a-reent.o)
                0x20003f10                errno
                0x20003f14                . = ALIGN (0x4)
                0x20003f14                _ebss = .
                0x20003f14                __bss_end__ = _ebss

._user_heap_stack
                0x20003f14      0x600 load address 0x08004d3c
                0x20003f14                . = ALIGN (0x4)
                0x20003f14                PROVIDE (end, .)
                [!provide]                PROVIDE (_end, .)
                0x20004114                . = (. + _Min_Heap_Size)
 *fill*         0x20003f14      0x200 
                0x20004514                . = (. + _Min_Stack_Size)
 *fill*         0x20004114      0x400 
                0x20004514                . = ALIGN (0x4)

/DISCARD/
 libc.a(*)
 libm.a(*)
 libgcc.a(*)

.ARM.attributes
                0x00000000       0x30
 *(.ARM.attributes)
 .ARM.attributes
                0x00000000       0x22 c:/program files (x86)/atollic/truestudio for stm32 9.3.0/armtools/bin/../lib/gcc/arm-atollic-eabi/6.3.1/armv7e-m/fpu/crti.o
 .ARM.attributes
                0x00000022       0x34 c:/program files (x86)/atollic/truestudio for stm32 9.3.0/armtools/bin/../lib/gcc/arm-atollic-eabi/6.3.1/armv7e-m/fpu/crtbegin.o
 .ARM.attributes
                0x00000056       0x39 Drivers\STM32F4xx_HAL_Driver\Src\stm32f4xx_hal.o
 .ARM.attributes
                0x0000008f       0x39 Drivers\STM32F4xx_HAL_Driver\Src\stm32f4xx_hal_adc.o
 .ARM.attributes
                0x000000c8       0x39 Drivers\STM32F4xx_HAL_Driver\Src\stm32f4xx_hal_adc_ex.o
 .ARM.attributes
                0x00000101       0x39 Drivers\STM32F4xx_HAL_Driver\Src\stm32f4xx_hal_cortex.o
 .ARM.attributes
                0x0000013a       0x39 Drivers\STM32F4xx_HAL_Driver\Src\stm32f4xx_hal_dma.o
 .ARM.attributes
                0x00000173       0x39 Drivers\STM32F4xx_HAL_Driver\Src\stm32f4xx_hal_gpio.o
 .ARM.attributes
                0x000001ac       0x39 Drivers\STM32F4xx_HAL_Driver\Src\stm32f4xx_hal_rcc.o
 .ARM.attributes
                0x000001e5       0x39 Drivers\STM32F4xx_HAL_Driver\Src\stm32f4xx_hal_rcc_ex.o
 .ARM.attributes
                0x0000021e       0x39 Drivers\STM32F4xx_HAL_Driver\Src\stm32f4xx_hal_tim.o
 .ARM.attributes
                0x00000257       0x39 Drivers\STM32F4xx_HAL_Driver\Src\stm32f4xx_hal_tim_ex.o
 .ARM.attributes
                0x00000290       0x39 Drivers\STM32F4xx_HAL_Driver\Src\stm32f4xx_hal_uart.o
 .ARM.attributes
                0x000002c9       0x39 Middlewares\Third_Party\FreeRTOS\Source\CMSIS_RTOS\cmsis_os.o
 .ARM.attributes
                0x00000302       0x39 Middlewares\Third_Party\FreeRTOS\Source\list.o
 .ARM.attributes
                0x0000033b       0x39 Middlewares\Third_Party\FreeRTOS\Source\portable\GCC\ARM_CM4F\port.o
 .ARM.attributes
                0x00000374       0x39 Middlewares\Third_Party\FreeRTOS\Source\portable\MemMang\heap_4.o
 .ARM.attributes
                0x000003ad       0x39 Middlewares\Third_Party\FreeRTOS\Source\queue.o
 .ARM.attributes
                0x000003e6       0x39 Middlewares\Third_Party\FreeRTOS\Source\tasks.o
 .ARM.attributes
                0x0000041f       0x39 Src\freertos.o
 .ARM.attributes
                0x00000458       0x39 Src\main.o
 .ARM.attributes
                0x00000491       0x39 Src\stm32f4xx_hal_msp.o
 .ARM.attributes
                0x000004ca       0x39 Src\stm32f4xx_hal_timebase_tim.o
 .ARM.attributes
                0x00000503       0x39 Src\stm32f4xx_it.o
 .ARM.attributes
                0x0000053c       0x39 Src\system_stm32f4xx.o
 .ARM.attributes
                0x00000575       0x21 startup\startup_stm32f446xx.o
 .ARM.attributes
                0x00000596       0x34 c:/program files (x86)/atollic/truestudio for stm32 9.3.0/armtools/bin/../lib/gcc/arm-atollic-eabi/6.3.1/../../../../arm-atollic-eabi/lib/armv7e-m/fpu\libc_nano.a(lib_a-init.o)
 .ARM.attributes
                0x000005ca       0x34 c:/program files (x86)/atollic/truestudio for stm32 9.3.0/armtools/bin/../lib/gcc/arm-atollic-eabi/6.3.1/../../../../arm-atollic-eabi/lib/armv7e-m/fpu\libc_nano.a(lib_a-memcpy-stub.o)
 .ARM.attributes
                0x000005fe       0x34 c:/program files (x86)/atollic/truestudio for stm32 9.3.0/armtools/bin/../lib/gcc/arm-atollic-eabi/6.3.1/../../../../arm-atollic-eabi/lib/armv7e-m/fpu\libc_nano.a(lib_a-memset.o)
 .ARM.attributes
                0x00000632       0x34 c:/program files (x86)/atollic/truestudio for stm32 9.3.0/armtools/bin/../lib/gcc/arm-atollic-eabi/6.3.1/../../../../arm-atollic-eabi/lib/armv7e-m/fpu\libc_nano.a(lib_a-sprintf.o)
 .ARM.attributes
                0x00000666       0x34 c:/program files (x86)/atollic/truestudio for stm32 9.3.0/armtools/bin/../lib/gcc/arm-atollic-eabi/6.3.1/../../../../arm-atollic-eabi/lib/armv7e-m/fpu\libc_nano.a(lib_a-strcpy.o)
 .ARM.attributes
                0x0000069a       0x1b c:/program files (x86)/atollic/truestudio for stm32 9.3.0/armtools/bin/../lib/gcc/arm-atollic-eabi/6.3.1/../../../../arm-atollic-eabi/lib/armv7e-m/fpu\libc_nano.a(lib_a-strlen.o)
 .ARM.attributes
                0x000006b5       0x34 c:/program files (x86)/atollic/truestudio for stm32 9.3.0/armtools/bin/../lib/gcc/arm-atollic-eabi/6.3.1/../../../../arm-atollic-eabi/lib/armv7e-m/fpu\libc_nano.a(lib_a-impure.o)
 .ARM.attributes
                0x000006e9       0x34 c:/program files (x86)/atollic/truestudio for stm32 9.3.0/armtools/bin/../lib/gcc/arm-atollic-eabi/6.3.1/../../../../arm-atollic-eabi/lib/armv7e-m/fpu\libc_nano.a(lib_a-nano-svfprintf.o)
 .ARM.attributes
                0x0000071d       0x34 c:/program files (x86)/atollic/truestudio for stm32 9.3.0/armtools/bin/../lib/gcc/arm-atollic-eabi/6.3.1/../../../../arm-atollic-eabi/lib/armv7e-m/fpu\libc_nano.a(lib_a-nano-vfprintf_i.o)
 .ARM.attributes
                0x00000751       0x20 c:/program files (x86)/atollic/truestudio for stm32 9.3.0/armtools/bin/../lib/gcc/arm-atollic-eabi/6.3.1/../../../../arm-atollic-eabi/lib/armv7e-m/fpu\libc_nano.a(lib_a-memchr.o)
 .ARM.attributes
                0x00000771       0x34 c:/program files (x86)/atollic/truestudio for stm32 9.3.0/armtools/bin/../lib/gcc/arm-atollic-eabi/6.3.1/../../../../arm-atollic-eabi/lib/armv7e-m/fpu\libc_nano.a(lib_a-memmove.o)
 .ARM.attributes
                0x000007a5       0x34 c:/program files (x86)/atollic/truestudio for stm32 9.3.0/armtools/bin/../lib/gcc/arm-atollic-eabi/6.3.1/../../../../arm-atollic-eabi/lib/armv7e-m/fpu\libc_nano.a(lib_a-nano-freer.o)
 .ARM.attributes
                0x000007d9       0x34 c:/program files (x86)/atollic/truestudio for stm32 9.3.0/armtools/bin/../lib/gcc/arm-atollic-eabi/6.3.1/../../../../arm-atollic-eabi/lib/armv7e-m/fpu\libc_nano.a(lib_a-nano-mallocr.o)
 .ARM.attributes
                0x0000080d       0x34 c:/program files (x86)/atollic/truestudio for stm32 9.3.0/armtools/bin/../lib/gcc/arm-atollic-eabi/6.3.1/../../../../arm-atollic-eabi/lib/armv7e-m/fpu\libc_nano.a(lib_a-nano-reallocr.o)
 .ARM.attributes
                0x00000841       0x34 c:/program files (x86)/atollic/truestudio for stm32 9.3.0/armtools/bin/../lib/gcc/arm-atollic-eabi/6.3.1/../../../../arm-atollic-eabi/lib/armv7e-m/fpu\libc_nano.a(lib_a-sbrkr.o)
 .ARM.attributes
                0x00000875       0x34 c:/program files (x86)/atollic/truestudio for stm32 9.3.0/armtools/bin/../lib/gcc/arm-atollic-eabi/6.3.1/../../../../arm-atollic-eabi/lib/armv7e-m/fpu\libc_nano.a(lib_a-mlock.o)
 .ARM.attributes
                0x000008a9       0x34 c:/program files (x86)/atollic/truestudio for stm32 9.3.0/armtools/bin/../lib/gcc/arm-atollic-eabi/6.3.1/../../../../arm-atollic-eabi/lib/armv7e-m/fpu\libc_nano.a(lib_a-nano-msizer.o)
 .ARM.attributes
                0x000008dd       0x34 c:/program files (x86)/atollic/truestudio for stm32 9.3.0/armtools/bin/../lib/gcc/arm-atollic-eabi/6.3.1/../../../../arm-atollic-eabi/lib/armv7e-m/fpu\libc_nano.a(lib_a-reent.o)
 .ARM.attributes
                0x00000911       0x22 c:/program files (x86)/atollic/truestudio for stm32 9.3.0/armtools/bin/../lib/gcc/arm-atollic-eabi/6.3.1/armv7e-m/fpu\libgcc.a(_aeabi_uldivmod.o)
 .ARM.attributes
                0x00000933       0x34 c:/program files (x86)/atollic/truestudio for stm32 9.3.0/armtools/bin/../lib/gcc/arm-atollic-eabi/6.3.1/armv7e-m/fpu\libgcc.a(_udivmoddi4.o)
 .ARM.attributes
                0x00000967       0x22 c:/program files (x86)/atollic/truestudio for stm32 9.3.0/armtools/bin/../lib/gcc/arm-atollic-eabi/6.3.1/armv7e-m/fpu\libgcc.a(_dvmd_tls.o)
 .ARM.attributes
                0x00000989       0x34 c:/program files (x86)/atollic/truestudio for stm32 9.3.0/armtools/bin/../lib/gcc/arm-atollic-eabi/6.3.1/../../../../arm-atollic-eabi/lib/armv7e-m/fpu\libnosys.a(sbrk.o)
 .ARM.attributes
                0x000009bd       0x22 c:/program files (x86)/atollic/truestudio for stm32 9.3.0/armtools/bin/../lib/gcc/arm-atollic-eabi/6.3.1/armv7e-m/fpu/crtn.o
OUTPUT(Lab3_rev2.elf elf32-littlearm)

.debug_info     0x00000000    0x230f0
 .debug_info    0x00000000     0x123e Drivers\STM32F4xx_HAL_Driver\Src\stm32f4xx_hal.o
 .debug_info    0x0000123e     0x15ad Drivers\STM32F4xx_HAL_Driver\Src\stm32f4xx_hal_adc.o
 .debug_info    0x000027eb     0x13dd Drivers\STM32F4xx_HAL_Driver\Src\stm32f4xx_hal_adc_ex.o
 .debug_info    0x00003bc8     0x1762 Drivers\STM32F4xx_HAL_Driver\Src\stm32f4xx_hal_cortex.o
 .debug_info    0x0000532a     0x125c Drivers\STM32F4xx_HAL_Driver\Src\stm32f4xx_hal_dma.o
 .debug_info    0x00006586      0xfd6 Drivers\STM32F4xx_HAL_Driver\Src\stm32f4xx_hal_gpio.o
 .debug_info    0x0000755c     0x12a9 Drivers\STM32F4xx_HAL_Driver\Src\stm32f4xx_hal_rcc.o
 .debug_info    0x00008805     0x13fa Drivers\STM32F4xx_HAL_Driver\Src\stm32f4xx_hal_rcc_ex.o
 .debug_info    0x00009bff     0x3ba2 Drivers\STM32F4xx_HAL_Driver\Src\stm32f4xx_hal_tim.o
 .debug_info    0x0000d7a1     0x19a5 Drivers\STM32F4xx_HAL_Driver\Src\stm32f4xx_hal_tim_ex.o
 .debug_info    0x0000f146     0x1ea3 Drivers\STM32F4xx_HAL_Driver\Src\stm32f4xx_hal_uart.o
 .debug_info    0x00010fe9     0x2641 Middlewares\Third_Party\FreeRTOS\Source\CMSIS_RTOS\cmsis_os.o
 .debug_info    0x0001362a      0xac0 Middlewares\Third_Party\FreeRTOS\Source\list.o
 .debug_info    0x000140ea      0x531 Middlewares\Third_Party\FreeRTOS\Source\portable\GCC\ARM_CM4F\port.o
 .debug_info    0x0001461b      0xca5 Middlewares\Third_Party\FreeRTOS\Source\portable\MemMang\heap_4.o
 .debug_info    0x000152c0     0x2082 Middlewares\Third_Party\FreeRTOS\Source\queue.o
 .debug_info    0x00017342     0x348c Middlewares\Third_Party\FreeRTOS\Source\tasks.o
 .debug_info    0x0001a7ce      0xe29 Src\freertos.o
 .debug_info    0x0001b5f7     0x2ae5 Src\main.o
 .debug_info    0x0001e0dc     0x1a0c Src\stm32f4xx_hal_msp.o
 .debug_info    0x0001fae8     0x13f8 Src\stm32f4xx_hal_timebase_tim.o
 .debug_info    0x00020ee0     0x144b Src\stm32f4xx_it.o
 .debug_info    0x0002232b      0xd50 Src\system_stm32f4xx.o
 .debug_info    0x0002307b       0x75 startup\startup_stm32f446xx.o

.debug_abbrev   0x00000000     0x444e
 .debug_abbrev  0x00000000      0x308 Drivers\STM32F4xx_HAL_Driver\Src\stm32f4xx_hal.o
 .debug_abbrev  0x00000308      0x321 Drivers\STM32F4xx_HAL_Driver\Src\stm32f4xx_hal_adc.o
 .debug_abbrev  0x00000629      0x2e6 Drivers\STM32F4xx_HAL_Driver\Src\stm32f4xx_hal_adc_ex.o
 .debug_abbrev  0x0000090f      0x399 Drivers\STM32F4xx_HAL_Driver\Src\stm32f4xx_hal_cortex.o
 .debug_abbrev  0x00000ca8      0x34a Drivers\STM32F4xx_HAL_Driver\Src\stm32f4xx_hal_dma.o
 .debug_abbrev  0x00000ff2      0x268 Drivers\STM32F4xx_HAL_Driver\Src\stm32f4xx_hal_gpio.o
 .debug_abbrev  0x0000125a      0x353 Drivers\STM32F4xx_HAL_Driver\Src\stm32f4xx_hal_rcc.o
 .debug_abbrev  0x000015ad      0x295 Drivers\STM32F4xx_HAL_Driver\Src\stm32f4xx_hal_rcc_ex.o
 .debug_abbrev  0x00001842      0x3ac Drivers\STM32F4xx_HAL_Driver\Src\stm32f4xx_hal_tim.o
 .debug_abbrev  0x00001bee      0x300 Drivers\STM32F4xx_HAL_Driver\Src\stm32f4xx_hal_tim_ex.o
 .debug_abbrev  0x00001eee      0x397 Drivers\STM32F4xx_HAL_Driver\Src\stm32f4xx_hal_uart.o
 .debug_abbrev  0x00002285      0x45f Middlewares\Third_Party\FreeRTOS\Source\CMSIS_RTOS\cmsis_os.o
 .debug_abbrev  0x000026e4      0x1e3 Middlewares\Third_Party\FreeRTOS\Source\list.o
 .debug_abbrev  0x000028c7      0x211 Middlewares\Third_Party\FreeRTOS\Source\portable\GCC\ARM_CM4F\port.o
 .debug_abbrev  0x00002ad8      0x314 Middlewares\Third_Party\FreeRTOS\Source\portable\MemMang\heap_4.o
 .debug_abbrev  0x00002dec      0x3b6 Middlewares\Third_Party\FreeRTOS\Source\queue.o
 .debug_abbrev  0x000031a2      0x490 Middlewares\Third_Party\FreeRTOS\Source\tasks.o
 .debug_abbrev  0x00003632      0x1d7 Src\freertos.o
 .debug_abbrev  0x00003809      0x354 Src\main.o
 .debug_abbrev  0x00003b5d      0x24a Src\stm32f4xx_hal_msp.o
 .debug_abbrev  0x00003da7      0x258 Src\stm32f4xx_hal_timebase_tim.o
 .debug_abbrev  0x00003fff      0x273 Src\stm32f4xx_it.o
 .debug_abbrev  0x00004272      0x1ca Src\system_stm32f4xx.o
 .debug_abbrev  0x0000443c       0x12 startup\startup_stm32f446xx.o

.debug_loc      0x00000000     0xbdc1
 .debug_loc     0x00000000      0x11b Drivers\STM32F4xx_HAL_Driver\Src\stm32f4xx_hal.o
 .debug_loc     0x0000011b      0x7c5 Drivers\STM32F4xx_HAL_Driver\Src\stm32f4xx_hal_adc.o
 .debug_loc     0x000008e0      0x7d1 Drivers\STM32F4xx_HAL_Driver\Src\stm32f4xx_hal_adc_ex.o
 .debug_loc     0x000010b1      0x4fb Drivers\STM32F4xx_HAL_Driver\Src\stm32f4xx_hal_cortex.o
 .debug_loc     0x000015ac      0x727 Drivers\STM32F4xx_HAL_Driver\Src\stm32f4xx_hal_dma.o
 .debug_loc     0x00001cd3      0x3cd Drivers\STM32F4xx_HAL_Driver\Src\stm32f4xx_hal_gpio.o
 .debug_loc     0x000020a0      0x336 Drivers\STM32F4xx_HAL_Driver\Src\stm32f4xx_hal_rcc.o
 .debug_loc     0x000023d6      0xa31 Drivers\STM32F4xx_HAL_Driver\Src\stm32f4xx_hal_rcc_ex.o
 .debug_loc     0x00002e07     0x30b2 Drivers\STM32F4xx_HAL_Driver\Src\stm32f4xx_hal_tim.o
 .debug_loc     0x00005eb9      0x84a Drivers\STM32F4xx_HAL_Driver\Src\stm32f4xx_hal_tim_ex.o
 .debug_loc     0x00006703     0x132c Drivers\STM32F4xx_HAL_Driver\Src\stm32f4xx_hal_uart.o
 .debug_loc     0x00007a2f     0x108d Middlewares\Third_Party\FreeRTOS\Source\CMSIS_RTOS\cmsis_os.o
 .debug_loc     0x00008abc       0x94 Middlewares\Third_Party\FreeRTOS\Source\list.o
 .debug_loc     0x00008b50       0xcf Middlewares\Third_Party\FreeRTOS\Source\portable\GCC\ARM_CM4F\port.o
 .debug_loc     0x00008c1f      0x390 Middlewares\Third_Party\FreeRTOS\Source\portable\MemMang\heap_4.o
 .debug_loc     0x00008faf      0xe67 Middlewares\Third_Party\FreeRTOS\Source\queue.o
 .debug_loc     0x00009e16     0x1a3f Middlewares\Third_Party\FreeRTOS\Source\tasks.o
 .debug_loc     0x0000b855      0x2bc Src\main.o
 .debug_loc     0x0000bb11       0xd1 Src\stm32f4xx_hal_msp.o
 .debug_loc     0x0000bbe2       0xa5 Src\stm32f4xx_hal_timebase_tim.o
 .debug_loc     0x0000bc87       0x1e Src\stm32f4xx_it.o
 .debug_loc     0x0000bca5      0x11c Src\system_stm32f4xx.o

.debug_aranges  0x00000000     0x1060
 .debug_aranges
                0x00000000       0xd8 Drivers\STM32F4xx_HAL_Driver\Src\stm32f4xx_hal.o
 .debug_aranges
                0x000000d8       0xb8 Drivers\STM32F4xx_HAL_Driver\Src\stm32f4xx_hal_adc.o
 .debug_aranges
                0x00000190       0x90 Drivers\STM32F4xx_HAL_Driver\Src\stm32f4xx_hal_adc_ex.o
 .debug_aranges
                0x00000220       0xa8 Drivers\STM32F4xx_HAL_Driver\Src\stm32f4xx_hal_cortex.o
 .debug_aranges
                0x000002c8       0x80 Drivers\STM32F4xx_HAL_Driver\Src\stm32f4xx_hal_dma.o
 .debug_aranges
                0x00000348       0x58 Drivers\STM32F4xx_HAL_Driver\Src\stm32f4xx_hal_gpio.o
 .debug_aranges
                0x000003a0       0x88 Drivers\STM32F4xx_HAL_Driver\Src\stm32f4xx_hal_rcc.o
 .debug_aranges
                0x00000428       0x78 Drivers\STM32F4xx_HAL_Driver\Src\stm32f4xx_hal_rcc_ex.o
 .debug_aranges
                0x000004a0      0x250 Drivers\STM32F4xx_HAL_Driver\Src\stm32f4xx_hal_tim.o
 .debug_aranges
                0x000006f0       0xf0 Drivers\STM32F4xx_HAL_Driver\Src\stm32f4xx_hal_tim_ex.o
 .debug_aranges
                0x000007e0      0x170 Drivers\STM32F4xx_HAL_Driver\Src\stm32f4xx_hal_uart.o
 .debug_aranges
                0x00000950      0x1a0 Middlewares\Third_Party\FreeRTOS\Source\CMSIS_RTOS\cmsis_os.o
 .debug_aranges
                0x00000af0       0x40 Middlewares\Third_Party\FreeRTOS\Source\list.o
 .debug_aranges
                0x00000b30       0x80 Middlewares\Third_Party\FreeRTOS\Source\portable\GCC\ARM_CM4F\port.o
 .debug_aranges
                0x00000bb0       0x48 Middlewares\Third_Party\FreeRTOS\Source\portable\MemMang\heap_4.o
 .debug_aranges
                0x00000bf8       0xd8 Middlewares\Third_Party\FreeRTOS\Source\queue.o
 .debug_aranges
                0x00000cd0      0x1d0 Middlewares\Third_Party\FreeRTOS\Source\tasks.o
 .debug_aranges
                0x00000ea0       0x28 Src\freertos.o
 .debug_aranges
                0x00000ec8       0x70 Src\main.o
 .debug_aranges
                0x00000f38       0x48 Src\stm32f4xx_hal_msp.o
 .debug_aranges
                0x00000f80       0x30 Src\stm32f4xx_hal_timebase_tim.o
 .debug_aranges
                0x00000fb0       0x60 Src\stm32f4xx_it.o
 .debug_aranges
                0x00001010       0x28 Src\system_stm32f4xx.o
 .debug_aranges
                0x00001038       0x28 startup\startup_stm32f446xx.o

.debug_ranges   0x00000000     0x14d8
 .debug_ranges  0x00000000       0xc8 Drivers\STM32F4xx_HAL_Driver\Src\stm32f4xx_hal.o
 .debug_ranges  0x000000c8       0xc8 Drivers\STM32F4xx_HAL_Driver\Src\stm32f4xx_hal_adc.o
 .debug_ranges  0x00000190       0x80 Drivers\STM32F4xx_HAL_Driver\Src\stm32f4xx_hal_adc_ex.o
 .debug_ranges  0x00000210      0x138 Drivers\STM32F4xx_HAL_Driver\Src\stm32f4xx_hal_cortex.o
 .debug_ranges  0x00000348       0xc8 Drivers\STM32F4xx_HAL_Driver\Src\stm32f4xx_hal_dma.o
 .debug_ranges  0x00000410       0x68 Drivers\STM32F4xx_HAL_Driver\Src\stm32f4xx_hal_gpio.o
 .debug_ranges  0x00000478       0xb0 Drivers\STM32F4xx_HAL_Driver\Src\stm32f4xx_hal_rcc.o
 .debug_ranges  0x00000528       0x80 Drivers\STM32F4xx_HAL_Driver\Src\stm32f4xx_hal_rcc_ex.o
 .debug_ranges  0x000005a8      0x330 Drivers\STM32F4xx_HAL_Driver\Src\stm32f4xx_hal_tim.o
 .debug_ranges  0x000008d8       0xe0 Drivers\STM32F4xx_HAL_Driver\Src\stm32f4xx_hal_tim_ex.o
 .debug_ranges  0x000009b8      0x178 Drivers\STM32F4xx_HAL_Driver\Src\stm32f4xx_hal_uart.o
 .debug_ranges  0x00000b30      0x190 Middlewares\Third_Party\FreeRTOS\Source\CMSIS_RTOS\cmsis_os.o
 .debug_ranges  0x00000cc0       0x30 Middlewares\Third_Party\FreeRTOS\Source\list.o
 .debug_ranges  0x00000cf0       0x88 Middlewares\Third_Party\FreeRTOS\Source\portable\GCC\ARM_CM4F\port.o
 .debug_ranges  0x00000d78       0x38 Middlewares\Third_Party\FreeRTOS\Source\portable\MemMang\heap_4.o
 .debug_ranges  0x00000db0      0x1b8 Middlewares\Third_Party\FreeRTOS\Source\queue.o
 .debug_ranges  0x00000f68      0x2d8 Middlewares\Third_Party\FreeRTOS\Source\tasks.o
 .debug_ranges  0x00001240       0x18 Src\freertos.o
 .debug_ranges  0x00001258      0x120 Src\main.o
 .debug_ranges  0x00001378       0x98 Src\stm32f4xx_hal_msp.o
 .debug_ranges  0x00001410       0x40 Src\stm32f4xx_hal_timebase_tim.o
 .debug_ranges  0x00001450       0x50 Src\stm32f4xx_it.o
 .debug_ranges  0x000014a0       0x18 Src\system_stm32f4xx.o
 .debug_ranges  0x000014b8       0x20 startup\startup_stm32f446xx.o

.debug_line     0x00000000     0x9466
 .debug_line    0x00000000      0x492 Drivers\STM32F4xx_HAL_Driver\Src\stm32f4xx_hal.o
 .debug_line    0x00000492      0x760 Drivers\STM32F4xx_HAL_Driver\Src\stm32f4xx_hal_adc.o
 .debug_line    0x00000bf2      0x63d Drivers\STM32F4xx_HAL_Driver\Src\stm32f4xx_hal_adc_ex.o
 .debug_line    0x0000122f      0x4dc Drivers\STM32F4xx_HAL_Driver\Src\stm32f4xx_hal_cortex.o
 .debug_line    0x0000170b      0x5f7 Drivers\STM32F4xx_HAL_Driver\Src\stm32f4xx_hal_dma.o
 .debug_line    0x00001d02      0x475 Drivers\STM32F4xx_HAL_Driver\Src\stm32f4xx_hal_gpio.o
 .debug_line    0x00002177      0x58b Drivers\STM32F4xx_HAL_Driver\Src\stm32f4xx_hal_rcc.o
 .debug_line    0x00002702      0x78a Drivers\STM32F4xx_HAL_Driver\Src\stm32f4xx_hal_rcc_ex.o
 .debug_line    0x00002e8c     0x117f Drivers\STM32F4xx_HAL_Driver\Src\stm32f4xx_hal_tim.o
 .debug_line    0x0000400b      0x6cb Drivers\STM32F4xx_HAL_Driver\Src\stm32f4xx_hal_tim_ex.o
 .debug_line    0x000046d6      0xbef Drivers\STM32F4xx_HAL_Driver\Src\stm32f4xx_hal_uart.o
 .debug_line    0x000052c5      0x8fc Middlewares\Third_Party\FreeRTOS\Source\CMSIS_RTOS\cmsis_os.o
 .debug_line    0x00005bc1      0x368 Middlewares\Third_Party\FreeRTOS\Source\list.o
 .debug_line    0x00005f29      0x349 Middlewares\Third_Party\FreeRTOS\Source\portable\GCC\ARM_CM4F\port.o
 .debug_line    0x00006272      0x415 Middlewares\Third_Party\FreeRTOS\Source\portable\MemMang\heap_4.o
 .debug_line    0x00006687      0x847 Middlewares\Third_Party\FreeRTOS\Source\queue.o
 .debug_line    0x00006ece      0xe0b Middlewares\Third_Party\FreeRTOS\Source\tasks.o
 .debug_line    0x00007cd9      0x2cf Src\freertos.o
 .debug_line    0x00007fa8      0x6b1 Src\main.o
 .debug_line    0x00008659      0x39b Src\stm32f4xx_hal_msp.o
 .debug_line    0x000089f4      0x328 Src\stm32f4xx_hal_timebase_tim.o
 .debug_line    0x00008d1c      0x456 Src\stm32f4xx_it.o
 .debug_line    0x00009172      0x275 Src\system_stm32f4xx.o
 .debug_line    0x000093e7       0x7f startup\startup_stm32f446xx.o

.debug_str      0x00000000     0x669f
 .debug_str     0x00000000      0xf57 Drivers\STM32F4xx_HAL_Driver\Src\stm32f4xx_hal.o
                               0x101d (size before relaxing)
 .debug_str     0x00000f57      0x682 Drivers\STM32F4xx_HAL_Driver\Src\stm32f4xx_hal_adc.o
                                0xdb7 (size before relaxing)
 .debug_str     0x000015d9      0x2df Drivers\STM32F4xx_HAL_Driver\Src\stm32f4xx_hal_adc_ex.o
                                0xe1a (size before relaxing)
 .debug_str     0x000018b8      0x3ba Drivers\STM32F4xx_HAL_Driver\Src\stm32f4xx_hal_cortex.o
                               0x10cf (size before relaxing)
 .debug_str     0x00001c72      0x2ef Drivers\STM32F4xx_HAL_Driver\Src\stm32f4xx_hal_dma.o
                                0xbea (size before relaxing)
 .debug_str     0x00001f61      0x1d3 Drivers\STM32F4xx_HAL_Driver\Src\stm32f4xx_hal_gpio.o
                                0x989 (size before relaxing)
 .debug_str     0x00002134      0x2ee Drivers\STM32F4xx_HAL_Driver\Src\stm32f4xx_hal_rcc.o
                                0xb61 (size before relaxing)
 .debug_str     0x00002422      0x347 Drivers\STM32F4xx_HAL_Driver\Src\stm32f4xx_hal_rcc_ex.o
                                0xc64 (size before relaxing)
 .debug_str     0x00002769      0xeda Drivers\STM32F4xx_HAL_Driver\Src\stm32f4xx_hal_tim.o
                               0x1829 (size before relaxing)
 .debug_str     0x00003643      0x50d Drivers\STM32F4xx_HAL_Driver\Src\stm32f4xx_hal_tim_ex.o
                               0x10e9 (size before relaxing)
 .debug_str     0x00003b50      0x6d6 Drivers\STM32F4xx_HAL_Driver\Src\stm32f4xx_hal_uart.o
                               0x1066 (size before relaxing)
 .debug_str     0x00004226      0xc1f Middlewares\Third_Party\FreeRTOS\Source\CMSIS_RTOS\cmsis_os.o
                               0x12f5 (size before relaxing)
 .debug_str     0x00004e45      0x159 Middlewares\Third_Party\FreeRTOS\Source\list.o
                                0x750 (size before relaxing)
 .debug_str     0x00004f9e      0x21e Middlewares\Third_Party\FreeRTOS\Source\portable\GCC\ARM_CM4F\port.o
                                0x47b (size before relaxing)
 .debug_str     0x000051bc      0x1e8 Middlewares\Third_Party\FreeRTOS\Source\portable\MemMang\heap_4.o
                                0x839 (size before relaxing)
 .debug_str     0x000053a4      0x4b2 Middlewares\Third_Party\FreeRTOS\Source\queue.o
                                0xd96 (size before relaxing)
 .debug_str     0x00005856      0x9d5 Middlewares\Third_Party\FreeRTOS\Source\tasks.o
                               0x15bd (size before relaxing)
 .debug_str     0x0000622b       0x28 Src\freertos.o
                                0xa8c (size before relaxing)
 .debug_str     0x00006253      0x2bf Src\main.o
                               0x1e04 (size before relaxing)
 .debug_str     0x00006512       0x2f Src\stm32f4xx_hal_msp.o
                               0x14f6 (size before relaxing)
 .debug_str     0x00006541       0x50 Src\stm32f4xx_hal_timebase_tim.o
                               0x1223 (size before relaxing)
 .debug_str     0x00006591       0xc9 Src\stm32f4xx_it.o
                                0xf0f (size before relaxing)
 .debug_str     0x0000665a       0x45 Src\system_stm32f4xx.o
                                0x7ed (size before relaxing)

.comment        0x00000000       0x7c
 .comment       0x00000000       0x7c Drivers\STM32F4xx_HAL_Driver\Src\stm32f4xx_hal.o
                                 0x7d (size before relaxing)
 .comment       0x0000007c       0x7d Drivers\STM32F4xx_HAL_Driver\Src\stm32f4xx_hal_adc.o
 .comment       0x0000007c       0x7d Drivers\STM32F4xx_HAL_Driver\Src\stm32f4xx_hal_adc_ex.o
 .comment       0x0000007c       0x7d Drivers\STM32F4xx_HAL_Driver\Src\stm32f4xx_hal_cortex.o
 .comment       0x0000007c       0x7d Drivers\STM32F4xx_HAL_Driver\Src\stm32f4xx_hal_dma.o
 .comment       0x0000007c       0x7d Drivers\STM32F4xx_HAL_Driver\Src\stm32f4xx_hal_gpio.o
 .comment       0x0000007c       0x7d Drivers\STM32F4xx_HAL_Driver\Src\stm32f4xx_hal_rcc.o
 .comment       0x0000007c       0x7d Drivers\STM32F4xx_HAL_Driver\Src\stm32f4xx_hal_rcc_ex.o
 .comment       0x0000007c       0x7d Drivers\STM32F4xx_HAL_Driver\Src\stm32f4xx_hal_tim.o
 .comment       0x0000007c       0x7d Drivers\STM32F4xx_HAL_Driver\Src\stm32f4xx_hal_tim_ex.o
 .comment       0x0000007c       0x7d Drivers\STM32F4xx_HAL_Driver\Src\stm32f4xx_hal_uart.o
 .comment       0x0000007c       0x7d Middlewares\Third_Party\FreeRTOS\Source\CMSIS_RTOS\cmsis_os.o
 .comment       0x0000007c       0x7d Middlewares\Third_Party\FreeRTOS\Source\list.o
 .comment       0x0000007c       0x7d Middlewares\Third_Party\FreeRTOS\Source\portable\GCC\ARM_CM4F\port.o
 .comment       0x0000007c       0x7d Middlewares\Third_Party\FreeRTOS\Source\portable\MemMang\heap_4.o
 .comment       0x0000007c       0x7d Middlewares\Third_Party\FreeRTOS\Source\queue.o
 .comment       0x0000007c       0x7d Middlewares\Third_Party\FreeRTOS\Source\tasks.o
 .comment       0x0000007c       0x7d Src\freertos.o
 .comment       0x0000007c       0x7d Src\main.o
 .comment       0x0000007c       0x7d Src\stm32f4xx_hal_msp.o
 .comment       0x0000007c       0x7d Src\stm32f4xx_hal_timebase_tim.o
 .comment       0x0000007c       0x7d Src\stm32f4xx_it.o
 .comment       0x0000007c       0x7d Src\system_stm32f4xx.o

.debug_frame    0x00000000     0x32b0
 .debug_frame   0x00000000      0x1d0 Drivers\STM32F4xx_HAL_Driver\Src\stm32f4xx_hal.o
 .debug_frame   0x000001d0      0x244 Drivers\STM32F4xx_HAL_Driver\Src\stm32f4xx_hal_adc.o
 .debug_frame   0x00000414      0x160 Drivers\STM32F4xx_HAL_Driver\Src\stm32f4xx_hal_adc_ex.o
 .debug_frame   0x00000574      0x158 Drivers\STM32F4xx_HAL_Driver\Src\stm32f4xx_hal_cortex.o
 .debug_frame   0x000006cc      0x150 Drivers\STM32F4xx_HAL_Driver\Src\stm32f4xx_hal_dma.o
 .debug_frame   0x0000081c       0xd8 Drivers\STM32F4xx_HAL_Driver\Src\stm32f4xx_hal_gpio.o
 .debug_frame   0x000008f4      0x13c Drivers\STM32F4xx_HAL_Driver\Src\stm32f4xx_hal_rcc.o
 .debug_frame   0x00000a30      0x150 Drivers\STM32F4xx_HAL_Driver\Src\stm32f4xx_hal_rcc_ex.o
 .debug_frame   0x00000b80      0x854 Drivers\STM32F4xx_HAL_Driver\Src\stm32f4xx_hal_tim.o
 .debug_frame   0x000013d4      0x330 Drivers\STM32F4xx_HAL_Driver\Src\stm32f4xx_hal_tim_ex.o
 .debug_frame   0x00001704      0x4a0 Drivers\STM32F4xx_HAL_Driver\Src\stm32f4xx_hal_uart.o
 .debug_frame   0x00001ba4      0x50c Middlewares\Third_Party\FreeRTOS\Source\CMSIS_RTOS\cmsis_os.o
 .debug_frame   0x000020b0       0x6c Middlewares\Third_Party\FreeRTOS\Source\list.o
 .debug_frame   0x0000211c       0xf0 Middlewares\Third_Party\FreeRTOS\Source\portable\GCC\ARM_CM4F\port.o
 .debug_frame   0x0000220c       0x98 Middlewares\Third_Party\FreeRTOS\Source\portable\MemMang\heap_4.o
 .debug_frame   0x000022a4      0x298 Middlewares\Third_Party\FreeRTOS\Source\queue.o
 .debug_frame   0x0000253c      0x614 Middlewares\Third_Party\FreeRTOS\Source\tasks.o
 .debug_frame   0x00002b50       0x30 Src\freertos.o
 .debug_frame   0x00002b80      0x128 Src\main.o
 .debug_frame   0x00002ca8       0xb0 Src\stm32f4xx_hal_msp.o
 .debug_frame   0x00002d58       0x54 Src\stm32f4xx_hal_timebase_tim.o
 .debug_frame   0x00002dac       0xb8 Src\stm32f4xx_it.o
 .debug_frame   0x00002e64       0x38 Src\system_stm32f4xx.o
 .debug_frame   0x00002e9c       0x2c c:/program files (x86)/atollic/truestudio for stm32 9.3.0/armtools/bin/../lib/gcc/arm-atollic-eabi/6.3.1/../../../../arm-atollic-eabi/lib/armv7e-m/fpu\libc_nano.a(lib_a-init.o)
 .debug_frame   0x00002ec8       0x28 c:/program files (x86)/atollic/truestudio for stm32 9.3.0/armtools/bin/../lib/gcc/arm-atollic-eabi/6.3.1/../../../../arm-atollic-eabi/lib/armv7e-m/fpu\libc_nano.a(lib_a-memcpy-stub.o)
 .debug_frame   0x00002ef0       0x20 c:/program files (x86)/atollic/truestudio for stm32 9.3.0/armtools/bin/../lib/gcc/arm-atollic-eabi/6.3.1/../../../../arm-atollic-eabi/lib/armv7e-m/fpu\libc_nano.a(lib_a-memset.o)
 .debug_frame   0x00002f10       0x70 c:/program files (x86)/atollic/truestudio for stm32 9.3.0/armtools/bin/../lib/gcc/arm-atollic-eabi/6.3.1/../../../../arm-atollic-eabi/lib/armv7e-m/fpu\libc_nano.a(lib_a-sprintf.o)
 .debug_frame   0x00002f80       0x20 c:/program files (x86)/atollic/truestudio for stm32 9.3.0/armtools/bin/../lib/gcc/arm-atollic-eabi/6.3.1/../../../../arm-atollic-eabi/lib/armv7e-m/fpu\libc_nano.a(lib_a-strcpy.o)
 .debug_frame   0x00002fa0       0x90 c:/program files (x86)/atollic/truestudio for stm32 9.3.0/armtools/bin/../lib/gcc/arm-atollic-eabi/6.3.1/../../../../arm-atollic-eabi/lib/armv7e-m/fpu\libc_nano.a(lib_a-nano-svfprintf.o)
 .debug_frame   0x00003030       0x60 c:/program files (x86)/atollic/truestudio for stm32 9.3.0/armtools/bin/../lib/gcc/arm-atollic-eabi/6.3.1/../../../../arm-atollic-eabi/lib/armv7e-m/fpu\libc_nano.a(lib_a-nano-vfprintf_i.o)
 .debug_frame   0x00003090       0x28 c:/program files (x86)/atollic/truestudio for stm32 9.3.0/armtools/bin/../lib/gcc/arm-atollic-eabi/6.3.1/../../../../arm-atollic-eabi/lib/armv7e-m/fpu\libc_nano.a(lib_a-memmove.o)
 .debug_frame   0x000030b8       0x38 c:/program files (x86)/atollic/truestudio for stm32 9.3.0/armtools/bin/../lib/gcc/arm-atollic-eabi/6.3.1/../../../../arm-atollic-eabi/lib/armv7e-m/fpu\libc_nano.a(lib_a-nano-freer.o)
 .debug_frame   0x000030f0       0x2c c:/program files (x86)/atollic/truestudio for stm32 9.3.0/armtools/bin/../lib/gcc/arm-atollic-eabi/6.3.1/../../../../arm-atollic-eabi/lib/armv7e-m/fpu\libc_nano.a(lib_a-nano-mallocr.o)
 .debug_frame   0x0000311c       0x3c c:/program files (x86)/atollic/truestudio for stm32 9.3.0/armtools/bin/../lib/gcc/arm-atollic-eabi/6.3.1/../../../../arm-atollic-eabi/lib/armv7e-m/fpu\libc_nano.a(lib_a-nano-reallocr.o)
 .debug_frame   0x00003158       0x2c c:/program files (x86)/atollic/truestudio for stm32 9.3.0/armtools/bin/../lib/gcc/arm-atollic-eabi/6.3.1/../../../../arm-atollic-eabi/lib/armv7e-m/fpu\libc_nano.a(lib_a-sbrkr.o)
 .debug_frame   0x00003184       0x30 c:/program files (x86)/atollic/truestudio for stm32 9.3.0/armtools/bin/../lib/gcc/arm-atollic-eabi/6.3.1/../../../../arm-atollic-eabi/lib/armv7e-m/fpu\libc_nano.a(lib_a-mlock.o)
 .debug_frame   0x000031b4       0x20 c:/program files (x86)/atollic/truestudio for stm32 9.3.0/armtools/bin/../lib/gcc/arm-atollic-eabi/6.3.1/../../../../arm-atollic-eabi/lib/armv7e-m/fpu\libc_nano.a(lib_a-nano-msizer.o)
 .debug_frame   0x000031d4       0x5c c:/program files (x86)/atollic/truestudio for stm32 9.3.0/armtools/bin/../lib/gcc/arm-atollic-eabi/6.3.1/../../../../arm-atollic-eabi/lib/armv7e-m/fpu\libc_nano.a(lib_a-reent.o)
 .debug_frame   0x00003230       0x2c c:/program files (x86)/atollic/truestudio for stm32 9.3.0/armtools/bin/../lib/gcc/arm-atollic-eabi/6.3.1/armv7e-m/fpu\libgcc.a(_aeabi_uldivmod.o)
 .debug_frame   0x0000325c       0x34 c:/program files (x86)/atollic/truestudio for stm32 9.3.0/armtools/bin/../lib/gcc/arm-atollic-eabi/6.3.1/armv7e-m/fpu\libgcc.a(_udivmoddi4.o)
 .debug_frame   0x00003290       0x20 c:/program files (x86)/atollic/truestudio for stm32 9.3.0/armtools/bin/../lib/gcc/arm-atollic-eabi/6.3.1/../../../../arm-atollic-eabi/lib/armv7e-m/fpu\libnosys.a(sbrk.o)
